Archive member included because of file (symbol)

bin/core/core.a(wiring.o)     bin/tc02/DEBUG/obj/gsl_systemLoad.o (millis)
bin/core/core.a(wiring_digital.o)
                              bin/tc02/DEBUG/obj/tc02_oneTask.o (pinMode)
bin/core/core.a(HardwareSerial.o)
                              bin/tc02/DEBUG/obj/gsl_systemLoad.o (Serial)
bin/core/core.a(new.o)        bin/core/core.a(HardwareSerial.o) (__cxa_pure_virtual)
bin/core/core.a(Print.o)      bin/core/core.a(HardwareSerial.o) (Print::write(unsigned char const*, unsigned int))
bin/core/core.a(WString.o)    bin/core/core.a(Print.o) (String::operator[](unsigned int) const)
/Applications/Arduino.app/Contents/Resources/Java/hardware/tools/avr/bin/../lib/gcc/avr/4.3.2/../../../../avr/lib/avr6/libm.a(addsf3.o)
                              bin/core/core.a(Print.o) (__subsf3)
/Applications/Arduino.app/Contents/Resources/Java/hardware/tools/avr/bin/../lib/gcc/avr/4.3.2/../../../../avr/lib/avr6/libm.a(addsf3x.o)
                              /Applications/Arduino.app/Contents/Resources/Java/hardware/tools/avr/bin/../lib/gcc/avr/4.3.2/../../../../avr/lib/avr6/libm.a(addsf3.o) (__addsf3x)
/Applications/Arduino.app/Contents/Resources/Java/hardware/tools/avr/bin/../lib/gcc/avr/4.3.2/../../../../avr/lib/avr6/libm.a(cmpsf2.o)
                              bin/core/core.a(Print.o) (__ltsf2)
/Applications/Arduino.app/Contents/Resources/Java/hardware/tools/avr/bin/../lib/gcc/avr/4.3.2/../../../../avr/lib/avr6/libm.a(divsf3.o)
                              bin/core/core.a(Print.o) (__divsf3)
/Applications/Arduino.app/Contents/Resources/Java/hardware/tools/avr/bin/../lib/gcc/avr/4.3.2/../../../../avr/lib/avr6/libm.a(divsf3x.o)
                              /Applications/Arduino.app/Contents/Resources/Java/hardware/tools/avr/bin/../lib/gcc/avr/4.3.2/../../../../avr/lib/avr6/libm.a(divsf3.o) (__divsf3x)
/Applications/Arduino.app/Contents/Resources/Java/hardware/tools/avr/bin/../lib/gcc/avr/4.3.2/../../../../avr/lib/avr6/libm.a(fixsfsi.o)
                              bin/core/core.a(Print.o) (__fixsfsi)
/Applications/Arduino.app/Contents/Resources/Java/hardware/tools/avr/bin/../lib/gcc/avr/4.3.2/../../../../avr/lib/avr6/libm.a(fixunssfsi.o)
                              bin/core/core.a(Print.o) (__fixunssfsi)
/Applications/Arduino.app/Contents/Resources/Java/hardware/tools/avr/bin/../lib/gcc/avr/4.3.2/../../../../avr/lib/avr6/libm.a(floatsisf.o)
                              bin/tc02/DEBUG/obj/tc02_oneTask.o (__floatunsisf)
/Applications/Arduino.app/Contents/Resources/Java/hardware/tools/avr/bin/../lib/gcc/avr/4.3.2/../../../../avr/lib/avr6/libm.a(fp_cmp.o)
                              /Applications/Arduino.app/Contents/Resources/Java/hardware/tools/avr/bin/../lib/gcc/avr/4.3.2/../../../../avr/lib/avr6/libm.a(cmpsf2.o) (__fp_cmp)
/Applications/Arduino.app/Contents/Resources/Java/hardware/tools/avr/bin/../lib/gcc/avr/4.3.2/../../../../avr/lib/avr6/libm.a(fp_inf.o)
                              /Applications/Arduino.app/Contents/Resources/Java/hardware/tools/avr/bin/../lib/gcc/avr/4.3.2/../../../../avr/lib/avr6/libm.a(addsf3x.o) (__fp_inf)
/Applications/Arduino.app/Contents/Resources/Java/hardware/tools/avr/bin/../lib/gcc/avr/4.3.2/../../../../avr/lib/avr6/libm.a(fp_nan.o)
                              /Applications/Arduino.app/Contents/Resources/Java/hardware/tools/avr/bin/../lib/gcc/avr/4.3.2/../../../../avr/lib/avr6/libm.a(addsf3x.o) (__fp_nan)
/Applications/Arduino.app/Contents/Resources/Java/hardware/tools/avr/bin/../lib/gcc/avr/4.3.2/../../../../avr/lib/avr6/libm.a(fp_pscA.o)
                              /Applications/Arduino.app/Contents/Resources/Java/hardware/tools/avr/bin/../lib/gcc/avr/4.3.2/../../../../avr/lib/avr6/libm.a(addsf3x.o) (__fp_pscA)
/Applications/Arduino.app/Contents/Resources/Java/hardware/tools/avr/bin/../lib/gcc/avr/4.3.2/../../../../avr/lib/avr6/libm.a(fp_pscB.o)
                              /Applications/Arduino.app/Contents/Resources/Java/hardware/tools/avr/bin/../lib/gcc/avr/4.3.2/../../../../avr/lib/avr6/libm.a(addsf3x.o) (__fp_pscB)
/Applications/Arduino.app/Contents/Resources/Java/hardware/tools/avr/bin/../lib/gcc/avr/4.3.2/../../../../avr/lib/avr6/libm.a(fp_round.o)
                              /Applications/Arduino.app/Contents/Resources/Java/hardware/tools/avr/bin/../lib/gcc/avr/4.3.2/../../../../avr/lib/avr6/libm.a(addsf3.o) (__fp_round)
/Applications/Arduino.app/Contents/Resources/Java/hardware/tools/avr/bin/../lib/gcc/avr/4.3.2/../../../../avr/lib/avr6/libm.a(fp_split3.o)
                              /Applications/Arduino.app/Contents/Resources/Java/hardware/tools/avr/bin/../lib/gcc/avr/4.3.2/../../../../avr/lib/avr6/libm.a(addsf3x.o) (__fp_split3)
/Applications/Arduino.app/Contents/Resources/Java/hardware/tools/avr/bin/../lib/gcc/avr/4.3.2/../../../../avr/lib/avr6/libm.a(fp_zero.o)
[...]
Memory Configuration

Name             Origin             Length             Attributes
text             0x00000000         0x00100000         xr
data             0x00800200         0x0000fe00         rw !x
eeprom           0x00810000         0x00010000         rw !x
fuse             0x00820000         0x00000400         rw !x
lock             0x00830000         0x00000400         rw !x
signature        0x00840000         0x00000400         rw !x
*default*        0x00000000         0xffffffff

Linker script and memory map

Address of section .data set to 0x800200
LOAD /Applications/Arduino.app/Contents/Resources/Java/hardware/tools/avr/bin/../lib/gcc/avr/4.3.2/../../../../avr/lib/avr6/crtm2560.o
START GROUP
LOAD bin/core/core.a
LOAD bin/tc02/DEBUG/obj/gsl_systemLoad.o
LOAD bin/tc02/DEBUG/obj/main.o
LOAD bin/tc02/DEBUG/obj/rtos.o
LOAD bin/tc02/DEBUG/obj/tc02_oneTask.o
END GROUP
LOAD /Applications/Arduino.app/Contents/Resources/Java/hardware/tools/avr/bin/../lib/gcc/avr/4.3.2/../../../../avr/lib/avr6/libm.a
LOAD /Applications/Arduino.app/Contents/Resources/Java/hardware/tools/avr/bin/../lib/gcc/avr/4.3.2/avr6/libgcc.a
LOAD /Applications/Arduino.app/Contents/Resources/Java/hardware/tools/avr/bin/../lib/gcc/avr/4.3.2/../../../../avr/lib/avr6/libc.a
LOAD /Applications/Arduino.app/Contents/Resources/Java/hardware/tools/avr/bin/../lib/gcc/avr/4.3.2/avr6/libgcc.a

.hash
 *(.hash)

.dynsym
 *(.dynsym)

.dynstr
 *(.dynstr)

.gnu.version
 *(.gnu.version)

.gnu.version_d
 *(.gnu.version_d)

.gnu.version_r
 *(.gnu.version_r)

.rel.init
 *(.rel.init)

.rela.init
 *(.rela.init)

.rel.text
 *(.rel.text)
 *(.rel.text.*)
 *(.rel.gnu.linkonce.t*)

.rela.text
 *(.rela.text)
 *(.rela.text.*)
 *(.rela.gnu.linkonce.t*)

.rel.fini
 *(.rel.fini)

.rela.fini
 *(.rela.fini)

.rel.rodata
 *(.rel.rodata)
 *(.rel.rodata.*)
 *(.rel.gnu.linkonce.r*)

.rela.rodata
 *(.rela.rodata)
 *(.rela.rodata.*)
 *(.rela.gnu.linkonce.r*)

.rel.data
 *(.rel.data)
 *(.rel.data.*)
 *(.rel.gnu.linkonce.d*)

.rela.data
 *(.rela.data)
 *(.rela.data.*)
 *(.rela.gnu.linkonce.d*)

.rel.ctors
 *(.rel.ctors)

.rela.ctors
 *(.rela.ctors)

.rel.dtors
 *(.rel.dtors)

.rela.dtors
 *(.rela.dtors)

.rel.got
 *(.rel.got)

.rela.got
 *(.rela.got)

.rel.bss
 *(.rel.bss)

.rela.bss
 *(.rela.bss)

.rel.plt
 *(.rel.plt)

.rela.plt
 *(.rela.plt)

.text           0x00000000     0x255a
 *(.vectors)
 .vectors       0x00000000       0xe4 /Applications/Arduino.app/Contents/Resources/Java/hardware/tools/avr/bin/../lib/gcc/avr/4.3.2/../../../../avr/lib/avr6/crtm2560.o
                0x00000000                __vectors
                0x00000000                __vector_default
 *(.vectors)
 *(.progmem.gcc*)
 *(.progmem*)
 .progmem.data  0x000000e4      0x120 bin/core/core.a(wiring_digital.o)
                0x000000e4                port_to_mode_PGM
                0x00000132                digital_pin_to_port_PGM
                0x00000178                digital_pin_to_bit_mask_PGM
                0x000000fe                port_to_output_PGM
                0x00000118                port_to_input_PGM
                0x000001be                digital_pin_to_timer_PGM
                0x00000204                . = ALIGN (0x2)
                0x00000204                __trampolines_start = .
 *(.trampolines)
 .trampolines   0x00000204        0x0 linker stubs
 *(.trampolines*)
                0x00000204                __trampolines_end = .
 *(.jumptables)
 *(.jumptables*)
 *(.lowtext)
 *(.lowtext*)
                0x00000204                __ctors_start = .
 *(.ctors)
 .ctors         0x00000204        0x2 bin/core/core.a(HardwareSerial.o)
                0x00000206                __ctors_end = .
                0x00000206                __dtors_start = .
 *(.dtors)
                0x00000206                __dtors_end = .
 SORT(*)(.ctors)
 SORT(*)(.dtors)
 *(.init0)
 .init0         0x00000206        0x0 /Applications/Arduino.app/Contents/Resources/Java/hardware/tools/avr/bin/../lib/gcc/avr/4.3.2/../../../../avr/lib/avr6/crtm2560.o
                0x00000206                __init
 *(.init0)
 *(.init1)
 *(.init1)
 *(.init2)
 .init2         0x00000206       0x10 /Applications/Arduino.app/Contents/Resources/Java/hardware/tools/avr/bin/../lib/gcc/avr/4.3.2/../../../../avr/lib/avr6/crtm2560.o
 *(.init2)
 *(.init3)
 *(.init3)
 *(.init4)
 .init4         0x00000216       0x1c /Applications/Arduino.app/Contents/Resources/Java/hardware/tools/avr/bin/../lib/gcc/avr/4.3.2/../../../../avr/lib/avr6/crtm2560.o
                0x00000216                __do_copy_data
 .init4         0x00000232       0x10 /Applications/Arduino.app/Contents/Resources/Java/hardware/tools/avr/bin/../lib/gcc/avr/4.3.2/avr6/libgcc.a(_clear_bss.o)
                0x00000232                __do_clear_bss
 *(.init4)
 *(.init5)
 *(.init5)
 *(.init6)
 .init6         0x00000242       0x16 /Applications/Arduino.app/Contents/Resources/Java/hardware/tools/avr/bin/../lib/gcc/avr/4.3.2/avr6/libgcc.a(_ctors.o)
                0x00000242                __do_global_ctors
 *(.init6)
 *(.init7)
 *(.init7)
 *(.init8)
 *(.init8)
 *(.init9)
 .init9         0x00000258        0x6 /Applications/Arduino.app/Contents/Resources/Java/hardware/tools/avr/bin/../lib/gcc/avr/4.3.2/../../../../avr/lib/avr6/crtm2560.o
 *(.init9)
 *(.text)
 .text          0x0000025e        0x2 /Applications/Arduino.app/Contents/Resources/Java/hardware/tools/avr/bin/../lib/gcc/avr/4.3.2/../../../../avr/lib/avr6/crtm2560.o
                0x0000025e                __vector_38
                0x0000025e                __vector_22
                0x0000025e                __vector_28
                0x0000025e                __vector_1
                0x0000025e                __vector_32
                0x0000025e                __vector_34
                0x0000025e                __vector_24
                0x0000025e                __vector_12
                0x0000025e                __vector_46
                0x0000025e                __bad_interrupt
                0x0000025e                __vector_6
                0x0000025e                __vector_31
                0x0000025e                __vector_35
                0x0000025e                __vector_39
                0x0000025e                __vector_3
                0x0000025e                __vector_30
                0x0000025e                __vector_45
                0x0000025e                __vector_11
                0x0000025e                __vector_13
                0x0000025e                __vector_17
                0x0000025e                __vector_19
                0x0000025e                __vector_56
                0x0000025e                __vector_7
                0x0000025e                __vector_49
                0x0000025e                __vector_41
                0x0000025e                __vector_43
                0x0000025e                __vector_27
                0x0000025e                __vector_5
                0x0000025e                __vector_33
                0x0000025e                __vector_47
                0x0000025e                __vector_4
                0x0000025e                __vector_44
                0x0000025e                __vector_9
                0x0000025e                __vector_2
                0x0000025e                __vector_21
                0x0000025e                __vector_29
                0x0000025e                __vector_40
                0x0000025e                __vector_8
                0x0000025e                __vector_48
                0x0000025e                __vector_14
                0x0000025e                __vector_53
                0x0000025e                __vector_10
                0x0000025e                __vector_50
                0x0000025e                __vector_16
                0x0000025e                __vector_18
                0x0000025e                __vector_20
                0x0000025e                __vector_42
                0x00000260                . = ALIGN (0x2)
 *(.text.*)
 .text._Z17gsl_getSystemLoadv
                0x00000260      0x14e bin/tc02/DEBUG/obj/gsl_systemLoad.o
                0x00000260                gsl_getSystemLoad()
 .text.main     0x000003ae        0xa bin/tc02/DEBUG/obj/main.o
                0x000003ae                main
 .text._Z22rtos_enableIRQTimerTicv
                0x000003b8        0xc bin/tc02/DEBUG/obj/rtos.o
                0x000003b8                rtos_enableIRQTimerTic()
 .text._ZL12waitForEventjhh
                0x000003c4      0x226 bin/tc02/DEBUG/obj/rtos.o
 .text._Z17rtos_waitForEventjhh
                0x000005ea       0xf8 bin/tc02/DEBUG/obj/rtos.o
                0x000005ea                rtos_waitForEvent(unsigned int, unsigned char, unsigned char)
 .text._Z13rtos_initRTOSv
                0x000006e2      0x19a bin/tc02/DEBUG/obj/rtos.o
                0x000006e2                rtos_initRTOS()
 .text._Z19rtos_initializeTaskhPFvjEhPhjjhh
                0x0000087c      0x1dc bin/tc02/DEBUG/obj/rtos.o
                0x0000087c                rtos_initializeTask(unsigned char, void (*)(unsigned int), unsigned char, unsigned char*, unsigned int, unsigned int, unsigned char, unsigned char)
 .text._ZL10onTimerTicv
                0x00000a58      0x1c8 bin/tc02/DEBUG/obj/rtos.o
 .text.__vector_15
                0x00000c20       0xfe bin/tc02/DEBUG/obj/rtos.o
                0x00000c20                __vector_15
 .text.loop     0x00000d1e       0x72 bin/tc02/DEBUG/obj/tc02_oneTask.o
                0x00000d1e                loop
 .text.setup    0x00000d90       0x58 bin/tc02/DEBUG/obj/tc02_oneTask.o
                0x00000d90                setup
 .text._ZL14task01_class00j
                0x00000de8      0x162 bin/tc02/DEBUG/obj/tc02_oneTask.o
 .text.__vector_23
                0x00000f4a       0x90 bin/core/core.a(wiring.o)
                0x00000f4a                __vector_23
 .text.millis   0x00000fda       0x1c bin/core/core.a(wiring.o)
                0x00000fda                millis
 .text.delay    0x00000ff6       0xb2 bin/core/core.a(wiring.o)
                0x00000ff6                delay
 .text.delayMicroseconds
                0x000010a8       0x14 bin/core/core.a(wiring.o)
                0x000010a8                delayMicroseconds
 .text.init     0x000010bc       0xc4 bin/core/core.a(wiring.o)
                0x000010bc                init
 .text.pinMode  0x00001180       0x7e bin/core/core.a(wiring_digital.o)
                0x00001180                pinMode
 .text._ZL10turnOffPWMh
                0x000011fe       0xe8 bin/core/core.a(wiring_digital.o)
 .text.digitalWrite
                0x000012e6       0x64 bin/core/core.a(wiring_digital.o)
                0x000012e6                digitalWrite
 .text.__vector_25
                0x0000134a       0x7e bin/core/core.a(HardwareSerial.o)
                0x0000134a                __vector_25
 .text.__vector_36
                0x000013c8       0x7e bin/core/core.a(HardwareSerial.o)
                0x000013c8                __vector_36
 .text.__vector_51
                0x00001446       0x7e bin/core/core.a(HardwareSerial.o)
                0x00001446                __vector_51
 .text.__vector_54
                0x000014c4       0x7e bin/core/core.a(HardwareSerial.o)
                0x000014c4                __vector_54
 .text.__vector_26
                0x00001542       0x7e bin/core/core.a(HardwareSerial.o)
                0x00001542                __vector_26
 .text.__vector_37
                0x000015c0       0x7e bin/core/core.a(HardwareSerial.o)
                0x000015c0                __vector_37
 .text.__vector_52
                0x0000163e       0x7e bin/core/core.a(HardwareSerial.o)
                0x0000163e                __vector_52
 .text.__vector_55
                0x000016bc       0x7e bin/core/core.a(HardwareSerial.o)
                0x000016bc                __vector_55
 .text._ZN14HardwareSerial5beginEm
                0x0000173a      0x10c bin/core/core.a(HardwareSerial.o)
                0x0000173a                HardwareSerial::begin(unsigned long)
 .text._ZN14HardwareSerial9availableEv
                0x00001846       0x22 bin/core/core.a(HardwareSerial.o)
                0x00001846                HardwareSerial::available()
 .text._ZN14HardwareSerial4peekEv
                0x00001868       0x40 bin/core/core.a(HardwareSerial.o)
                0x00001868                HardwareSerial::peek()
 .text._ZN14HardwareSerial4readEv
                0x000018a8       0x52 bin/core/core.a(HardwareSerial.o)
                0x000018a8                HardwareSerial::read()
 .text._ZN14HardwareSerial5flushEv
                0x000018fa       0x20 bin/core/core.a(HardwareSerial.o)
                0x000018fa                HardwareSerial::flush()
 .text._ZN14HardwareSerial5writeEh
                0x0000191a       0x80 bin/core/core.a(HardwareSerial.o)
                0x0000191a                HardwareSerial::write(unsigned char)
 .text._GLOBAL__I_rx_buffer
                0x0000199a      0x26c bin/core/core.a(HardwareSerial.o)
 .text._ZN5Print5writeEPKhj
                0x00001c06       0x54 bin/core/core.a(Print.o)
                0x00001c06                Print::write(unsigned char const*, unsigned int)
 .text._ZN5Print7printlnEv
                0x00001c5a       0x40 bin/core/core.a(Print.o)
                0x00001c5a                Print::println()
 .text._ZN5Print5writeEPKc
                0x00001c9a       0x38 bin/core/core.a(Print.o)
                0x00001c9a                Print::write(char const*)
 .text._ZN5Print11printNumberEmh
                0x00001cd2       0xc2 bin/core/core.a(Print.o)
                0x00001cd2                Print::printNumber(unsigned long, unsigned char)
 .text._ZN5Print5printEmi
                0x00001d94       0x1a bin/core/core.a(Print.o)
                0x00001d94                Print::print(unsigned long, int)
 .text._ZN5Print7printlnEji
                0x00001dae       0x36 bin/core/core.a(Print.o)
                0x00001dae                Print::println(unsigned int, int)
 .text._ZN5Print5printEli
                0x00001de4       0x7c bin/core/core.a(Print.o)
                0x00001de4                Print::print(long, int)
 .text._ZN5Print5printEii
                0x00001e60       0x24 bin/core/core.a(Print.o)
                0x00001e60                Print::print(int, int)
 .text._ZN5Print7printlnEii
                0x00001e84       0x3a bin/core/core.a(Print.o)
                0x00001e84                Print::println(int, int)
 .text._ZN5Print5printEPKc
                0x00001ebe        0x4 bin/core/core.a(Print.o)
                0x00001ebe                Print::print(char const*)
 .text._ZN5Print10printFloatEdh
                0x00001ec2      0x1a2 bin/core/core.a(Print.o)
                0x00001ec2                Print::printFloat(double, unsigned char)
 .text._ZN5Print5printEdi
                0x00002064        0x4 bin/core/core.a(Print.o)
                0x00002064                Print::print(double, int)
 .text._ZN5Print7printlnEPKc
                0x00002068       0x22 bin/core/core.a(Print.o)
                0x00002068                Print::println(char const*)
 .text.fplib    0x0000208a        0xa /Applications/Arduino.app/Contents/Resources/Java/hardware/tools/avr/bin/../lib/gcc/avr/4.3.2/../../../../avr/lib/avr6/libm.a(addsf3.o)
                0x0000208a                __subsf3
                0x0000208c                __addsf3
 .text.fplib    0x00002094       0xc0 /Applications/Arduino.app/Contents/Resources/Java/hardware/tools/avr/bin/../lib/gcc/avr/4.3.2/../../../../avr/lib/avr6/libm.a(addsf3x.o)
                0x000020ae                __addsf3x
 .text.fplib    0x00002154        0x8 /Applications/Arduino.app/Contents/Resources/Java/hardware/tools/avr/bin/../lib/gcc/avr/4.3.2/../../../../avr/lib/avr6/libm.a(cmpsf2.o)
                0x00002154                __lesf2
                0x00002154                __nesf2
                0x00002154                __eqsf2
                0x00002154                __cmpsf2
                0x00002154                __ltsf2
 .text.fplib    0x0000215c        0x4 /Applications/Arduino.app/Contents/Resources/Java/hardware/tools/avr/bin/../lib/gcc/avr/4.3.2/../../../../avr/lib/avr6/libm.a(divsf3.o)
                0x0000215c                __divsf3
 .text.fplib    0x00002160       0xcc /Applications/Arduino.app/Contents/Resources/Java/hardware/tools/avr/bin/../lib/gcc/avr/4.3.2/../../../../avr/lib/avr6/libm.a(divsf3x.o)
                0x00002176                __divsf3x
                0x0000217a                __divsf3_pse
 .text.fplib    0x0000222c        0xa /Applications/Arduino.app/Contents/Resources/Java/hardware/tools/avr/bin/../lib/gcc/avr/4.3.2/../../../../avr/lib/avr6/libm.a(fixsfsi.o)
                0x0000222c                __fixsfsi
 .text.fplib    0x00002236       0x58 /Applications/Arduino.app/Contents/Resources/Java/hardware/tools/avr/bin/../lib/gcc/avr/4.3.2/../../../../avr/lib/avr6/libm.a(fixunssfsi.o)
                0x00002236                __fixunssfsi
 .text.fplib    0x0000228e       0x7a /Applications/Arduino.app/Contents/Resources/Java/hardware/tools/avr/bin/../lib/gcc/avr/4.3.2/../../../../avr/lib/avr6/libm.a(floatsisf.o)
                0x00002292                __floatsisf
                0x0000228e                __floatunsisf
 .text.fplib    0x00002308       0x48 /Applications/Arduino.app/Contents/Resources/Java/hardware/tools/avr/bin/../lib/gcc/avr/4.3.2/../../../../avr/lib/avr6/libm.a(fp_cmp.o)
                0x00002308                __fp_cmp
 .text.fplib    0x00002350        0xc /Applications/Arduino.app/Contents/Resources/Java/hardware/tools/avr/bin/../lib/gcc/avr/4.3.2/../../../../avr/lib/avr6/libm.a(fp_inf.o)
                0x00002350                __fp_inf
 .text.fplib    0x0000235c        0x6 /Applications/Arduino.app/Contents/Resources/Java/hardware/tools/avr/bin/../lib/gcc/avr/4.3.2/../../../../avr/lib/avr6/libm.a(fp_nan.o)
                0x0000235c                __fp_nan
 .text.fplib    0x00002362        0xe /Applications/Arduino.app/Contents/Resources/Java/hardware/tools/avr/bin/../lib/gcc/avr/4.3.2/../../../../avr/lib/avr6/libm.a(fp_pscA.o)
                0x00002362                __fp_pscA
 .text.fplib    0x00002370        0xe /Applications/Arduino.app/Contents/Resources/Java/hardware/tools/avr/bin/../lib/gcc/avr/4.3.2/../../../../avr/lib/avr6/libm.a(fp_pscB.o)
                0x00002370                __fp_pscB
 .text.fplib    0x0000237e       0x22 /Applications/Arduino.app/Contents/Resources/Java/hardware/tools/avr/bin/../lib/gcc/avr/4.3.2/../../../../avr/lib/avr6/libm.a(fp_round.o)
                0x0000237e                __fp_round
 .text.fplib    0x000023a0       0x44 /Applications/Arduino.app/Contents/Resources/Java/hardware/tools/avr/bin/../lib/gcc/avr/4.3.2/../../../../avr/lib/avr6/libm.a(fp_split3.o)
                0x000023a0                __fp_split3
                0x000023b0                __fp_splitA
 .text.fplib    0x000023e4        0xe /Applications/Arduino.app/Contents/Resources/Java/hardware/tools/avr/bin/../lib/gcc/avr/4.3.2/../../../../avr/lib/avr6/libm.a(fp_zero.o)
                0x000023e4                __fp_zero
                0x000023e6                __fp_szero
 .text.fplib    0x000023f2        0x8 /Applications/Arduino.app/Contents/Resources/Java/hardware/tools/avr/bin/../lib/gcc/avr/4.3.2/../../../../avr/lib/avr6/libm.a(gesf2.o)
                0x000023f2                __gtsf2
                0x000023f2                __gesf2
 .text.fplib    0x000023fa        0x4 /Applications/Arduino.app/Contents/Resources/Java/hardware/tools/avr/bin/../lib/gcc/avr/4.3.2/../../../../avr/lib/avr6/libm.a(mulsf3.o)
                0x000023fa                __mulsf3
 .text.fplib    0x000023fe       0xc2 /Applications/Arduino.app/Contents/Resources/Java/hardware/tools/avr/bin/../lib/gcc/avr/4.3.2/../../../../avr/lib/avr6/libm.a(mulsf3x.o)
                0x00002416                __mulsf3_pse
                0x00002412                __mulsf3x
 .text.fplib    0x000024c0        0x8 /Applications/Arduino.app/Contents/Resources/Java/hardware/tools/avr/bin/../lib/gcc/avr/4.3.2/../../../../avr/lib/avr6/libm.a(unordsf2.o)
                0x000024c0                __unordsf2
 .text.libgcc   0x000024c8       0x3e /Applications/Arduino.app/Contents/Resources/Java/hardware/tools/avr/bin/../lib/gcc/avr/4.3.2/avr6/libgcc.a(_mulsi3.o)
                0x000024c8                __mulsi3
 .text.libgcc   0x00002506       0x44 /Applications/Arduino.app/Contents/Resources/Java/hardware/tools/avr/bin/../lib/gcc/avr/4.3.2/avr6/libgcc.a(_udivmodsi4.o)
                0x00002506                __udivmodsi4
 .text.libgcc   0x0000254a        0xc /Applications/Arduino.app/Contents/Resources/Java/hardware/tools/avr/bin/../lib/gcc/avr/4.3.2/avr6/libgcc.a(_tablejump.o)
                0x0000254e                __tablejump__
                0x0000254a                __tablejump2__
                0x00002556                . = ALIGN (0x2)
 *(.fini9)
 .fini9         0x00002556        0x0 /Applications/Arduino.app/Contents/Resources/Java/hardware/tools/avr/bin/../lib/gcc/avr/4.3.2/avr6/libgcc.a(_exit.o)
                0x00002556                exit
                0x00002556                _exit
 *(.fini9)
 *(.fini8)
 *(.fini8)
 *(.fini7)
 *(.fini7)
 *(.fini6)
 *(.fini6)
 *(.fini5)
 *(.fini5)
 *(.fini4)
 *(.fini4)
 *(.fini3)
 *(.fini3)
 *(.fini2)
 *(.fini2)
 *(.fini1)
 *(.fini1)
 *(.fini0)
 .fini0         0x00002556        0x4 /Applications/Arduino.app/Contents/Resources/Java/hardware/tools/avr/bin/../lib/gcc/avr/4.3.2/avr6/libgcc.a(_exit.o)
 *(.fini0)
                0x0000255a                _etext = .

.data           0x00800200      0x21e load address 0x0000255a
                0x00800200                PROVIDE (__data_start, .)
 *(.data)
 .data          0x00800200       0x3b bin/tc02/DEBUG/obj/gsl_systemLoad.o
 .data          0x0080023b       0x31 bin/tc02/DEBUG/obj/rtos.o
 .data          0x0080026c      0x190 bin/tc02/DEBUG/obj/tc02_oneTask.o
 .data          0x008003fc        0xe bin/core/core.a(Print.o)
 *(.data*)
 .data._ZL5_time
                0x0080040a        0x1 bin/tc02/DEBUG/obj/rtos.o
 .data._ZL12_pActiveTask
                0x0080040b        0x2 bin/tc02/DEBUG/obj/rtos.o
 .data._ZL8_cpuLoad
                0x0080040d        0x1 bin/tc02/DEBUG/obj/tc02_oneTask.o
 *(.rodata)
 *(.rodata*)
 .rodata._ZTV14HardwareSerial
                0x0080040e       0x10 bin/core/core.a(HardwareSerial.o)
                0x0080040e                vtable for HardwareSerial
 *(.gnu.linkonce.d*)
                0x0080041e                . = ALIGN (0x2)
                0x0080041e                _edata = .
                0x0080041e                PROVIDE (__data_end, .)

.bss            0x0080041e      0x3df
                0x0080041e                PROVIDE (__bss_start, .)
 *(.bss)
 *(.bss*)
 .bss._tmpVarAsmToC_u16
                0x0080041e        0x2 bin/tc02/DEBUG/obj/rtos.o
                0x0080041e                _tmpVarAsmToC_u16
 .bss._tmpVarCToAsm_u16
                0x00800420        0x2 bin/tc02/DEBUG/obj/rtos.o
                0x00800420                _tmpVarCToAsm_u16
 .bss._ZL18_pSuspendedTaskAry
                0x00800422        0x2 bin/tc02/DEBUG/obj/rtos.o
 .bss._ZL17_noSuspendedTasks
                0x00800424        0x1 bin/tc02/DEBUG/obj/rtos.o
 .bss._ZL14_noDueTasksAry
                0x00800425        0x1 bin/tc02/DEBUG/obj/rtos.o
 .bss._ZL15_pDueTaskAryAry
                0x00800426        0x2 bin/tc02/DEBUG/obj/rtos.o
 .bss._ZL15_pSuspendedTask
                0x00800428        0x2 bin/tc02/DEBUG/obj/rtos.o
 .bss._ZL8_taskAry
                0x0080042a       0x22 bin/tc02/DEBUG/obj/rtos.o
 .bss._ZL10_taskStack
                0x0080044c      0x100 bin/tc02/DEBUG/obj/tc02_oneTask.o
 .bss.timer0_overflow_count
                0x0080054c        0x4 bin/core/core.a(wiring.o)
                0x0080054c                timer0_overflow_count
 .bss.timer0_millis
                0x00800550        0x4 bin/core/core.a(wiring.o)
                0x00800550                timer0_millis
 .bss._ZL12timer0_fract
                0x00800554        0x1 bin/core/core.a(wiring.o)
 .bss.rx_buffer
                0x00800555       0x44 bin/core/core.a(HardwareSerial.o)
                0x00800555                rx_buffer
 .bss.tx_buffer
                0x00800599       0x44 bin/core/core.a(HardwareSerial.o)
                0x00800599                tx_buffer
 .bss.rx_buffer1
                0x008005dd       0x44 bin/core/core.a(HardwareSerial.o)
                0x008005dd                rx_buffer1
 .bss.tx_buffer1
                0x00800621       0x44 bin/core/core.a(HardwareSerial.o)
                0x00800621                tx_buffer1
 .bss.rx_buffer2
                0x00800665       0x44 bin/core/core.a(HardwareSerial.o)
                0x00800665                rx_buffer2
 .bss.tx_buffer2
                0x008006a9       0x44 bin/core/core.a(HardwareSerial.o)
                0x008006a9                tx_buffer2
 .bss.rx_buffer3
                0x008006ed       0x44 bin/core/core.a(HardwareSerial.o)
                0x008006ed                rx_buffer3
 .bss.tx_buffer3
                0x00800731       0x44 bin/core/core.a(HardwareSerial.o)
                0x00800731                tx_buffer3
 .bss.Serial    0x00800775       0x22 bin/core/core.a(HardwareSerial.o)
                0x00800775                Serial
 .bss.Serial1   0x00800797       0x22 bin/core/core.a(HardwareSerial.o)
                0x00800797                Serial1
 .bss.Serial2   0x008007b9       0x22 bin/core/core.a(HardwareSerial.o)
                0x008007b9                Serial2
 .bss.Serial3   0x008007db       0x22 bin/core/core.a(HardwareSerial.o)
                0x008007db                Serial3
 *(COMMON)
                0x008007fd                PROVIDE (__bss_end, .)
                0x0000255a                __data_load_start = LOADADDR (.data)
                0x00002778                __data_load_end = (__data_load_start + SIZEOF (.data))

.noinit         0x008007fd        0x0
                0x008007fd                PROVIDE (__noinit_start, .)
 *(.noinit*)
                0x008007fd                PROVIDE (__noinit_end, .)
                0x008007fd                _end = .
                0x008007fd                PROVIDE (__heap_start, .)

.eeprom         0x00810000        0x0
 *(.eeprom*)
                0x00810000                __eeprom_end = .

.fuse
 *(.fuse)
 *(.lfuse)
 *(.hfuse)
 *(.efuse)

.lock
 *(.lock*)

.signature
 *(.signature*)

.stab
 *(.stab)

.stabstr
 *(.stabstr)

.stab.excl
 *(.stab.excl)

.stab.exclstr
 *(.stab.exclstr)

.stab.index
 *(.stab.index)

.stab.indexstr
 *(.stab.indexstr)

.comment
 *(.comment)

.debug
 *(.debug)

.line
 *(.line)

.debug_srcinfo
 *(.debug_srcinfo)

.debug_sfnames
 *(.debug_sfnames)

.debug_aranges  0x00000000      0x628
 *(.debug_aranges)
 .debug_aranges
                0x00000000       0x20 bin/tc02/DEBUG/obj/gsl_systemLoad.o
 .debug_aranges
                0x00000020       0x20 bin/tc02/DEBUG/obj/main.o
 .debug_aranges
                0x00000040       0x70 bin/tc02/DEBUG/obj/rtos.o
 .debug_aranges
                0x000000b0       0x30 bin/tc02/DEBUG/obj/tc02_oneTask.o
 .debug_aranges
                0x000000e0       0x48 bin/core/core.a(wiring.o)
 .debug_aranges
                0x00000128       0x38 bin/core/core.a(wiring_digital.o)
 .debug_aranges
                0x00000160       0xe0 bin/core/core.a(HardwareSerial.o)
 .debug_aranges
                0x00000240       0x58 bin/core/core.a(new.o)
 .debug_aranges
                0x00000298       0xf0 bin/core/core.a(Print.o)
 .debug_aranges
                0x00000388      0x260 bin/core/core.a(WString.o)
 .debug_aranges
                0x000005e8       0x20 /Applications/Arduino.app/Contents/Resources/Java/hardware/tools/avr/bin/../lib/gcc/avr/4.3.2/../../../../avr/lib/avr6/libc.a(malloc.o)
 .debug_aranges
                0x00000608       0x20 /Applications/Arduino.app/Contents/Resources/Java/hardware/tools/avr/bin/../lib/gcc/avr/4.3.2/../../../../avr/lib/avr6/libc.a(realloc.o)

.debug_pubnames
                0x00000000      0xebe
 *(.debug_pubnames)
 .debug_pubnames
                0x00000000       0x28 bin/tc02/DEBUG/obj/gsl_systemLoad.o
 .debug_pubnames
                0x00000028       0x1b bin/tc02/DEBUG/obj/main.o
 .debug_pubnames
                0x00000043      0x10f bin/tc02/DEBUG/obj/rtos.o
 .debug_pubnames
                0x00000152       0x25 bin/tc02/DEBUG/obj/tc02_oneTask.o
 .debug_pubnames
                0x00000177       0x8d bin/core/core.a(wiring.o)
 .debug_pubnames
                0x00000204       0xda bin/core/core.a(wiring_digital.o)
 .debug_pubnames
                0x000002de      0x2c5 bin/core/core.a(HardwareSerial.o)
 .debug_pubnames
                0x000005a3       0xbf bin/core/core.a(new.o)
 .debug_pubnames
                0x00000662      0x200 bin/core/core.a(Print.o)
 .debug_pubnames
                0x00000862      0x5bf bin/core/core.a(WString.o)
 .debug_pubnames
                0x00000e21       0x7f /Applications/Arduino.app/Contents/Resources/Java/hardware/tools/avr/bin/../lib/gcc/avr/4.3.2/../../../../avr/lib/avr6/libc.a(malloc.o)
 .debug_pubnames
                0x00000ea0       0x1e /Applications/Arduino.app/Contents/Resources/Java/hardware/tools/avr/bin/../lib/gcc/avr/4.3.2/../../../../avr/lib/avr6/libc.a(realloc.o)

.debug_info     0x00000000     0x7bab
 *(.debug_info)
 .debug_info    0x00000000      0x230 bin/tc02/DEBUG/obj/gsl_systemLoad.o
 .debug_info    0x00000230      0x1b1 bin/tc02/DEBUG/obj/main.o
 .debug_info    0x000003e1      0xa8a bin/tc02/DEBUG/obj/rtos.o
 .debug_info    0x00000e6b      0x2ca bin/tc02/DEBUG/obj/tc02_oneTask.o
 .debug_info    0x00001135      0x36e bin/core/core.a(wiring.o)
 .debug_info    0x000014a3      0x5dd bin/core/core.a(wiring_digital.o)
 .debug_info    0x00001a80     0x1f05 bin/core/core.a(HardwareSerial.o)
 .debug_info    0x00003985      0x195 bin/core/core.a(new.o)
 .debug_info    0x00003b1a     0x1b2f bin/core/core.a(Print.o)
 .debug_info    0x00005649     0x21c5 bin/core/core.a(WString.o)
 .debug_info    0x0000780e      0x204 /Applications/Arduino.app/Contents/Resources/Java/hardware/tools/avr/bin/../lib/gcc/avr/4.3.2/../../../../avr/lib/avr6/libc.a(malloc.o)
 .debug_info    0x00007a12      0x199 /Applications/Arduino.app/Contents/Resources/Java/hardware/tools/avr/bin/../lib/gcc/avr/4.3.2/../../../../avr/lib/avr6/libc.a(realloc.o)
 *(.gnu.linkonce.wi.*)

.debug_abbrev   0x00000000     0x15f1
 *(.debug_abbrev)
 .debug_abbrev  0x00000000       0xcb bin/tc02/DEBUG/obj/gsl_systemLoad.o
 .debug_abbrev  0x000000cb       0x7e bin/tc02/DEBUG/obj/main.o
 .debug_abbrev  0x00000149      0x2ba bin/tc02/DEBUG/obj/rtos.o
 .debug_abbrev  0x00000403      0x12f bin/tc02/DEBUG/obj/tc02_oneTask.o
 .debug_abbrev  0x00000532      0x16c bin/core/core.a(wiring.o)
 .debug_abbrev  0x0000069e      0x161 bin/core/core.a(wiring_digital.o)
 .debug_abbrev  0x000007ff      0x48e bin/core/core.a(HardwareSerial.o)
 .debug_abbrev  0x00000c8d       0xf7 bin/core/core.a(new.o)
 .debug_abbrev  0x00000d84      0x336 bin/core/core.a(Print.o)
 .debug_abbrev  0x000010ba      0x343 bin/core/core.a(WString.o)
 .debug_abbrev  0x000013fd      0x10d /Applications/Arduino.app/Contents/Resources/Java/hardware/tools/avr/bin/../lib/gcc/avr/4.3.2/../../../../avr/lib/avr6/libc.a(malloc.o)
 .debug_abbrev  0x0000150a       0xe7 /Applications/Arduino.app/Contents/Resources/Java/hardware/tools/avr/bin/../lib/gcc/avr/4.3.2/../../../../avr/lib/avr6/libc.a(realloc.o)

.debug_line     0x00000000     0x4d45
 *(.debug_line)
 .debug_line    0x00000000      0x4c4 bin/tc02/DEBUG/obj/gsl_systemLoad.o
 .debug_line    0x000004c4      0x45b bin/tc02/DEBUG/obj/main.o
 .debug_line    0x0000091f      0xac9 bin/tc02/DEBUG/obj/rtos.o
 .debug_line    0x000013e8      0x608 bin/tc02/DEBUG/obj/tc02_oneTask.o
 .debug_line    0x000019f0      0x453 bin/core/core.a(wiring.o)
 .debug_line    0x00001e43      0x3a3 bin/core/core.a(wiring_digital.o)
 .debug_line    0x000021e6      0xbc2 bin/core/core.a(HardwareSerial.o)
 .debug_line    0x00002da8      0x20c bin/core/core.a(new.o)
 .debug_line    0x00002fb4      0x7b5 bin/core/core.a(Print.o)
 .debug_line    0x00003769     0x1129 bin/core/core.a(WString.o)
 .debug_line    0x00004892      0x297 /Applications/Arduino.app/Contents/Resources/Java/hardware/tools/avr/bin/../lib/gcc/avr/4.3.2/../../../../avr/lib/avr6/libc.a(malloc.o)
 .debug_line    0x00004b29      0x21c /Applications/Arduino.app/Contents/Resources/Java/hardware/tools/avr/bin/../lib/gcc/avr/4.3.2/../../../../avr/lib/avr6/libc.a(realloc.o)

.debug_frame    0x00000000      0xae0
 *(.debug_frame)
 .debug_frame   0x00000000       0x20 bin/tc02/DEBUG/obj/gsl_systemLoad.o
 .debug_frame   0x00000020       0x20 bin/tc02/DEBUG/obj/main.o
 .debug_frame   0x00000040       0xc0 bin/tc02/DEBUG/obj/rtos.o
 .debug_frame   0x00000100       0x40 bin/tc02/DEBUG/obj/tc02_oneTask.o
 .debug_frame   0x00000140       0x70 bin/core/core.a(wiring.o)
 .debug_frame   0x000001b0       0x50 bin/core/core.a(wiring_digital.o)
 .debug_frame   0x00000200      0x1a0 bin/core/core.a(HardwareSerial.o)
 .debug_frame   0x000003a0       0x90 bin/core/core.a(new.o)
 .debug_frame   0x00000430      0x1c0 bin/core/core.a(Print.o)
 .debug_frame   0x000005f0      0x4a0 bin/core/core.a(WString.o)
 .debug_frame   0x00000a90       0x30 /Applications/Arduino.app/Contents/Resources/Java/hardware/tools/avr/bin/../lib/gcc/avr/4.3.2/../../../../avr/lib/avr6/libc.a(malloc.o)
 .debug_frame   0x00000ac0       0x20 /Applications/Arduino.app/Contents/Resources/Java/hardware/tools/avr/bin/../lib/gcc/avr/4.3.2/../../../../avr/lib/avr6/libc.a(realloc.o)

.debug_str      0x00000000     0x1dcb
 *(.debug_str)
 .debug_str     0x00000000       0xf8 bin/tc02/DEBUG/obj/gsl_systemLoad.o
                                0x13d (size before relaxing)
 .debug_str     0x000000f8       0x16 bin/tc02/DEBUG/obj/main.o
                                 0xd4 (size before relaxing)
 .debug_str     0x0000010e      0x412 bin/tc02/DEBUG/obj/rtos.o
                                0x515 (size before relaxing)
 .debug_str     0x00000520       0x7a bin/tc02/DEBUG/obj/tc02_oneTask.o
                                0x160 (size before relaxing)
 .debug_str     0x0000059a       0xc7 bin/core/core.a(wiring.o)
                                0x180 (size before relaxing)
 .debug_str     0x00000661      0x137 bin/core/core.a(wiring_digital.o)
                                0x1eb (size before relaxing)
 .debug_str     0x00000798      0xe0f bin/core/core.a(HardwareSerial.o)
                                0xf49 (size before relaxing)
 .debug_str     0x000015a7      0x10c bin/core/core.a(new.o)
                                0x14a (size before relaxing)
 .debug_str     0x000016b3      0x3df bin/core/core.a(Print.o)
                                0xc10 (size before relaxing)
 .debug_str     0x00001a92      0x1f5 bin/core/core.a(WString.o)
                                0x9ac (size before relaxing)
 .debug_str     0x00001c87      0x10e /Applications/Arduino.app/Contents/Resources/Java/hardware/tools/avr/bin/../lib/gcc/avr/4.3.2/../../../../avr/lib/avr6/libc.a(malloc.o)
                                0x181 (size before relaxing)
 .debug_str     0x00001d95       0x36 /Applications/Arduino.app/Contents/Resources/Java/hardware/tools/avr/bin/../lib/gcc/avr/4.3.2/../../../../avr/lib/avr6/libc.a(realloc.o)
                                0x14f (size before relaxing)

.debug_loc      0x00000000     0x4430
 *(.debug_loc)
 .debug_loc     0x00000000      0x1d0 bin/tc02/DEBUG/obj/gsl_systemLoad.o
 .debug_loc     0x000001d0      0x72d bin/tc02/DEBUG/obj/rtos.o
 .debug_loc     0x000008fd       0x28 bin/tc02/DEBUG/obj/tc02_oneTask.o
 .debug_loc     0x00000925      0x16d bin/core/core.a(wiring.o)
 .debug_loc     0x00000a92      0x27a bin/core/core.a(wiring_digital.o)
 .debug_loc     0x00000d0c      0x53f bin/core/core.a(HardwareSerial.o)
 .debug_loc     0x0000124b       0xb0 bin/core/core.a(new.o)
 .debug_loc     0x000012fb      0xdb8 bin/core/core.a(Print.o)
 .debug_loc     0x000020b3     0x1f05 bin/core/core.a(WString.o)
 .debug_loc     0x00003fb8      0x288 /Applications/Arduino.app/Contents/Resources/Java/hardware/tools/avr/bin/../lib/gcc/avr/4.3.2/../../../../avr/lib/avr6/libc.a(malloc.o)
 .debug_loc     0x00004240      0x1f0 /Applications/Arduino.app/Contents/Resources/Java/hardware/tools/avr/bin/../lib/gcc/avr/4.3.2/../../../../avr/lib/avr6/libc.a(realloc.o)

.debug_macinfo  0x00000000    0x312a5
 *(.debug_macinfo)
 .debug_macinfo
                0x00000000     0xbc1e bin/tc02/DEBUG/obj/gsl_systemLoad.o
 .debug_macinfo
                0x0000bc1e     0xc3e7 bin/tc02/DEBUG/obj/main.o
 .debug_macinfo
                0x00018005     0xce40 bin/tc02/DEBUG/obj/rtos.o
 .debug_macinfo
                0x00024e45     0xc460 bin/tc02/DEBUG/obj/tc02_oneTask.o
OUTPUT(bin/tc02/DEBUG/RTuinOS_tc02.elf elf32-avr)
LOAD linker stubs

.debug_ranges   0x00000000      0x6b0
 .debug_ranges  0x00000000       0x18 bin/tc02/DEBUG/obj/gsl_systemLoad.o
 .debug_ranges  0x00000018       0x18 bin/tc02/DEBUG/obj/main.o
 .debug_ranges  0x00000030      0x168 bin/tc02/DEBUG/obj/rtos.o
 .debug_ranges  0x00000198       0x28 bin/tc02/DEBUG/obj/tc02_oneTask.o
 .debug_ranges  0x000001c0       0x40 bin/core/core.a(wiring.o)
 .debug_ranges  0x00000200       0x30 bin/core/core.a(wiring_digital.o)
 .debug_ranges  0x00000230       0xd8 bin/core/core.a(HardwareSerial.o)
 .debug_ranges  0x00000308       0x50 bin/core/core.a(new.o)
 .debug_ranges  0x00000358       0xe8 bin/core/core.a(Print.o)
 .debug_ranges  0x00000440      0x270 bin/core/core.a(WString.o)

Cross Reference Table

Symbol                                            File
HardwareSerial::HardwareSerial(ring_buffer*, ring_buffer*, unsigned char volatile*, unsigned char volatile*, unsigned char volatile*, unsigned char volatile*, unsigned char volatile*, unsigned char volatile*, unsigned char, unsigned char, unsigned char, unsigned char, unsigned char) bin/core/core.a(HardwareSerial.o)
HardwareSerial::HardwareSerial(ring_buffer*, ring_buffer*, unsigned char volatile*, unsigned char volatile*, unsigned char volatile*, unsigned char volatile*, unsigned char volatile*, unsigned char volatile*, unsigned char, unsigned char, unsigned char, unsigned char, unsigned char) bin/core/core.a(HardwareSerial.o)
HardwareSerial::available()                       bin/core/core.a(HardwareSerial.o)
HardwareSerial::begin(unsigned long)              bin/core/core.a(HardwareSerial.o)
                                                  bin/tc02/DEBUG/obj/tc02_oneTask.o
HardwareSerial::begin(unsigned long, unsigned char) bin/core/core.a(HardwareSerial.o)
HardwareSerial::end()                             bin/core/core.a(HardwareSerial.o)
HardwareSerial::flush()                           bin/core/core.a(HardwareSerial.o)
HardwareSerial::operator bool()                   bin/core/core.a(HardwareSerial.o)
HardwareSerial::peek()                            bin/core/core.a(HardwareSerial.o)
HardwareSerial::read()                            bin/core/core.a(HardwareSerial.o)
HardwareSerial::write(unsigned char)              bin/core/core.a(HardwareSerial.o)
Print::print(Printable const&)                    bin/core/core.a(Print.o)
Print::print(String const&)                       bin/core/core.a(Print.o)
Print::print(__FlashStringHelper const*)          bin/core/core.a(Print.o)
Print::print(char const*)                         bin/core/core.a(Print.o)
                                                  bin/tc02/DEBUG/obj/tc02_oneTask.o
                                                  bin/tc02/DEBUG/obj/rtos.o
                                                  bin/tc02/DEBUG/obj/gsl_systemLoad.o
Print::print(char)                                bin/core/core.a(Print.o)
Print::print(double, int)                         bin/core/core.a(Print.o)
                                                  bin/tc02/DEBUG/obj/tc02_oneTask.o
Print::print(int, int)                            bin/core/core.a(Print.o)
                                                  bin/tc02/DEBUG/obj/tc02_oneTask.o
Print::print(long, int)                           bin/core/core.a(Print.o)
Print::print(unsigned char, int)                  bin/core/core.a(Print.o)
Print::print(unsigned int, int)                   bin/core/core.a(Print.o)
Print::print(unsigned long, int)                  bin/core/core.a(Print.o)
Print::printFloat(double, unsigned char)          bin/core/core.a(Print.o)
Print::printNumber(unsigned long, unsigned char)  bin/core/core.a(Print.o)
Print::println()                                  bin/core/core.a(Print.o)
Print::println(Printable const&)                  bin/core/core.a(Print.o)
Print::println(String const&)                     bin/core/core.a(Print.o)
Print::println(__FlashStringHelper const*)        bin/core/core.a(Print.o)
Print::println(char const*)                       bin/core/core.a(Print.o)
                                                  bin/tc02/DEBUG/obj/tc02_oneTask.o
Print::println(char)                              bin/core/core.a(Print.o)
Print::println(double, int)                       bin/core/core.a(Print.o)
Print::println(int, int)                          bin/core/core.a(Print.o)
                                                  bin/tc02/DEBUG/obj/rtos.o
                                                  bin/tc02/DEBUG/obj/gsl_systemLoad.o
Print::println(long, int)                         bin/core/core.a(Print.o)
Print::println(unsigned char, int)                bin/core/core.a(Print.o)
Print::println(unsigned int, int)                 bin/core/core.a(Print.o)
                                                  bin/tc02/DEBUG/obj/tc02_oneTask.o
Print::println(unsigned long, int)                bin/core/core.a(Print.o)
Print::write(char const*)                         bin/core/core.a(Print.o)
Print::write(unsigned char const*, unsigned int)  bin/core/core.a(Print.o)
                                                  bin/core/core.a(HardwareSerial.o)
Serial                                            bin/core/core.a(HardwareSerial.o)
                                                  bin/tc02/DEBUG/obj/tc02_oneTask.o
                                                  bin/tc02/DEBUG/obj/rtos.o
                                                  bin/tc02/DEBUG/obj/gsl_systemLoad.o
Serial1                                           bin/core/core.a(HardwareSerial.o)
Serial2                                           bin/core/core.a(HardwareSerial.o)
Serial3                                           bin/core/core.a(HardwareSerial.o)
String::String(String const&)                     bin/core/core.a(WString.o)
String::String(String const&)                     bin/core/core.a(WString.o)
String::String(char const*)                       bin/core/core.a(WString.o)
String::String(char const*)                       bin/core/core.a(WString.o)
String::String(char)                              bin/core/core.a(WString.o)
String::String(char)                              bin/core/core.a(WString.o)
String::String(int, unsigned char)                bin/core/core.a(WString.o)
String::String(int, unsigned char)                bin/core/core.a(WString.o)
String::String(long, unsigned char)               bin/core/core.a(WString.o)
String::String(long, unsigned char)               bin/core/core.a(WString.o)
String::String(unsigned char, unsigned char)      bin/core/core.a(WString.o)
String::String(unsigned char, unsigned char)      bin/core/core.a(WString.o)
String::String(unsigned int, unsigned char)       bin/core/core.a(WString.o)
String::String(unsigned int, unsigned char)       bin/core/core.a(WString.o)
String::String(unsigned long, unsigned char)      bin/core/core.a(WString.o)
String::String(unsigned long, unsigned char)      bin/core/core.a(WString.o)
String::changeBuffer(unsigned int)                bin/core/core.a(WString.o)
String::charAt(unsigned int) const                bin/core/core.a(WString.o)
String::compareTo(String const&) const            bin/core/core.a(WString.o)
String::concat(String const&)                     bin/core/core.a(WString.o)
String::concat(char const*)                       bin/core/core.a(WString.o)
String::concat(char const*, unsigned int)         bin/core/core.a(WString.o)
String::concat(char)                              bin/core/core.a(WString.o)
String::concat(int)                               bin/core/core.a(WString.o)
String::concat(long)                              bin/core/core.a(WString.o)
String::concat(unsigned char)                     bin/core/core.a(WString.o)
String::concat(unsigned int)                      bin/core/core.a(WString.o)
String::concat(unsigned long)                     bin/core/core.a(WString.o)
String::copy(char const*, unsigned int)           bin/core/core.a(WString.o)
String::endsWith(String const&) const             bin/core/core.a(WString.o)
String::equals(String const&) const               bin/core/core.a(WString.o)
String::equals(char const*) const                 bin/core/core.a(WString.o)
String::equalsIgnoreCase(String const&) const     bin/core/core.a(WString.o)
String::getBytes(unsigned char*, unsigned int, unsigned int) const bin/core/core.a(WString.o)
String::indexOf(String const&) const              bin/core/core.a(WString.o)
String::indexOf(String const&, unsigned int) const bin/core/core.a(WString.o)
String::indexOf(char) const                       bin/core/core.a(WString.o)
String::indexOf(char, unsigned int) const         bin/core/core.a(WString.o)
String::invalidate()                              bin/core/core.a(WString.o)
String::lastIndexOf(String const&) const          bin/core/core.a(WString.o)
String::lastIndexOf(String const&, unsigned int) const bin/core/core.a(WString.o)
String::lastIndexOf(char) const                   bin/core/core.a(WString.o)
String::lastIndexOf(char, unsigned int) const     bin/core/core.a(WString.o)
String::operator<(String const&) const            bin/core/core.a(WString.o)
String::operator<=(String const&) const           bin/core/core.a(WString.o)
String::operator=(String const&)                  bin/core/core.a(WString.o)
String::operator=(char const*)                    bin/core/core.a(WString.o)
String::operator>(String const&) const            bin/core/core.a(WString.o)
String::operator>=(String const&) const           bin/core/core.a(WString.o)
String::operator[](unsigned int)                  bin/core/core.a(WString.o)
String::operator[](unsigned int) const            bin/core/core.a(WString.o)
                                                  bin/core/core.a(Print.o)
String::replace(String const&, String const&)     bin/core/core.a(WString.o)
String::replace(char, char)                       bin/core/core.a(WString.o)
String::reserve(unsigned int)                     bin/core/core.a(WString.o)
String::setCharAt(unsigned int, char)             bin/core/core.a(WString.o)
String::startsWith(String const&) const           bin/core/core.a(WString.o)
String::startsWith(String const&, unsigned int) const bin/core/core.a(WString.o)
String::substring(unsigned int) const             bin/core/core.a(WString.o)
String::substring(unsigned int, unsigned int) const bin/core/core.a(WString.o)
String::toInt() const                             bin/core/core.a(WString.o)
String::toLowerCase()                             bin/core/core.a(WString.o)
String::toUpperCase()                             bin/core/core.a(WString.o)
String::trim()                                    bin/core/core.a(WString.o)
String::~String()                                 bin/core/core.a(WString.o)
String::~String()                                 bin/core/core.a(WString.o)
__addsf3                                          /Applications/Arduino.app/Contents/Resources/Java/hardware/tools/avr/bin/../lib/gcc/avr/4.3.2/../../../../avr/lib/avr6/libm.a(addsf3.o)
                                                  bin/core/core.a(Print.o)
__addsf3x                                         /Applications/Arduino.app/Contents/Resources/Java/hardware/tools/avr/bin/../lib/gcc/avr/4.3.2/../../../../avr/lib/avr6/libm.a(addsf3x.o)
                                                  /Applications/Arduino.app/Contents/Resources/Java/hardware/tools/avr/bin/../lib/gcc/avr/4.3.2/../../../../avr/lib/avr6/libm.a(addsf3.o)
__bad_interrupt                                   /Applications/Arduino.app/Contents/Resources/Java/hardware/tools/avr/bin/../lib/gcc/avr/4.3.2/../../../../avr/lib/avr6/crtm2560.o
__brkval                                          /Applications/Arduino.app/Contents/Resources/Java/hardware/tools/avr/bin/../lib/gcc/avr/4.3.2/../../../../avr/lib/avr6/libc.a(realloc.o)
                                                  /Applications/Arduino.app/Contents/Resources/Java/hardware/tools/avr/bin/../lib/gcc/avr/4.3.2/../../../../avr/lib/avr6/libc.a(malloc.o)
__bss_end                                         /Applications/Arduino.app/Contents/Resources/Java/hardware/tools/avr/bin/../lib/gcc/avr/4.3.2/avr6/libgcc.a(_clear_bss.o)
__bss_start                                       /Applications/Arduino.app/Contents/Resources/Java/hardware/tools/avr/bin/../lib/gcc/avr/4.3.2/avr6/libgcc.a(_clear_bss.o)
__cmpsf2                                          /Applications/Arduino.app/Contents/Resources/Java/hardware/tools/avr/bin/../lib/gcc/avr/4.3.2/../../../../avr/lib/avr6/libm.a(cmpsf2.o)
__ctors_end                                       /Applications/Arduino.app/Contents/Resources/Java/hardware/tools/avr/bin/../lib/gcc/avr/4.3.2/avr6/libgcc.a(_ctors.o)
__ctors_start                                     /Applications/Arduino.app/Contents/Resources/Java/hardware/tools/avr/bin/../lib/gcc/avr/4.3.2/avr6/libgcc.a(_ctors.o)
__ctype_isfalse                                   /Applications/Arduino.app/Contents/Resources/Java/hardware/tools/avr/bin/../lib/gcc/avr/4.3.2/../../../../avr/lib/avr6/libc.a(cty_isfalse.o)
                                                  /Applications/Arduino.app/Contents/Resources/Java/hardware/tools/avr/bin/../lib/gcc/avr/4.3.2/../../../../avr/lib/avr6/libc.a(isspace.o)
__ctype_istrue                                    /Applications/Arduino.app/Contents/Resources/Java/hardware/tools/avr/bin/../lib/gcc/avr/4.3.2/../../../../avr/lib/avr6/libc.a(cty_isfalse.o)
__cxa_guard_abort                                 bin/core/core.a(new.o)
__cxa_guard_acquire                               bin/core/core.a(new.o)
__cxa_guard_release                               bin/core/core.a(new.o)
__cxa_pure_virtual                                bin/core/core.a(new.o)
                                                  bin/core/core.a(Print.o)
                                                  bin/core/core.a(HardwareSerial.o)
__data_end                                        /Applications/Arduino.app/Contents/Resources/Java/hardware/tools/avr/bin/../lib/gcc/avr/4.3.2/../../../../avr/lib/avr6/crtm2560.o
__data_load_start                                 /Applications/Arduino.app/Contents/Resources/Java/hardware/tools/avr/bin/../lib/gcc/avr/4.3.2/../../../../avr/lib/avr6/crtm2560.o
__data_start                                      /Applications/Arduino.app/Contents/Resources/Java/hardware/tools/avr/bin/../lib/gcc/avr/4.3.2/../../../../avr/lib/avr6/crtm2560.o
__divsf3                                          /Applications/Arduino.app/Contents/Resources/Java/hardware/tools/avr/bin/../lib/gcc/avr/4.3.2/../../../../avr/lib/avr6/libm.a(divsf3.o)
                                                  bin/core/core.a(Print.o)
__divsf3_pse                                      /Applications/Arduino.app/Contents/Resources/Java/hardware/tools/avr/bin/../lib/gcc/avr/4.3.2/../../../../avr/lib/avr6/libm.a(divsf3x.o)
__divsf3x                                         /Applications/Arduino.app/Contents/Resources/Java/hardware/tools/avr/bin/../lib/gcc/avr/4.3.2/../../../../avr/lib/avr6/libm.a(divsf3x.o)
                                                  /Applications/Arduino.app/Contents/Resources/Java/hardware/tools/avr/bin/../lib/gcc/avr/4.3.2/../../../../avr/lib/avr6/libm.a(divsf3.o)
__do_clear_bss                                    /Applications/Arduino.app/Contents/Resources/Java/hardware/tools/avr/bin/../lib/gcc/avr/4.3.2/avr6/libgcc.a(_clear_bss.o)
                                                  /Applications/Arduino.app/Contents/Resources/Java/hardware/tools/avr/bin/../lib/gcc/avr/4.3.2/../../../../avr/lib/avr6/libc.a(realloc.o)
                                                  /Applications/Arduino.app/Contents/Resources/Java/hardware/tools/avr/bin/../lib/gcc/avr/4.3.2/../../../../avr/lib/avr6/libc.a(malloc.o)
                                                  bin/core/core.a(WString.o)
                                                  bin/core/core.a(Print.o)
                                                  bin/core/core.a(new.o)
                                                  bin/core/core.a(HardwareSerial.o)
                                                  bin/core/core.a(wiring_digital.o)
                                                  bin/core/core.a(wiring.o)
                                                  bin/tc02/DEBUG/obj/tc02_oneTask.o
                                                  bin/tc02/DEBUG/obj/rtos.o
                                                  bin/tc02/DEBUG/obj/main.o
                                                  bin/tc02/DEBUG/obj/gsl_systemLoad.o
__do_copy_data                                    /Applications/Arduino.app/Contents/Resources/Java/hardware/tools/avr/bin/../lib/gcc/avr/4.3.2/../../../../avr/lib/avr6/crtm2560.o
                                                  /Applications/Arduino.app/Contents/Resources/Java/hardware/tools/avr/bin/../lib/gcc/avr/4.3.2/../../../../avr/lib/avr6/libc.a(realloc.o)
                                                  /Applications/Arduino.app/Contents/Resources/Java/hardware/tools/avr/bin/../lib/gcc/avr/4.3.2/../../../../avr/lib/avr6/libc.a(malloc.o)
                                                  bin/core/core.a(WString.o)
                                                  bin/core/core.a(Print.o)
                                                  bin/core/core.a(new.o)
                                                  bin/core/core.a(HardwareSerial.o)
                                                  bin/core/core.a(wiring_digital.o)
                                                  bin/core/core.a(wiring.o)
                                                  bin/tc02/DEBUG/obj/tc02_oneTask.o
                                                  bin/tc02/DEBUG/obj/rtos.o
                                                  bin/tc02/DEBUG/obj/main.o
                                                  bin/tc02/DEBUG/obj/gsl_systemLoad.o
__do_global_ctors                                 /Applications/Arduino.app/Contents/Resources/Java/hardware/tools/avr/bin/../lib/gcc/avr/4.3.2/avr6/libgcc.a(_ctors.o)
                                                  bin/core/core.a(HardwareSerial.o)
__epilogue_restores__                             /Applications/Arduino.app/Contents/Resources/Java/hardware/tools/avr/bin/../lib/gcc/avr/4.3.2/avr6/libgcc.a(_epilogue.o)
                                                  /Applications/Arduino.app/Contents/Resources/Java/hardware/tools/avr/bin/../lib/gcc/avr/4.3.2/../../../../avr/lib/avr6/libc.a(realloc.o)
__eqsf2                                           /Applications/Arduino.app/Contents/Resources/Java/hardware/tools/avr/bin/../lib/gcc/avr/4.3.2/../../../../avr/lib/avr6/libm.a(cmpsf2.o)
__fixsfsi                                         /Applications/Arduino.app/Contents/Resources/Java/hardware/tools/avr/bin/../lib/gcc/avr/4.3.2/../../../../avr/lib/avr6/libm.a(fixsfsi.o)
                                                  bin/core/core.a(Print.o)
__fixunssfsi                                      /Applications/Arduino.app/Contents/Resources/Java/hardware/tools/avr/bin/../lib/gcc/avr/4.3.2/../../../../avr/lib/avr6/libm.a(fixunssfsi.o)
                                                  /Applications/Arduino.app/Contents/Resources/Java/hardware/tools/avr/bin/../lib/gcc/avr/4.3.2/../../../../avr/lib/avr6/libm.a(fixsfsi.o)
                                                  bin/core/core.a(Print.o)
__floatsisf                                       /Applications/Arduino.app/Contents/Resources/Java/hardware/tools/avr/bin/../lib/gcc/avr/4.3.2/../../../../avr/lib/avr6/libm.a(floatsisf.o)
                                                  bin/core/core.a(Print.o)
__floatunsisf                                     /Applications/Arduino.app/Contents/Resources/Java/hardware/tools/avr/bin/../lib/gcc/avr/4.3.2/../../../../avr/lib/avr6/libm.a(floatsisf.o)
                                                  bin/core/core.a(Print.o)
                                                  bin/tc02/DEBUG/obj/tc02_oneTask.o
__flp                                             /Applications/Arduino.app/Contents/Resources/Java/hardware/tools/avr/bin/../lib/gcc/avr/4.3.2/../../../../avr/lib/avr6/libc.a(realloc.o)
                                                  /Applications/Arduino.app/Contents/Resources/Java/hardware/tools/avr/bin/../lib/gcc/avr/4.3.2/../../../../avr/lib/avr6/libc.a(malloc.o)
__fp_cmp                                          /Applications/Arduino.app/Contents/Resources/Java/hardware/tools/avr/bin/../lib/gcc/avr/4.3.2/../../../../avr/lib/avr6/libm.a(fp_cmp.o)
                                                  /Applications/Arduino.app/Contents/Resources/Java/hardware/tools/avr/bin/../lib/gcc/avr/4.3.2/../../../../avr/lib/avr6/libm.a(unordsf2.o)
                                                  /Applications/Arduino.app/Contents/Resources/Java/hardware/tools/avr/bin/../lib/gcc/avr/4.3.2/../../../../avr/lib/avr6/libm.a(gesf2.o)
                                                  /Applications/Arduino.app/Contents/Resources/Java/hardware/tools/avr/bin/../lib/gcc/avr/4.3.2/../../../../avr/lib/avr6/libm.a(cmpsf2.o)
__fp_inf                                          /Applications/Arduino.app/Contents/Resources/Java/hardware/tools/avr/bin/../lib/gcc/avr/4.3.2/../../../../avr/lib/avr6/libm.a(fp_inf.o)
                                                  /Applications/Arduino.app/Contents/Resources/Java/hardware/tools/avr/bin/../lib/gcc/avr/4.3.2/../../../../avr/lib/avr6/libm.a(mulsf3x.o)
                                                  /Applications/Arduino.app/Contents/Resources/Java/hardware/tools/avr/bin/../lib/gcc/avr/4.3.2/../../../../avr/lib/avr6/libm.a(divsf3x.o)
                                                  /Applications/Arduino.app/Contents/Resources/Java/hardware/tools/avr/bin/../lib/gcc/avr/4.3.2/../../../../avr/lib/avr6/libm.a(addsf3x.o)
__fp_nan                                          /Applications/Arduino.app/Contents/Resources/Java/hardware/tools/avr/bin/../lib/gcc/avr/4.3.2/../../../../avr/lib/avr6/libm.a(fp_nan.o)
                                                  /Applications/Arduino.app/Contents/Resources/Java/hardware/tools/avr/bin/../lib/gcc/avr/4.3.2/../../../../avr/lib/avr6/libm.a(mulsf3x.o)
                                                  /Applications/Arduino.app/Contents/Resources/Java/hardware/tools/avr/bin/../lib/gcc/avr/4.3.2/../../../../avr/lib/avr6/libm.a(divsf3x.o)
                                                  /Applications/Arduino.app/Contents/Resources/Java/hardware/tools/avr/bin/../lib/gcc/avr/4.3.2/../../../../avr/lib/avr6/libm.a(addsf3x.o)
__fp_pscA                                         /Applications/Arduino.app/Contents/Resources/Java/hardware/tools/avr/bin/../lib/gcc/avr/4.3.2/../../../../avr/lib/avr6/libm.a(fp_pscA.o)
                                                  /Applications/Arduino.app/Contents/Resources/Java/hardware/tools/avr/bin/../lib/gcc/avr/4.3.2/../../../../avr/lib/avr6/libm.a(mulsf3x.o)
                                                  /Applications/Arduino.app/Contents/Resources/Java/hardware/tools/avr/bin/../lib/gcc/avr/4.3.2/../../../../avr/lib/avr6/libm.a(divsf3x.o)
                                                  /Applications/Arduino.app/Contents/Resources/Java/hardware/tools/avr/bin/../lib/gcc/avr/4.3.2/../../../../avr/lib/avr6/libm.a(addsf3x.o)
__fp_pscB                                         /Applications/Arduino.app/Contents/Resources/Java/hardware/tools/avr/bin/../lib/gcc/avr/4.3.2/../../../../avr/lib/avr6/libm.a(fp_pscB.o)
                                                  /Applications/Arduino.app/Contents/Resources/Java/hardware/tools/avr/bin/../lib/gcc/avr/4.3.2/../../../../avr/lib/avr6/libm.a(mulsf3x.o)
                                                  /Applications/Arduino.app/Contents/Resources/Java/hardware/tools/avr/bin/../lib/gcc/avr/4.3.2/../../../../avr/lib/avr6/libm.a(divsf3x.o)
                                                  /Applications/Arduino.app/Contents/Resources/Java/hardware/tools/avr/bin/../lib/gcc/avr/4.3.2/../../../../avr/lib/avr6/libm.a(addsf3x.o)
__fp_round                                        /Applications/Arduino.app/Contents/Resources/Java/hardware/tools/avr/bin/../lib/gcc/avr/4.3.2/../../../../avr/lib/avr6/libm.a(fp_round.o)
                                                  /Applications/Arduino.app/Contents/Resources/Java/hardware/tools/avr/bin/../lib/gcc/avr/4.3.2/../../../../avr/lib/avr6/libm.a(mulsf3.o)
                                                  /Applications/Arduino.app/Contents/Resources/Java/hardware/tools/avr/bin/../lib/gcc/avr/4.3.2/../../../../avr/lib/avr6/libm.a(divsf3.o)
                                                  /Applications/Arduino.app/Contents/Resources/Java/hardware/tools/avr/bin/../lib/gcc/avr/4.3.2/../../../../avr/lib/avr6/libm.a(addsf3.o)
__fp_split3                                       /Applications/Arduino.app/Contents/Resources/Java/hardware/tools/avr/bin/../lib/gcc/avr/4.3.2/../../../../avr/lib/avr6/libm.a(fp_split3.o)
                                                  /Applications/Arduino.app/Contents/Resources/Java/hardware/tools/avr/bin/../lib/gcc/avr/4.3.2/../../../../avr/lib/avr6/libm.a(mulsf3x.o)
                                                  /Applications/Arduino.app/Contents/Resources/Java/hardware/tools/avr/bin/../lib/gcc/avr/4.3.2/../../../../avr/lib/avr6/libm.a(divsf3x.o)
                                                  /Applications/Arduino.app/Contents/Resources/Java/hardware/tools/avr/bin/../lib/gcc/avr/4.3.2/../../../../avr/lib/avr6/libm.a(addsf3x.o)
__fp_splitA                                       /Applications/Arduino.app/Contents/Resources/Java/hardware/tools/avr/bin/../lib/gcc/avr/4.3.2/../../../../avr/lib/avr6/libm.a(fp_split3.o)
                                                  /Applications/Arduino.app/Contents/Resources/Java/hardware/tools/avr/bin/../lib/gcc/avr/4.3.2/../../../../avr/lib/avr6/libm.a(fixunssfsi.o)
__fp_szero                                        /Applications/Arduino.app/Contents/Resources/Java/hardware/tools/avr/bin/../lib/gcc/avr/4.3.2/../../../../avr/lib/avr6/libm.a(fp_zero.o)
                                                  /Applications/Arduino.app/Contents/Resources/Java/hardware/tools/avr/bin/../lib/gcc/avr/4.3.2/../../../../avr/lib/avr6/libm.a(mulsf3x.o)
                                                  /Applications/Arduino.app/Contents/Resources/Java/hardware/tools/avr/bin/../lib/gcc/avr/4.3.2/../../../../avr/lib/avr6/libm.a(fixsfsi.o)
                                                  /Applications/Arduino.app/Contents/Resources/Java/hardware/tools/avr/bin/../lib/gcc/avr/4.3.2/../../../../avr/lib/avr6/libm.a(divsf3x.o)
__fp_zero                                         /Applications/Arduino.app/Contents/Resources/Java/hardware/tools/avr/bin/../lib/gcc/avr/4.3.2/../../../../avr/lib/avr6/libm.a(fp_zero.o)
                                                  /Applications/Arduino.app/Contents/Resources/Java/hardware/tools/avr/bin/../lib/gcc/avr/4.3.2/../../../../avr/lib/avr6/libm.a(fixunssfsi.o)
                                                  /Applications/Arduino.app/Contents/Resources/Java/hardware/tools/avr/bin/../lib/gcc/avr/4.3.2/../../../../avr/lib/avr6/libm.a(addsf3x.o)
__gesf2                                           /Applications/Arduino.app/Contents/Resources/Java/hardware/tools/avr/bin/../lib/gcc/avr/4.3.2/../../../../avr/lib/avr6/libm.a(gesf2.o)
__gtsf2                                           /Applications/Arduino.app/Contents/Resources/Java/hardware/tools/avr/bin/../lib/gcc/avr/4.3.2/../../../../avr/lib/avr6/libm.a(gesf2.o)
                                                  bin/core/core.a(Print.o)
__heap_end                                        /Applications/Arduino.app/Contents/Resources/Java/hardware/tools/avr/bin/../lib/gcc/avr/4.3.2/../../../../avr/lib/avr6/crtm2560.o
                                                  /Applications/Arduino.app/Contents/Resources/Java/hardware/tools/avr/bin/../lib/gcc/avr/4.3.2/../../../../avr/lib/avr6/libc.a(malloc.o)
__heap_start                                      /Applications/Arduino.app/Contents/Resources/Java/hardware/tools/avr/bin/../lib/gcc/avr/4.3.2/../../../../avr/lib/avr6/libc.a(malloc.o)
__init                                            /Applications/Arduino.app/Contents/Resources/Java/hardware/tools/avr/bin/../lib/gcc/avr/4.3.2/../../../../avr/lib/avr6/crtm2560.o
__lesf2                                           /Applications/Arduino.app/Contents/Resources/Java/hardware/tools/avr/bin/../lib/gcc/avr/4.3.2/../../../../avr/lib/avr6/libm.a(cmpsf2.o)
                                                  bin/core/core.a(Print.o)
__ltsf2                                           /Applications/Arduino.app/Contents/Resources/Java/hardware/tools/avr/bin/../lib/gcc/avr/4.3.2/../../../../avr/lib/avr6/libm.a(cmpsf2.o)
                                                  bin/core/core.a(Print.o)
__malloc_heap_end                                 /Applications/Arduino.app/Contents/Resources/Java/hardware/tools/avr/bin/../lib/gcc/avr/4.3.2/../../../../avr/lib/avr6/libc.a(malloc.o)
                                                  /Applications/Arduino.app/Contents/Resources/Java/hardware/tools/avr/bin/../lib/gcc/avr/4.3.2/../../../../avr/lib/avr6/libc.a(realloc.o)
__malloc_heap_start                               /Applications/Arduino.app/Contents/Resources/Java/hardware/tools/avr/bin/../lib/gcc/avr/4.3.2/../../../../avr/lib/avr6/libc.a(malloc.o)
__malloc_margin                                   /Applications/Arduino.app/Contents/Resources/Java/hardware/tools/avr/bin/../lib/gcc/avr/4.3.2/../../../../avr/lib/avr6/libc.a(malloc.o)
                                                  /Applications/Arduino.app/Contents/Resources/Java/hardware/tools/avr/bin/../lib/gcc/avr/4.3.2/../../../../avr/lib/avr6/libc.a(realloc.o)
__mulsf3                                          /Applications/Arduino.app/Contents/Resources/Java/hardware/tools/avr/bin/../lib/gcc/avr/4.3.2/../../../../avr/lib/avr6/libm.a(mulsf3.o)
                                                  bin/core/core.a(Print.o)
                                                  bin/tc02/DEBUG/obj/tc02_oneTask.o
__mulsf3_pse                                      /Applications/Arduino.app/Contents/Resources/Java/hardware/tools/avr/bin/../lib/gcc/avr/4.3.2/../../../../avr/lib/avr6/libm.a(mulsf3x.o)
__mulsf3x                                         /Applications/Arduino.app/Contents/Resources/Java/hardware/tools/avr/bin/../lib/gcc/avr/4.3.2/../../../../avr/lib/avr6/libm.a(mulsf3x.o)
                                                  /Applications/Arduino.app/Contents/Resources/Java/hardware/tools/avr/bin/../lib/gcc/avr/4.3.2/../../../../avr/lib/avr6/libm.a(mulsf3.o)
__mulsi3                                          /Applications/Arduino.app/Contents/Resources/Java/hardware/tools/avr/bin/../lib/gcc/avr/4.3.2/avr6/libgcc.a(_mulsi3.o)
                                                  bin/core/core.a(Print.o)
                                                  bin/tc02/DEBUG/obj/gsl_systemLoad.o
__mulsi_const_10                                  /Applications/Arduino.app/Contents/Resources/Java/hardware/tools/avr/bin/../lib/gcc/avr/4.3.2/../../../../avr/lib/avr6/libc.a(mulsi10.o)
                                                  /Applications/Arduino.app/Contents/Resources/Java/hardware/tools/avr/bin/../lib/gcc/avr/4.3.2/../../../../avr/lib/avr6/libc.a(atol.o)
__nesf2                                           /Applications/Arduino.app/Contents/Resources/Java/hardware/tools/avr/bin/../lib/gcc/avr/4.3.2/../../../../avr/lib/avr6/libm.a(cmpsf2.o)
__prologue_saves__                                /Applications/Arduino.app/Contents/Resources/Java/hardware/tools/avr/bin/../lib/gcc/avr/4.3.2/avr6/libgcc.a(_prologue.o)
                                                  /Applications/Arduino.app/Contents/Resources/Java/hardware/tools/avr/bin/../lib/gcc/avr/4.3.2/../../../../avr/lib/avr6/libc.a(realloc.o)
__stack                                           /Applications/Arduino.app/Contents/Resources/Java/hardware/tools/avr/bin/../lib/gcc/avr/4.3.2/../../../../avr/lib/avr6/crtm2560.o
__subsf3                                          /Applications/Arduino.app/Contents/Resources/Java/hardware/tools/avr/bin/../lib/gcc/avr/4.3.2/../../../../avr/lib/avr6/libm.a(addsf3.o)
                                                  bin/core/core.a(Print.o)
__tablejump2__                                    /Applications/Arduino.app/Contents/Resources/Java/hardware/tools/avr/bin/../lib/gcc/avr/4.3.2/avr6/libgcc.a(_tablejump.o)
__tablejump__                                     /Applications/Arduino.app/Contents/Resources/Java/hardware/tools/avr/bin/../lib/gcc/avr/4.3.2/avr6/libgcc.a(_tablejump.o)
                                                  /Applications/Arduino.app/Contents/Resources/Java/hardware/tools/avr/bin/../lib/gcc/avr/4.3.2/avr6/libgcc.a(_ctors.o)
__udivmodhi4                                      /Applications/Arduino.app/Contents/Resources/Java/hardware/tools/avr/bin/../lib/gcc/avr/4.3.2/avr6/libgcc.a(_udivmodhi4.o)
                                                  /Applications/Arduino.app/Contents/Resources/Java/hardware/tools/avr/bin/../lib/gcc/avr/4.3.2/../../../../avr/lib/avr6/libc.a(utoa.o)
                                                  /Applications/Arduino.app/Contents/Resources/Java/hardware/tools/avr/bin/../lib/gcc/avr/4.3.2/../../../../avr/lib/avr6/libc.a(itoa.o)
__udivmodsi4                                      /Applications/Arduino.app/Contents/Resources/Java/hardware/tools/avr/bin/../lib/gcc/avr/4.3.2/avr6/libgcc.a(_udivmodsi4.o)
                                                  /Applications/Arduino.app/Contents/Resources/Java/hardware/tools/avr/bin/../lib/gcc/avr/4.3.2/../../../../avr/lib/avr6/libc.a(ultoa.o)
                                                  /Applications/Arduino.app/Contents/Resources/Java/hardware/tools/avr/bin/../lib/gcc/avr/4.3.2/../../../../avr/lib/avr6/libc.a(ltoa.o)
                                                  bin/core/core.a(Print.o)
                                                  bin/core/core.a(HardwareSerial.o)
                                                  bin/tc02/DEBUG/obj/gsl_systemLoad.o
__unordsf2                                        /Applications/Arduino.app/Contents/Resources/Java/hardware/tools/avr/bin/../lib/gcc/avr/4.3.2/../../../../avr/lib/avr6/libm.a(unordsf2.o)
                                                  bin/core/core.a(Print.o)
__vector_1                                        /Applications/Arduino.app/Contents/Resources/Java/hardware/tools/avr/bin/../lib/gcc/avr/4.3.2/../../../../avr/lib/avr6/crtm2560.o
__vector_10                                       /Applications/Arduino.app/Contents/Resources/Java/hardware/tools/avr/bin/../lib/gcc/avr/4.3.2/../../../../avr/lib/avr6/crtm2560.o
__vector_11                                       /Applications/Arduino.app/Contents/Resources/Java/hardware/tools/avr/bin/../lib/gcc/avr/4.3.2/../../../../avr/lib/avr6/crtm2560.o
__vector_12                                       /Applications/Arduino.app/Contents/Resources/Java/hardware/tools/avr/bin/../lib/gcc/avr/4.3.2/../../../../avr/lib/avr6/crtm2560.o
__vector_13                                       /Applications/Arduino.app/Contents/Resources/Java/hardware/tools/avr/bin/../lib/gcc/avr/4.3.2/../../../../avr/lib/avr6/crtm2560.o
__vector_14                                       /Applications/Arduino.app/Contents/Resources/Java/hardware/tools/avr/bin/../lib/gcc/avr/4.3.2/../../../../avr/lib/avr6/crtm2560.o
__vector_15                                       bin/tc02/DEBUG/obj/rtos.o
                                                  /Applications/Arduino.app/Contents/Resources/Java/hardware/tools/avr/bin/../lib/gcc/avr/4.3.2/../../../../avr/lib/avr6/crtm2560.o
__vector_16                                       /Applications/Arduino.app/Contents/Resources/Java/hardware/tools/avr/bin/../lib/gcc/avr/4.3.2/../../../../avr/lib/avr6/crtm2560.o
__vector_17                                       /Applications/Arduino.app/Contents/Resources/Java/hardware/tools/avr/bin/../lib/gcc/avr/4.3.2/../../../../avr/lib/avr6/crtm2560.o
__vector_18                                       /Applications/Arduino.app/Contents/Resources/Java/hardware/tools/avr/bin/../lib/gcc/avr/4.3.2/../../../../avr/lib/avr6/crtm2560.o
__vector_19                                       /Applications/Arduino.app/Contents/Resources/Java/hardware/tools/avr/bin/../lib/gcc/avr/4.3.2/../../../../avr/lib/avr6/crtm2560.o
__vector_2                                        /Applications/Arduino.app/Contents/Resources/Java/hardware/tools/avr/bin/../lib/gcc/avr/4.3.2/../../../../avr/lib/avr6/crtm2560.o
__vector_20                                       /Applications/Arduino.app/Contents/Resources/Java/hardware/tools/avr/bin/../lib/gcc/avr/4.3.2/../../../../avr/lib/avr6/crtm2560.o
__vector_21                                       /Applications/Arduino.app/Contents/Resources/Java/hardware/tools/avr/bin/../lib/gcc/avr/4.3.2/../../../../avr/lib/avr6/crtm2560.o
__vector_22                                       /Applications/Arduino.app/Contents/Resources/Java/hardware/tools/avr/bin/../lib/gcc/avr/4.3.2/../../../../avr/lib/avr6/crtm2560.o
__vector_23                                       bin/core/core.a(wiring.o)
                                                  /Applications/Arduino.app/Contents/Resources/Java/hardware/tools/avr/bin/../lib/gcc/avr/4.3.2/../../../../avr/lib/avr6/crtm2560.o
__vector_24                                       /Applications/Arduino.app/Contents/Resources/Java/hardware/tools/avr/bin/../lib/gcc/avr/4.3.2/../../../../avr/lib/avr6/crtm2560.o
__vector_25                                       bin/core/core.a(HardwareSerial.o)
                                                  /Applications/Arduino.app/Contents/Resources/Java/hardware/tools/avr/bin/../lib/gcc/avr/4.3.2/../../../../avr/lib/avr6/crtm2560.o
__vector_26                                       bin/core/core.a(HardwareSerial.o)
                                                  /Applications/Arduino.app/Contents/Resources/Java/hardware/tools/avr/bin/../lib/gcc/avr/4.3.2/../../../../avr/lib/avr6/crtm2560.o
__vector_27                                       /Applications/Arduino.app/Contents/Resources/Java/hardware/tools/avr/bin/../lib/gcc/avr/4.3.2/../../../../avr/lib/avr6/crtm2560.o
__vector_28                                       /Applications/Arduino.app/Contents/Resources/Java/hardware/tools/avr/bin/../lib/gcc/avr/4.3.2/../../../../avr/lib/avr6/crtm2560.o
__vector_29                                       /Applications/Arduino.app/Contents/Resources/Java/hardware/tools/avr/bin/../lib/gcc/avr/4.3.2/../../../../avr/lib/avr6/crtm2560.o
__vector_3                                        /Applications/Arduino.app/Contents/Resources/Java/hardware/tools/avr/bin/../lib/gcc/avr/4.3.2/../../../../avr/lib/avr6/crtm2560.o
__vector_30                                       /Applications/Arduino.app/Contents/Resources/Java/hardware/tools/avr/bin/../lib/gcc/avr/4.3.2/../../../../avr/lib/avr6/crtm2560.o
__vector_31                                       /Applications/Arduino.app/Contents/Resources/Java/hardware/tools/avr/bin/../lib/gcc/avr/4.3.2/../../../../avr/lib/avr6/crtm2560.o
__vector_32                                       /Applications/Arduino.app/Contents/Resources/Java/hardware/tools/avr/bin/../lib/gcc/avr/4.3.2/../../../../avr/lib/avr6/crtm2560.o
__vector_33                                       /Applications/Arduino.app/Contents/Resources/Java/hardware/tools/avr/bin/../lib/gcc/avr/4.3.2/../../../../avr/lib/avr6/crtm2560.o
__vector_34                                       /Applications/Arduino.app/Contents/Resources/Java/hardware/tools/avr/bin/../lib/gcc/avr/4.3.2/../../../../avr/lib/avr6/crtm2560.o
__vector_35                                       /Applications/Arduino.app/Contents/Resources/Java/hardware/tools/avr/bin/../lib/gcc/avr/4.3.2/../../../../avr/lib/avr6/crtm2560.o
__vector_36                                       bin/core/core.a(HardwareSerial.o)
                                                  /Applications/Arduino.app/Contents/Resources/Java/hardware/tools/avr/bin/../lib/gcc/avr/4.3.2/../../../../avr/lib/avr6/crtm2560.o
__vector_37                                       bin/core/core.a(HardwareSerial.o)
                                                  /Applications/Arduino.app/Contents/Resources/Java/hardware/tools/avr/bin/../lib/gcc/avr/4.3.2/../../../../avr/lib/avr6/crtm2560.o
__vector_38                                       /Applications/Arduino.app/Contents/Resources/Java/hardware/tools/avr/bin/../lib/gcc/avr/4.3.2/../../../../avr/lib/avr6/crtm2560.o
__vector_39                                       /Applications/Arduino.app/Contents/Resources/Java/hardware/tools/avr/bin/../lib/gcc/avr/4.3.2/../../../../avr/lib/avr6/crtm2560.o
__vector_4                                        /Applications/Arduino.app/Contents/Resources/Java/hardware/tools/avr/bin/../lib/gcc/avr/4.3.2/../../../../avr/lib/avr6/crtm2560.o
__vector_40                                       /Applications/Arduino.app/Contents/Resources/Java/hardware/tools/avr/bin/../lib/gcc/avr/4.3.2/../../../../avr/lib/avr6/crtm2560.o
__vector_41                                       /Applications/Arduino.app/Contents/Resources/Java/hardware/tools/avr/bin/../lib/gcc/avr/4.3.2/../../../../avr/lib/avr6/crtm2560.o
__vector_42                                       /Applications/Arduino.app/Contents/Resources/Java/hardware/tools/avr/bin/../lib/gcc/avr/4.3.2/../../../../avr/lib/avr6/crtm2560.o
__vector_43                                       /Applications/Arduino.app/Contents/Resources/Java/hardware/tools/avr/bin/../lib/gcc/avr/4.3.2/../../../../avr/lib/avr6/crtm2560.o
__vector_44                                       /Applications/Arduino.app/Contents/Resources/Java/hardware/tools/avr/bin/../lib/gcc/avr/4.3.2/../../../../avr/lib/avr6/crtm2560.o
__vector_45                                       /Applications/Arduino.app/Contents/Resources/Java/hardware/tools/avr/bin/../lib/gcc/avr/4.3.2/../../../../avr/lib/avr6/crtm2560.o
__vector_46                                       /Applications/Arduino.app/Contents/Resources/Java/hardware/tools/avr/bin/../lib/gcc/avr/4.3.2/../../../../avr/lib/avr6/crtm2560.o
__vector_47                                       /Applications/Arduino.app/Contents/Resources/Java/hardware/tools/avr/bin/../lib/gcc/avr/4.3.2/../../../../avr/lib/avr6/crtm2560.o
__vector_48                                       /Applications/Arduino.app/Contents/Resources/Java/hardware/tools/avr/bin/../lib/gcc/avr/4.3.2/../../../../avr/lib/avr6/crtm2560.o
__vector_49                                       /Applications/Arduino.app/Contents/Resources/Java/hardware/tools/avr/bin/../lib/gcc/avr/4.3.2/../../../../avr/lib/avr6/crtm2560.o
__vector_5                                        /Applications/Arduino.app/Contents/Resources/Java/hardware/tools/avr/bin/../lib/gcc/avr/4.3.2/../../../../avr/lib/avr6/crtm2560.o
__vector_50                                       /Applications/Arduino.app/Contents/Resources/Java/hardware/tools/avr/bin/../lib/gcc/avr/4.3.2/../../../../avr/lib/avr6/crtm2560.o
__vector_51                                       bin/core/core.a(HardwareSerial.o)
                                                  /Applications/Arduino.app/Contents/Resources/Java/hardware/tools/avr/bin/../lib/gcc/avr/4.3.2/../../../../avr/lib/avr6/crtm2560.o
__vector_52                                       bin/core/core.a(HardwareSerial.o)
                                                  /Applications/Arduino.app/Contents/Resources/Java/hardware/tools/avr/bin/../lib/gcc/avr/4.3.2/../../../../avr/lib/avr6/crtm2560.o
__vector_53                                       /Applications/Arduino.app/Contents/Resources/Java/hardware/tools/avr/bin/../lib/gcc/avr/4.3.2/../../../../avr/lib/avr6/crtm2560.o
__vector_54                                       bin/core/core.a(HardwareSerial.o)
                                                  /Applications/Arduino.app/Contents/Resources/Java/hardware/tools/avr/bin/../lib/gcc/avr/4.3.2/../../../../avr/lib/avr6/crtm2560.o
__vector_55                                       bin/core/core.a(HardwareSerial.o)
                                                  /Applications/Arduino.app/Contents/Resources/Java/hardware/tools/avr/bin/../lib/gcc/avr/4.3.2/../../../../avr/lib/avr6/crtm2560.o
__vector_56                                       /Applications/Arduino.app/Contents/Resources/Java/hardware/tools/avr/bin/../lib/gcc/avr/4.3.2/../../../../avr/lib/avr6/crtm2560.o
__vector_6                                        /Applications/Arduino.app/Contents/Resources/Java/hardware/tools/avr/bin/../lib/gcc/avr/4.3.2/../../../../avr/lib/avr6/crtm2560.o
__vector_7                                        /Applications/Arduino.app/Contents/Resources/Java/hardware/tools/avr/bin/../lib/gcc/avr/4.3.2/../../../../avr/lib/avr6/crtm2560.o
__vector_8                                        /Applications/Arduino.app/Contents/Resources/Java/hardware/tools/avr/bin/../lib/gcc/avr/4.3.2/../../../../avr/lib/avr6/crtm2560.o
__vector_9                                        /Applications/Arduino.app/Contents/Resources/Java/hardware/tools/avr/bin/../lib/gcc/avr/4.3.2/../../../../avr/lib/avr6/crtm2560.o
__vector_default                                  /Applications/Arduino.app/Contents/Resources/Java/hardware/tools/avr/bin/../lib/gcc/avr/4.3.2/../../../../avr/lib/avr6/crtm2560.o
__vectors                                         /Applications/Arduino.app/Contents/Resources/Java/hardware/tools/avr/bin/../lib/gcc/avr/4.3.2/../../../../avr/lib/avr6/crtm2560.o
_exit                                             /Applications/Arduino.app/Contents/Resources/Java/hardware/tools/avr/bin/../lib/gcc/avr/4.3.2/avr6/libgcc.a(_exit.o)
_tmpVarAsmToC_u16                                 bin/tc02/DEBUG/obj/rtos.o
_tmpVarCToAsm_u16                                 bin/tc02/DEBUG/obj/rtos.o
atol                                              /Applications/Arduino.app/Contents/Resources/Java/hardware/tools/avr/bin/../lib/gcc/avr/4.3.2/../../../../avr/lib/avr6/libc.a(atol.o)
                                                  bin/core/core.a(WString.o)
delay                                             bin/core/core.a(wiring.o)
                                                  bin/tc02/DEBUG/obj/tc02_oneTask.o
delayMicroseconds                                 bin/core/core.a(wiring.o)
                                                  bin/tc02/DEBUG/obj/gsl_systemLoad.o
digitalRead                                       bin/core/core.a(wiring_digital.o)
digitalWrite                                      bin/core/core.a(wiring_digital.o)
                                                  bin/tc02/DEBUG/obj/tc02_oneTask.o
digital_pin_to_bit_mask_PGM                       bin/core/core.a(wiring_digital.o)
digital_pin_to_port_PGM                           bin/core/core.a(wiring_digital.o)
digital_pin_to_timer_PGM                          bin/core/core.a(wiring_digital.o)
exit                                              /Applications/Arduino.app/Contents/Resources/Java/hardware/tools/avr/bin/../lib/gcc/avr/4.3.2/avr6/libgcc.a(_exit.o)
                                                  /Applications/Arduino.app/Contents/Resources/Java/hardware/tools/avr/bin/../lib/gcc/avr/4.3.2/../../../../avr/lib/avr6/crtm2560.o
free                                              /Applications/Arduino.app/Contents/Resources/Java/hardware/tools/avr/bin/../lib/gcc/avr/4.3.2/../../../../avr/lib/avr6/libc.a(malloc.o)
                                                  /Applications/Arduino.app/Contents/Resources/Java/hardware/tools/avr/bin/../lib/gcc/avr/4.3.2/../../../../avr/lib/avr6/libc.a(realloc.o)
                                                  bin/core/core.a(WString.o)
                                                  bin/core/core.a(new.o)
gsl_getSystemLoad()                               bin/tc02/DEBUG/obj/gsl_systemLoad.o
                                                  bin/tc02/DEBUG/obj/tc02_oneTask.o
init                                              bin/core/core.a(wiring.o)
                                                  bin/tc02/DEBUG/obj/main.o
isspace                                           /Applications/Arduino.app/Contents/Resources/Java/hardware/tools/avr/bin/../lib/gcc/avr/4.3.2/../../../../avr/lib/avr6/libc.a(isspace.o)
                                                  bin/core/core.a(WString.o)
itoa                                              /Applications/Arduino.app/Contents/Resources/Java/hardware/tools/avr/bin/../lib/gcc/avr/4.3.2/../../../../avr/lib/avr6/libc.a(itoa.o)
                                                  bin/core/core.a(WString.o)
loop                                              bin/tc02/DEBUG/obj/tc02_oneTask.o
                                                  bin/tc02/DEBUG/obj/rtos.o
ltoa                                              /Applications/Arduino.app/Contents/Resources/Java/hardware/tools/avr/bin/../lib/gcc/avr/4.3.2/../../../../avr/lib/avr6/libc.a(ltoa.o)
                                                  bin/core/core.a(WString.o)
main                                              bin/tc02/DEBUG/obj/main.o
                                                  /Applications/Arduino.app/Contents/Resources/Java/hardware/tools/avr/bin/../lib/gcc/avr/4.3.2/../../../../avr/lib/avr6/crtm2560.o
malloc                                            /Applications/Arduino.app/Contents/Resources/Java/hardware/tools/avr/bin/../lib/gcc/avr/4.3.2/../../../../avr/lib/avr6/libc.a(malloc.o)
                                                  /Applications/Arduino.app/Contents/Resources/Java/hardware/tools/avr/bin/../lib/gcc/avr/4.3.2/../../../../avr/lib/avr6/libc.a(realloc.o)
                                                  bin/core/core.a(new.o)
memcpy                                            /Applications/Arduino.app/Contents/Resources/Java/hardware/tools/avr/bin/../lib/gcc/avr/4.3.2/../../../../avr/lib/avr6/libc.a(memcpy.o)
                                                  /Applications/Arduino.app/Contents/Resources/Java/hardware/tools/avr/bin/../lib/gcc/avr/4.3.2/../../../../avr/lib/avr6/libc.a(memmove.o)
                                                  /Applications/Arduino.app/Contents/Resources/Java/hardware/tools/avr/bin/../lib/gcc/avr/4.3.2/../../../../avr/lib/avr6/libc.a(realloc.o)
                                                  bin/core/core.a(WString.o)
memmove                                           /Applications/Arduino.app/Contents/Resources/Java/hardware/tools/avr/bin/../lib/gcc/avr/4.3.2/../../../../avr/lib/avr6/libc.a(memmove.o)
                                                  bin/core/core.a(WString.o)
micros                                            bin/core/core.a(wiring.o)
millis                                            bin/core/core.a(wiring.o)
                                                  bin/tc02/DEBUG/obj/tc02_oneTask.o
                                                  bin/tc02/DEBUG/obj/gsl_systemLoad.o
operator delete(void*)                            bin/core/core.a(new.o)
operator delete[](void*)                          bin/core/core.a(new.o)
operator new(unsigned int)                        bin/core/core.a(new.o)
operator new[](unsigned int)                      bin/core/core.a(new.o)
operator+(StringSumHelper const&, String const&)  bin/core/core.a(WString.o)
operator+(StringSumHelper const&, char const*)    bin/core/core.a(WString.o)
operator+(StringSumHelper const&, char)           bin/core/core.a(WString.o)
operator+(StringSumHelper const&, int)            bin/core/core.a(WString.o)
operator+(StringSumHelper const&, long)           bin/core/core.a(WString.o)
operator+(StringSumHelper const&, unsigned char)  bin/core/core.a(WString.o)
operator+(StringSumHelper const&, unsigned int)   bin/core/core.a(WString.o)
operator+(StringSumHelper const&, unsigned long)  bin/core/core.a(WString.o)
pinMode                                           bin/core/core.a(wiring_digital.o)
                                                  bin/tc02/DEBUG/obj/tc02_oneTask.o
port_to_input_PGM                                 bin/core/core.a(wiring_digital.o)
port_to_mode_PGM                                  bin/core/core.a(wiring_digital.o)
port_to_output_PGM                                bin/core/core.a(wiring_digital.o)
realloc                                           /Applications/Arduino.app/Contents/Resources/Java/hardware/tools/avr/bin/../lib/gcc/avr/4.3.2/../../../../avr/lib/avr6/libc.a(realloc.o)
                                                  bin/core/core.a(WString.o)
rtos_enableIRQTimerTic()                          bin/tc02/DEBUG/obj/rtos.o
rtos_getStackReserve(unsigned char)               bin/tc02/DEBUG/obj/rtos.o
rtos_getTaskOverrunCounter(unsigned char, unsigned char) bin/tc02/DEBUG/obj/rtos.o
rtos_initRTOS()                                   bin/tc02/DEBUG/obj/rtos.o
                                                  bin/tc02/DEBUG/obj/main.o
rtos_initializeTask(unsigned char, void (*)(unsigned int), unsigned char, unsigned char*, unsigned int, unsigned int, unsigned char, unsigned char) bin/tc02/DEBUG/obj/rtos.o
                                                  bin/tc02/DEBUG/obj/tc02_oneTask.o
rtos_rtuinosStartupMsg                            bin/tc02/DEBUG/obj/rtos.o
rtos_sendEvent(unsigned int)                      bin/tc02/DEBUG/obj/rtos.o
rtos_waitForEvent(unsigned int, unsigned char, unsigned char) bin/tc02/DEBUG/obj/rtos.o
                                                  bin/tc02/DEBUG/obj/tc02_oneTask.o
rx_buffer                                         bin/core/core.a(HardwareSerial.o)
rx_buffer1                                        bin/core/core.a(HardwareSerial.o)
rx_buffer2                                        bin/core/core.a(HardwareSerial.o)
rx_buffer3                                        bin/core/core.a(HardwareSerial.o)
serialEvent()                                     bin/core/core.a(HardwareSerial.o)
serialEvent1()                                    bin/core/core.a(HardwareSerial.o)
serialEvent2()                                    bin/core/core.a(HardwareSerial.o)
serialEvent3()                                    bin/core/core.a(HardwareSerial.o)
serialEventRun()                                  bin/core/core.a(HardwareSerial.o)
setup                                             bin/tc02/DEBUG/obj/tc02_oneTask.o
                                                  bin/tc02/DEBUG/obj/rtos.o
strchr                                            /Applications/Arduino.app/Contents/Resources/Java/hardware/tools/avr/bin/../lib/gcc/avr/4.3.2/../../../../avr/lib/avr6/libc.a(strchr.o)
                                                  bin/core/core.a(WString.o)
strcmp                                            /Applications/Arduino.app/Contents/Resources/Java/hardware/tools/avr/bin/../lib/gcc/avr/4.3.2/../../../../avr/lib/avr6/libc.a(strcmp.o)
                                                  bin/core/core.a(WString.o)
strcpy                                            /Applications/Arduino.app/Contents/Resources/Java/hardware/tools/avr/bin/../lib/gcc/avr/4.3.2/../../../../avr/lib/avr6/libc.a(strcpy.o)
                                                  bin/core/core.a(WString.o)
strncmp                                           /Applications/Arduino.app/Contents/Resources/Java/hardware/tools/avr/bin/../lib/gcc/avr/4.3.2/../../../../avr/lib/avr6/libc.a(strncmp.o)
                                                  bin/core/core.a(WString.o)
strncpy                                           /Applications/Arduino.app/Contents/Resources/Java/hardware/tools/avr/bin/../lib/gcc/avr/4.3.2/../../../../avr/lib/avr6/libc.a(strncpy.o)
                                                  bin/core/core.a(WString.o)
strrchr                                           /Applications/Arduino.app/Contents/Resources/Java/hardware/tools/avr/bin/../lib/gcc/avr/4.3.2/../../../../avr/lib/avr6/libc.a(strrchr.o)
                                                  bin/core/core.a(WString.o)
strrev                                            /Applications/Arduino.app/Contents/Resources/Java/hardware/tools/avr/bin/../lib/gcc/avr/4.3.2/../../../../avr/lib/avr6/libc.a(strrev.o)
                                                  /Applications/Arduino.app/Contents/Resources/Java/hardware/tools/avr/bin/../lib/gcc/avr/4.3.2/../../../../avr/lib/avr6/libc.a(utoa.o)
                                                  /Applications/Arduino.app/Contents/Resources/Java/hardware/tools/avr/bin/../lib/gcc/avr/4.3.2/../../../../avr/lib/avr6/libc.a(ultoa.o)
                                                  /Applications/Arduino.app/Contents/Resources/Java/hardware/tools/avr/bin/../lib/gcc/avr/4.3.2/../../../../avr/lib/avr6/libc.a(ltoa.o)
                                                  /Applications/Arduino.app/Contents/Resources/Java/hardware/tools/avr/bin/../lib/gcc/avr/4.3.2/../../../../avr/lib/avr6/libc.a(itoa.o)
strstr                                            /Applications/Arduino.app/Contents/Resources/Java/hardware/tools/avr/bin/../lib/gcc/avr/4.3.2/../../../../avr/lib/avr6/libc.a(strstr.o)
                                                  bin/core/core.a(WString.o)
timer0_millis                                     bin/core/core.a(wiring.o)
timer0_overflow_count                             bin/core/core.a(wiring.o)