Archive member included because of file (symbol)

bin/core/core.a(wiring.o)     bin/bTool/DEBUG/obj/gsl_systemLoad.o (millis)
bin/core/core.a(wiring_digital.o)
                              bin/bTool/DEBUG/obj/dht11.o (pinMode)
bin/core/core.a(HardwareSerial.o)
                              bin/bTool/DEBUG/obj/gsl_systemLoad.o (Serial)
bin/core/core.a(new.o)        bin/core/core.a(HardwareSerial.o) (__cxa_pure_virtual)
bin/core/core.a(Print.o)      bin/core/core.a(HardwareSerial.o) (Print::write(unsigned char const*, unsigned int))
bin/core/core.a(WString.o)    bin/core/core.a(Print.o) (String::operator[](unsigned int) const)
bin/core/core.a(LiquidCrystal.o)
                              bin/bTool/DEBUG/obj/bTool.o (LiquidCrystal::display())
/Applications/Arduino.app/Contents/Resources/Java/hardware/tools/avr/bin/../lib/gcc/avr/4.3.2/../../../../avr/lib/avr6/libm.a(addsf3.o)
                              bin/bTool/DEBUG/obj/bTool.o (__subsf3)
/Applications/Arduino.app/Contents/Resources/Java/hardware/tools/avr/bin/../lib/gcc/avr/4.3.2/../../../../avr/lib/avr6/libm.a(addsf3x.o)
                              /Applications/Arduino.app/Contents/Resources/Java/hardware/tools/avr/bin/../lib/gcc/avr/4.3.2/../../../../avr/lib/avr6/libm.a(addsf3.o) (__addsf3x)
/Applications/Arduino.app/Contents/Resources/Java/hardware/tools/avr/bin/../lib/gcc/avr/4.3.2/../../../../avr/lib/avr6/libm.a(cmpsf2.o)
                              bin/core/core.a(Print.o) (__ltsf2)
/Applications/Arduino.app/Contents/Resources/Java/hardware/tools/avr/bin/../lib/gcc/avr/4.3.2/../../../../avr/lib/avr6/libm.a(divsf3.o)
                              bin/bTool/DEBUG/obj/bTool.o (__divsf3)
/Applications/Arduino.app/Contents/Resources/Java/hardware/tools/avr/bin/../lib/gcc/avr/4.3.2/../../../../avr/lib/avr6/libm.a(divsf3x.o)
                              /Applications/Arduino.app/Contents/Resources/Java/hardware/tools/avr/bin/../lib/gcc/avr/4.3.2/../../../../avr/lib/avr6/libm.a(divsf3.o) (__divsf3x)
/Applications/Arduino.app/Contents/Resources/Java/hardware/tools/avr/bin/../lib/gcc/avr/4.3.2/../../../../avr/lib/avr6/libm.a(fixsfsi.o)
                              bin/core/core.a(Print.o) (__fixsfsi)
/Applications/Arduino.app/Contents/Resources/Java/hardware/tools/avr/bin/../lib/gcc/avr/4.3.2/../../../../avr/lib/avr6/libm.a(fixunssfsi.o)
                              bin/core/core.a(Print.o) (__fixunssfsi)
/Applications/Arduino.app/Contents/Resources/Java/hardware/tools/avr/bin/../lib/gcc/avr/4.3.2/../../../../avr/lib/avr6/libm.a(floatsisf.o)
                              bin/core/core.a(Print.o) (__floatunsisf)
/Applications/Arduino.app/Contents/Resources/Java/hardware/tools/avr/bin/../lib/gcc/avr/4.3.2/../../../../avr/lib/avr6/libm.a(fp_cmp.o)
                              /Applications/Arduino.app/Contents/Resources/Java/hardware/tools/avr/bin/../lib/gcc/avr/4.3.2/../../../../avr/lib/avr6/libm.a(cmpsf2.o) (__fp_cmp)
/Applications/Arduino.app/Contents/Resources/Java/hardware/tools/avr/bin/../lib/gcc/avr/4.3.2/../../../../avr/lib/avr6/libm.a(fp_inf.o)
                              /Applications/Arduino.app/Contents/Resources/Java/hardware/tools/avr/bin/../lib/gcc/avr/4.3.2/../../../../avr/lib/avr6/libm.a(addsf3x.o) (__fp_inf)
/Applications/Arduino.app/Contents/Resources/Java/hardware/tools/avr/bin/../lib/gcc/avr/4.3.2/../../../../avr/lib/avr6/libm.a(fp_nan.o)
                              /Applications/Arduino.app/Contents/Resources/Java/hardware/tools/avr/bin/../lib/gcc/avr/4.3.2/../../../../avr/lib/avr6/libm.a(addsf3x.o) (__fp_nan)
/Applications/Arduino.app/Contents/Resources/Java/hardware/tools/avr/bin/../lib/gcc/avr/4.3.2/../../../../avr/lib/avr6/libm.a(fp_pscA.o)
                              /Applications/Arduino.app/Contents/Resources/Java/hardware/tools/avr/bin/../lib/gcc/avr/4.3.2/../../../../avr/lib/avr6/libm.a(addsf3x.o) (__fp_pscA)
/Applications/Arduino.app/Contents/Resources/Java/hardware/tools/avr/bin/../lib/gcc/avr/4.3.2/../../../../avr/lib/avr6/libm.a(fp_pscB.o)
                              /Applications/Arduino.app/Contents/Resources/Java/hardware/tools/avr/bin/../lib/gcc/avr/4.3.2/../../../../avr/lib/avr6/libm.a(addsf3x.o) (__fp_pscB)
/Applications/Arduino.app/Contents/Resources/Java/hardware/tools/avr/bin/../lib/gcc/avr/4.3.2/../../../../avr/lib/avr6/libm.a(fp_round.o)
                              /Applications/Arduino.app/Contents/Resources/Java/hardware/tools/avr/bin/../lib/gcc/avr/4.3.2/../../../../avr/lib/avr6/libm.a(addsf3.o) (__fp_round)
/Applications/Arduino.app/Contents/Resources/Java/hardware/tools/avr/bin/../lib/gcc/avr/4.3.2/../../../../avr/lib/avr6/libm.a(fp_split3.o)
                              /Applications/Arduino.app/Contents/Resources/Java/hardware/tools/avr/bin/../lib/gcc/avr/4.3.2/../../../../avr/lib/avr6/libm.a(addsf3x.o) (__fp_split3)
/Applications/Arduino.app/Contents/Resources/Java/hardware/tools/avr/bin/../lib/gcc/avr/4.3.2/../../../../avr/lib/avr6/libm.a(fp_zero.o)
[...]
Memory Configuration

Name             Origin             Length             Attributes
text             0x00000000         0x00100000         xr
data             0x00800200         0x0000fe00         rw !x
eeprom           0x00810000         0x00010000         rw !x
fuse             0x00820000         0x00000400         rw !x
lock             0x00830000         0x00000400         rw !x
signature        0x00840000         0x00000400         rw !x
*default*        0x00000000         0xffffffff

Linker script and memory map

Address of section .data set to 0x800200
LOAD /Applications/Arduino.app/Contents/Resources/Java/hardware/tools/avr/bin/../lib/gcc/avr/4.3.2/../../../../avr/lib/avr6/crtm2560.o
START GROUP
LOAD bin/core/core.a
LOAD bin/bTool/DEBUG/obj/gsl_systemLoad.o
LOAD bin/bTool/DEBUG/obj/main.o
LOAD bin/bTool/DEBUG/obj/rtos.o
LOAD bin/bTool/DEBUG/obj/bTool.o
LOAD bin/bTool/DEBUG/obj/dht11.o
END GROUP
LOAD /Applications/Arduino.app/Contents/Resources/Java/hardware/tools/avr/bin/../lib/gcc/avr/4.3.2/../../../../avr/lib/avr6/libm.a
LOAD /Applications/Arduino.app/Contents/Resources/Java/hardware/tools/avr/bin/../lib/gcc/avr/4.3.2/avr6/libgcc.a
LOAD /Applications/Arduino.app/Contents/Resources/Java/hardware/tools/avr/bin/../lib/gcc/avr/4.3.2/../../../../avr/lib/avr6/libc.a
LOAD /Applications/Arduino.app/Contents/Resources/Java/hardware/tools/avr/bin/../lib/gcc/avr/4.3.2/avr6/libgcc.a

.hash
 *(.hash)

.dynsym
 *(.dynsym)

.dynstr
 *(.dynstr)

.gnu.version
 *(.gnu.version)

.gnu.version_d
 *(.gnu.version_d)

.gnu.version_r
 *(.gnu.version_r)

.rel.init
 *(.rel.init)

.rela.init
 *(.rela.init)

.rel.text
 *(.rel.text)
 *(.rel.text.*)
 *(.rel.gnu.linkonce.t*)

.rela.text
 *(.rela.text)
 *(.rela.text.*)
 *(.rela.gnu.linkonce.t*)

.rel.fini
 *(.rel.fini)

.rela.fini
 *(.rela.fini)

.rel.rodata
 *(.rel.rodata)
 *(.rel.rodata.*)
 *(.rel.gnu.linkonce.r*)

.rela.rodata
 *(.rela.rodata)
 *(.rela.rodata.*)
 *(.rela.gnu.linkonce.r*)

.rel.data
 *(.rel.data)
 *(.rel.data.*)
 *(.rel.gnu.linkonce.d*)

.rela.data
 *(.rela.data)
 *(.rela.data.*)
 *(.rela.gnu.linkonce.d*)

.rel.ctors
 *(.rel.ctors)

.rela.ctors
 *(.rela.ctors)

.rel.dtors
 *(.rel.dtors)

.rela.dtors
 *(.rela.dtors)

.rel.got
 *(.rel.got)

.rela.got
 *(.rela.got)

.rel.bss
 *(.rel.bss)

.rela.bss
 *(.rela.bss)

.rel.plt
 *(.rel.plt)

.rela.plt
 *(.rela.plt)

.text           0x00000000     0x3250
 *(.vectors)
 .vectors       0x00000000       0xe4 /Applications/Arduino.app/Contents/Resources/Java/hardware/tools/avr/bin/../lib/gcc/avr/4.3.2/../../../../avr/lib/avr6/crtm2560.o
                0x00000000                __vectors
                0x00000000                __vector_default
 *(.vectors)
 *(.progmem.gcc*)
 .progmem.gcc_fplib
                0x000000e4       0x5a /Applications/Arduino.app/Contents/Resources/Java/hardware/tools/avr/bin/../lib/gcc/avr/4.3.2/../../../../avr/lib/avr6/libm.a(log.o)
 .progmem.gcc_fplib
                0x0000013e       0x28 /Applications/Arduino.app/Contents/Resources/Java/hardware/tools/avr/bin/../lib/gcc/avr/4.3.2/../../../../avr/lib/avr6/libm.a(exp.o)
 *(.progmem*)
 .progmem.data  0x00000166      0x120 bin/core/core.a(wiring_digital.o)
                0x00000166                port_to_mode_PGM
                0x000001b4                digital_pin_to_port_PGM
                0x000001fa                digital_pin_to_bit_mask_PGM
                0x00000180                port_to_output_PGM
                0x0000019a                port_to_input_PGM
                0x00000240                digital_pin_to_timer_PGM
                0x00000286                . = ALIGN (0x2)
                0x00000286                __trampolines_start = .
 *(.trampolines)
 .trampolines   0x00000286        0x0 linker stubs
 *(.trampolines*)
                0x00000286                __trampolines_end = .
 *(.jumptables)
 *(.jumptables*)
 *(.lowtext)
 *(.lowtext*)
                0x00000286                __ctors_start = .
 *(.ctors)
 .ctors         0x00000286        0x2 bin/core/core.a(HardwareSerial.o)
                0x00000288                __ctors_end = .
                0x00000288                __dtors_start = .
 *(.dtors)
                0x00000288                __dtors_end = .
 SORT(*)(.ctors)
 SORT(*)(.dtors)
 *(.init0)
 .init0         0x00000288        0x0 /Applications/Arduino.app/Contents/Resources/Java/hardware/tools/avr/bin/../lib/gcc/avr/4.3.2/../../../../avr/lib/avr6/crtm2560.o
                0x00000288                __init
 *(.init0)
 *(.init1)
 *(.init1)
 *(.init2)
 .init2         0x00000288       0x10 /Applications/Arduino.app/Contents/Resources/Java/hardware/tools/avr/bin/../lib/gcc/avr/4.3.2/../../../../avr/lib/avr6/crtm2560.o
 *(.init2)
 *(.init3)
 *(.init3)
 *(.init4)
 .init4         0x00000298       0x1c /Applications/Arduino.app/Contents/Resources/Java/hardware/tools/avr/bin/../lib/gcc/avr/4.3.2/../../../../avr/lib/avr6/crtm2560.o
                0x00000298                __do_copy_data
 .init4         0x000002b4       0x10 /Applications/Arduino.app/Contents/Resources/Java/hardware/tools/avr/bin/../lib/gcc/avr/4.3.2/avr6/libgcc.a(_clear_bss.o)
                0x000002b4                __do_clear_bss
 *(.init4)
 *(.init5)
 *(.init5)
 *(.init6)
 .init6         0x000002c4       0x16 /Applications/Arduino.app/Contents/Resources/Java/hardware/tools/avr/bin/../lib/gcc/avr/4.3.2/avr6/libgcc.a(_ctors.o)
                0x000002c4                __do_global_ctors
 *(.init6)
 *(.init7)
 *(.init7)
 *(.init8)
 *(.init8)
 *(.init9)
 .init9         0x000002da        0x6 /Applications/Arduino.app/Contents/Resources/Java/hardware/tools/avr/bin/../lib/gcc/avr/4.3.2/../../../../avr/lib/avr6/crtm2560.o
 *(.init9)
 *(.text)
 .text          0x000002e0        0x2 /Applications/Arduino.app/Contents/Resources/Java/hardware/tools/avr/bin/../lib/gcc/avr/4.3.2/../../../../avr/lib/avr6/crtm2560.o
                0x000002e0                __vector_38
                0x000002e0                __vector_22
                0x000002e0                __vector_28
                0x000002e0                __vector_1
                0x000002e0                __vector_32
                0x000002e0                __vector_34
                0x000002e0                __vector_24
                0x000002e0                __vector_12
                0x000002e0                __vector_46
                0x000002e0                __bad_interrupt
                0x000002e0                __vector_6
                0x000002e0                __vector_31
                0x000002e0                __vector_35
                0x000002e0                __vector_39
                0x000002e0                __vector_3
                0x000002e0                __vector_30
                0x000002e0                __vector_45
                0x000002e0                __vector_11
                0x000002e0                __vector_13
                0x000002e0                __vector_17
                0x000002e0                __vector_19
                0x000002e0                __vector_56
                0x000002e0                __vector_7
                0x000002e0                __vector_49
                0x000002e0                __vector_41
                0x000002e0                __vector_43
                0x000002e0                __vector_27
                0x000002e0                __vector_5
                0x000002e0                __vector_33
                0x000002e0                __vector_47
                0x000002e0                __vector_4
                0x000002e0                __vector_44
                0x000002e0                __vector_9
                0x000002e0                __vector_2
                0x000002e0                __vector_21
                0x000002e0                __vector_29
                0x000002e0                __vector_40
                0x000002e0                __vector_8
                0x000002e0                __vector_48
                0x000002e0                __vector_14
                0x000002e0                __vector_53
                0x000002e0                __vector_10
                0x000002e0                __vector_50
                0x000002e0                __vector_16
                0x000002e0                __vector_18
                0x000002e0                __vector_20
                0x000002e0                __vector_42
                0x000002e2                . = ALIGN (0x2)
 *(.text.*)
 .text._Z17gsl_getSystemLoadv
                0x000002e2      0x154 bin/bTool/DEBUG/obj/gsl_systemLoad.o
                0x000002e2                gsl_getSystemLoad()
 .text.main     0x00000436        0xc bin/bTool/DEBUG/obj/main.o
                0x00000436                main
 .text._Z22rtos_enableIRQTimerTicv
                0x00000442        0xc bin/bTool/DEBUG/obj/rtos.o
                0x00000442                rtos_enableIRQTimerTic()
 .text._ZL12waitForEventjhh
                0x0000044e      0x26c bin/bTool/DEBUG/obj/rtos.o
 .text._Z17rtos_waitForEventjhh
                0x000006ba       0xf8 bin/bTool/DEBUG/obj/rtos.o
                0x000006ba                rtos_waitForEvent(unsigned int, unsigned char, unsigned char)
 .text._Z13rtos_initRTOSv
                0x000007b2      0x1ee bin/bTool/DEBUG/obj/rtos.o
                0x000007b2                rtos_initRTOS()
 .text._Z19rtos_initializeTaskhPFvjEhPhjjhh
                0x000009a0      0x1dc bin/bTool/DEBUG/obj/rtos.o
                0x000009a0                rtos_initializeTask(unsigned char, void (*)(unsigned int), unsigned char, unsigned char*, unsigned int, unsigned int, unsigned char, unsigned char)
 .text._ZL10onTimerTicv
                0x00000b7c      0x212 bin/bTool/DEBUG/obj/rtos.o
 .text.__vector_15
                0x00000d8e       0xfe bin/bTool/DEBUG/obj/rtos.o
                0x00000d8e                __vector_15
 .text.loop     0x00000e8c        0x8 bin/bTool/DEBUG/obj/bTool.o
                0x00000e8c                loop
 .text.setup    0x00000e94       0x60 bin/bTool/DEBUG/obj/bTool.o
                0x00000e94                setup
 .text._ZL19task_LCD_managementj
                0x00000ef4       0xb0 bin/bTool/DEBUG/obj/bTool.o
 .text._Z8dewPointdd
                0x00000fa4      0x1ca bin/bTool/DEBUG/obj/bTool.o
                0x00000fa4                dewPoint(double, double)
 .text._ZL17task_Temp_sensorsj
                0x0000116e      0x220 bin/bTool/DEBUG/obj/bTool.o
 .text._ZN5dht114readEi
                0x0000138e      0x18c bin/bTool/DEBUG/obj/dht11.o
                0x0000138e                dht11::read(int)
 .text.__vector_23
                0x0000151a       0x90 bin/core/core.a(wiring.o)
                0x0000151a                __vector_23
 .text.millis   0x000015aa       0x1c bin/core/core.a(wiring.o)
                0x000015aa                millis
 .text.micros   0x000015c6       0x4c bin/core/core.a(wiring.o)
                0x000015c6                micros
 .text.delay    0x00001612       0xb2 bin/core/core.a(wiring.o)
                0x00001612                delay
 .text.delayMicroseconds
                0x000016c4       0x14 bin/core/core.a(wiring.o)
                0x000016c4                delayMicroseconds
 .text.init     0x000016d8       0xc4 bin/core/core.a(wiring.o)
                0x000016d8                init
 .text.pinMode  0x0000179c       0x7e bin/core/core.a(wiring_digital.o)
                0x0000179c                pinMode
 .text._ZL10turnOffPWMh
                0x0000181a       0xe8 bin/core/core.a(wiring_digital.o)
 .text.digitalWrite
                0x00001902       0x64 bin/core/core.a(wiring_digital.o)
                0x00001902                digitalWrite
 .text.digitalRead
                0x00001966       0x68 bin/core/core.a(wiring_digital.o)
                0x00001966                digitalRead
 .text.__vector_25
                0x000019ce       0x7e bin/core/core.a(HardwareSerial.o)
                0x000019ce                __vector_25
 .text.__vector_36
                0x00001a4c       0x7e bin/core/core.a(HardwareSerial.o)
                0x00001a4c                __vector_36
 .text.__vector_51
                0x00001aca       0x7e bin/core/core.a(HardwareSerial.o)
                0x00001aca                __vector_51
 .text.__vector_54
                0x00001b48       0x7e bin/core/core.a(HardwareSerial.o)
                0x00001b48                __vector_54
 .text.__vector_26
                0x00001bc6       0x7e bin/core/core.a(HardwareSerial.o)
                0x00001bc6                __vector_26
 .text.__vector_37
                0x00001c44       0x7e bin/core/core.a(HardwareSerial.o)
                0x00001c44                __vector_37
 .text.__vector_52
                0x00001cc2       0x7e bin/core/core.a(HardwareSerial.o)
                0x00001cc2                __vector_52
 .text.__vector_55
                0x00001d40       0x7e bin/core/core.a(HardwareSerial.o)
                0x00001d40                __vector_55
 .text._ZN14HardwareSerial5beginEm
                0x00001dbe      0x10e bin/core/core.a(HardwareSerial.o)
                0x00001dbe                HardwareSerial::begin(unsigned long)
 .text._ZN14HardwareSerial9availableEv
                0x00001ecc       0x22 bin/core/core.a(HardwareSerial.o)
                0x00001ecc                HardwareSerial::available()
 .text._ZN14HardwareSerial4peekEv
                0x00001eee       0x40 bin/core/core.a(HardwareSerial.o)
                0x00001eee                HardwareSerial::peek()
 .text._ZN14HardwareSerial4readEv
                0x00001f2e       0x52 bin/core/core.a(HardwareSerial.o)
                0x00001f2e                HardwareSerial::read()
 .text._ZN14HardwareSerial5flushEv
                0x00001f80       0x20 bin/core/core.a(HardwareSerial.o)
                0x00001f80                HardwareSerial::flush()
 .text._ZN14HardwareSerial5writeEh
                0x00001fa0       0x80 bin/core/core.a(HardwareSerial.o)
                0x00001fa0                HardwareSerial::write(unsigned char)
 .text._GLOBAL__I_rx_buffer
                0x00002020      0x26c bin/core/core.a(HardwareSerial.o)
 .text._ZN5Print5writeEPKhj
                0x0000228c       0x54 bin/core/core.a(Print.o)
                0x0000228c                Print::write(unsigned char const*, unsigned int)
 .text._ZN5Print7printlnEv
                0x000022e0       0x40 bin/core/core.a(Print.o)
                0x000022e0                Print::println()
 .text._ZN5Print5writeEPKc
                0x00002320       0x38 bin/core/core.a(Print.o)
                0x00002320                Print::write(char const*)
 .text._ZN5Print11printNumberEmh
                0x00002358       0xc2 bin/core/core.a(Print.o)
                0x00002358                Print::printNumber(unsigned long, unsigned char)
 .text._ZN5Print5printEmi
                0x0000241a       0x1a bin/core/core.a(Print.o)
                0x0000241a                Print::print(unsigned long, int)
 .text._ZN5Print7printlnEji
                0x00002434       0x36 bin/core/core.a(Print.o)
                0x00002434                Print::println(unsigned int, int)
 .text._ZN5Print5printEli
                0x0000246a       0x7c bin/core/core.a(Print.o)
                0x0000246a                Print::print(long, int)
 .text._ZN5Print7printlnEii
                0x000024e6       0x3a bin/core/core.a(Print.o)
                0x000024e6                Print::println(int, int)
 .text._ZN5Print5printEPKc
                0x00002520        0x4 bin/core/core.a(Print.o)
                0x00002520                Print::print(char const*)
 .text._ZN5Print10printFloatEdh
                0x00002524      0x1a2 bin/core/core.a(Print.o)
                0x00002524                Print::printFloat(double, unsigned char)
 .text._ZN5Print7printlnEdi
                0x000026c6       0x22 bin/core/core.a(Print.o)
                0x000026c6                Print::println(double, int)
 .text._ZN5Print7printlnEPKc
                0x000026e8       0x22 bin/core/core.a(Print.o)
                0x000026e8                Print::println(char const*)
 .text._ZN13LiquidCrystal11pulseEnableEv
                0x0000270a       0x3c bin/core/core.a(LiquidCrystal.o)
                0x0000270a                LiquidCrystal::pulseEnable()
 .text._ZN13LiquidCrystal10write8bitsEh
                0x00002746       0x66 bin/core/core.a(LiquidCrystal.o)
                0x00002746                LiquidCrystal::write8bits(unsigned char)
 .text._ZN13LiquidCrystal10write4bitsEh
                0x000027ac       0x68 bin/core/core.a(LiquidCrystal.o)
                0x000027ac                LiquidCrystal::write4bits(unsigned char)
 .text._ZN13LiquidCrystal4sendEhh
                0x00002814       0x48 bin/core/core.a(LiquidCrystal.o)
                0x00002814                LiquidCrystal::send(unsigned char, unsigned char)
 .text._ZN13LiquidCrystal5writeEh
                0x0000285c        0xa bin/core/core.a(LiquidCrystal.o)
                0x0000285c                LiquidCrystal::write(unsigned char)
 .text._ZN13LiquidCrystal7commandEh
                0x00002866        0x4 bin/core/core.a(LiquidCrystal.o)
                0x00002866                LiquidCrystal::command(unsigned char)
 .text._ZN13LiquidCrystal7displayEv
                0x0000286a       0x10 bin/core/core.a(LiquidCrystal.o)
                0x0000286a                LiquidCrystal::display()
 .text._ZN13LiquidCrystal9setCursorEhh
                0x0000287a       0x5c bin/core/core.a(LiquidCrystal.o)
                0x0000287a                LiquidCrystal::setCursor(unsigned char, unsigned char)
 .text._ZN13LiquidCrystal5clearEv
                0x000028d6        0xc bin/core/core.a(LiquidCrystal.o)
                0x000028d6                LiquidCrystal::clear()
 .text._ZN13LiquidCrystal5beginEhhh
                0x000028e2       0xc8 bin/core/core.a(LiquidCrystal.o)
                0x000028e2                LiquidCrystal::begin(unsigned char, unsigned char, unsigned char)
 .text._ZN13LiquidCrystal4initEhhhhhhhhhhhh
                0x000029aa       0x8c bin/core/core.a(LiquidCrystal.o)
                0x000029aa                LiquidCrystal::init(unsigned char, unsigned char, unsigned char, unsigned char, unsigned char, unsigned char, unsigned char, unsigned char, unsigned char, unsigned char, unsigned char, unsigned char)
 .text._ZN13LiquidCrystalC1Ehhhhhh
                0x00002a36       0x70 bin/core/core.a(LiquidCrystal.o)
                0x00002a36                LiquidCrystal::LiquidCrystal(unsigned char, unsigned char, unsigned char, unsigned char, unsigned char, unsigned char)
 .text.fplib    0x00002aa6        0xa /Applications/Arduino.app/Contents/Resources/Java/hardware/tools/avr/bin/../lib/gcc/avr/4.3.2/../../../../avr/lib/avr6/libm.a(addsf3.o)
                0x00002aa6                __subsf3
                0x00002aa8                __addsf3
 .text.fplib    0x00002ab0       0xc0 /Applications/Arduino.app/Contents/Resources/Java/hardware/tools/avr/bin/../lib/gcc/avr/4.3.2/../../../../avr/lib/avr6/libm.a(addsf3x.o)
                0x00002aca                __addsf3x
 .text.fplib    0x00002b70        0x8 /Applications/Arduino.app/Contents/Resources/Java/hardware/tools/avr/bin/../lib/gcc/avr/4.3.2/../../../../avr/lib/avr6/libm.a(cmpsf2.o)
                0x00002b70                __lesf2
                0x00002b70                __nesf2
                0x00002b70                __eqsf2
                0x00002b70                __cmpsf2
                0x00002b70                __ltsf2
 .text.fplib    0x00002b78        0x4 /Applications/Arduino.app/Contents/Resources/Java/hardware/tools/avr/bin/../lib/gcc/avr/4.3.2/../../../../avr/lib/avr6/libm.a(divsf3.o)
                0x00002b78                __divsf3
 .text.fplib    0x00002b7c       0xcc /Applications/Arduino.app/Contents/Resources/Java/hardware/tools/avr/bin/../lib/gcc/avr/4.3.2/../../../../avr/lib/avr6/libm.a(divsf3x.o)
                0x00002b92                __divsf3x
                0x00002b96                __divsf3_pse
 .text.fplib    0x00002c48        0xa /Applications/Arduino.app/Contents/Resources/Java/hardware/tools/avr/bin/../lib/gcc/avr/4.3.2/../../../../avr/lib/avr6/libm.a(fixsfsi.o)
                0x00002c48                __fixsfsi
 .text.fplib    0x00002c52       0x58 /Applications/Arduino.app/Contents/Resources/Java/hardware/tools/avr/bin/../lib/gcc/avr/4.3.2/../../../../avr/lib/avr6/libm.a(fixunssfsi.o)
                0x00002c52                __fixunssfsi
 .text.fplib    0x00002caa       0x7a /Applications/Arduino.app/Contents/Resources/Java/hardware/tools/avr/bin/../lib/gcc/avr/4.3.2/../../../../avr/lib/avr6/libm.a(floatsisf.o)
                0x00002cae                __floatsisf
                0x00002caa                __floatunsisf
 .text.fplib    0x00002d24       0x48 /Applications/Arduino.app/Contents/Resources/Java/hardware/tools/avr/bin/../lib/gcc/avr/4.3.2/../../../../avr/lib/avr6/libm.a(fp_cmp.o)
                0x00002d24                __fp_cmp
 .text.fplib    0x00002d6c        0xc /Applications/Arduino.app/Contents/Resources/Java/hardware/tools/avr/bin/../lib/gcc/avr/4.3.2/../../../../avr/lib/avr6/libm.a(fp_inf.o)
                0x00002d6c                __fp_inf
 .text.fplib    0x00002d78        0x6 /Applications/Arduino.app/Contents/Resources/Java/hardware/tools/avr/bin/../lib/gcc/avr/4.3.2/../../../../avr/lib/avr6/libm.a(fp_nan.o)
                0x00002d78                __fp_nan
 .text.fplib    0x00002d7e        0xe /Applications/Arduino.app/Contents/Resources/Java/hardware/tools/avr/bin/../lib/gcc/avr/4.3.2/../../../../avr/lib/avr6/libm.a(fp_pscA.o)
                0x00002d7e                __fp_pscA
 .text.fplib    0x00002d8c        0xe /Applications/Arduino.app/Contents/Resources/Java/hardware/tools/avr/bin/../lib/gcc/avr/4.3.2/../../../../avr/lib/avr6/libm.a(fp_pscB.o)
                0x00002d8c                __fp_pscB
 .text.fplib    0x00002d9a       0x22 /Applications/Arduino.app/Contents/Resources/Java/hardware/tools/avr/bin/../lib/gcc/avr/4.3.2/../../../../avr/lib/avr6/libm.a(fp_round.o)
                0x00002d9a                __fp_round
 .text.fplib    0x00002dbc       0x44 /Applications/Arduino.app/Contents/Resources/Java/hardware/tools/avr/bin/../lib/gcc/avr/4.3.2/../../../../avr/lib/avr6/libm.a(fp_split3.o)
                0x00002dbc                __fp_split3
                0x00002dcc                __fp_splitA
 .text.fplib    0x00002e00        0xe /Applications/Arduino.app/Contents/Resources/Java/hardware/tools/avr/bin/../lib/gcc/avr/4.3.2/../../../../avr/lib/avr6/libm.a(fp_zero.o)
                0x00002e00                __fp_zero
                0x00002e02                __fp_szero
 .text.fplib    0x00002e0e        0x8 /Applications/Arduino.app/Contents/Resources/Java/hardware/tools/avr/bin/../lib/gcc/avr/4.3.2/../../../../avr/lib/avr6/libm.a(gesf2.o)
                0x00002e0e                __gtsf2
                0x00002e0e                __gesf2
 .text.fplib    0x00002e16        0xc /Applications/Arduino.app/Contents/Resources/Java/hardware/tools/avr/bin/../lib/gcc/avr/4.3.2/../../../../avr/lib/avr6/libm.a(log10.o)
                0x00002e16                log10
 .text.fplib    0x00002e22       0x8a /Applications/Arduino.app/Contents/Resources/Java/hardware/tools/avr/bin/../lib/gcc/avr/4.3.2/../../../../avr/lib/avr6/libm.a(log.o)
                0x00002e2c                log
 .text.fplib    0x00002eac        0x4 /Applications/Arduino.app/Contents/Resources/Java/hardware/tools/avr/bin/../lib/gcc/avr/4.3.2/../../../../avr/lib/avr6/libm.a(mulsf3.o)
                0x00002eac                __mulsf3
 .text.fplib    0x00002eb0       0xc2 /Applications/Arduino.app/Contents/Resources/Java/hardware/tools/avr/bin/../lib/gcc/avr/4.3.2/../../../../avr/lib/avr6/libm.a(mulsf3x.o)
                0x00002ec8                __mulsf3_pse
                0x00002ec4                __mulsf3x
 .text.fplib    0x00002f72       0x98 /Applications/Arduino.app/Contents/Resources/Java/hardware/tools/avr/bin/../lib/gcc/avr/4.3.2/../../../../avr/lib/avr6/libm.a(pow.o)
                0x00002f72                pow
 .text.fplib    0x0000300a        0x8 /Applications/Arduino.app/Contents/Resources/Java/hardware/tools/avr/bin/../lib/gcc/avr/4.3.2/../../../../avr/lib/avr6/libm.a(unordsf2.o)
                0x0000300a                __unordsf2
 .text.fplib    0x00003012       0x62 /Applications/Arduino.app/Contents/Resources/Java/hardware/tools/avr/bin/../lib/gcc/avr/4.3.2/../../../../avr/lib/avr6/libm.a(exp.o)
                0x0000301c                exp
 .text.fplib    0x00003074       0x20 /Applications/Arduino.app/Contents/Resources/Java/hardware/tools/avr/bin/../lib/gcc/avr/4.3.2/../../../../avr/lib/avr6/libm.a(fp_mpack.o)
                0x00003074                __fp_mpack
 .text.fplib    0x00003094       0x4a /Applications/Arduino.app/Contents/Resources/Java/hardware/tools/avr/bin/../lib/gcc/avr/4.3.2/../../../../avr/lib/avr6/libm.a(fp_powser.o)
                0x00003094                __fp_powser
 .text.fplib    0x000030de        0xe /Applications/Arduino.app/Contents/Resources/Java/hardware/tools/avr/bin/../lib/gcc/avr/4.3.2/../../../../avr/lib/avr6/libm.a(inverse.o)
                0x000030de                inverse
 .text.fplib    0x000030ec       0x6c /Applications/Arduino.app/Contents/Resources/Java/hardware/tools/avr/bin/../lib/gcc/avr/4.3.2/../../../../avr/lib/avr6/libm.a(ldexp.o)
                0x000030f0                ldexp
 .text.fplib    0x00003158       0x66 /Applications/Arduino.app/Contents/Resources/Java/hardware/tools/avr/bin/../lib/gcc/avr/4.3.2/../../../../avr/lib/avr6/libm.a(modf.o)
                0x00003158                modf
 .text.libgcc   0x000031be       0x3e /Applications/Arduino.app/Contents/Resources/Java/hardware/tools/avr/bin/../lib/gcc/avr/4.3.2/avr6/libgcc.a(_mulsi3.o)
                0x000031be                __mulsi3
 .text.libgcc   0x000031fc       0x44 /Applications/Arduino.app/Contents/Resources/Java/hardware/tools/avr/bin/../lib/gcc/avr/4.3.2/avr6/libgcc.a(_udivmodsi4.o)
                0x000031fc                __udivmodsi4
 .text.libgcc   0x00003240        0xc /Applications/Arduino.app/Contents/Resources/Java/hardware/tools/avr/bin/../lib/gcc/avr/4.3.2/avr6/libgcc.a(_tablejump.o)
                0x00003244                __tablejump__
                0x00003240                __tablejump2__
                0x0000324c                . = ALIGN (0x2)
 *(.fini9)
 .fini9         0x0000324c        0x0 /Applications/Arduino.app/Contents/Resources/Java/hardware/tools/avr/bin/../lib/gcc/avr/4.3.2/avr6/libgcc.a(_exit.o)
                0x0000324c                exit
                0x0000324c                _exit
 *(.fini9)
 *(.fini8)
 *(.fini8)
 *(.fini7)
 *(.fini7)
 *(.fini6)
 *(.fini6)
 *(.fini5)
 *(.fini5)
 *(.fini4)
 *(.fini4)
 *(.fini3)
 *(.fini3)
 *(.fini2)
 *(.fini2)
 *(.fini1)
 *(.fini1)
 *(.fini0)
 .fini0         0x0000324c        0x4 /Applications/Arduino.app/Contents/Resources/Java/hardware/tools/avr/bin/../lib/gcc/avr/4.3.2/avr6/libgcc.a(_exit.o)
 *(.fini0)
                0x00003250                _etext = .

.data           0x00800200      0x272 load address 0x00003250
                0x00800200                PROVIDE (__data_start, .)
 *(.data)
 .data          0x00800200       0x3b bin/bTool/DEBUG/obj/gsl_systemLoad.o
 .data          0x0080023b       0x31 bin/bTool/DEBUG/obj/rtos.o
 .data          0x0080026c      0x1d3 bin/bTool/DEBUG/obj/bTool.o
 .data          0x0080043f        0xe bin/core/core.a(Print.o)
 *(.data*)
 .data._ZL5_time
                0x0080044d        0x1 bin/bTool/DEBUG/obj/rtos.o
 .data._ZL12_pActiveTask
                0x0080044e        0x2 bin/bTool/DEBUG/obj/rtos.o
 .data._ZL8_cpuLoad
                0x00800450        0x1 bin/bTool/DEBUG/obj/bTool.o
 *(.rodata)
 *(.rodata*)
 .rodata._ZTV14HardwareSerial
                0x00800451       0x10 bin/core/core.a(HardwareSerial.o)
                0x00800451                vtable for HardwareSerial
 .rodata._ZTV13LiquidCrystal
                0x00800461        0x8 bin/core/core.a(LiquidCrystal.o)
                0x00800461                vtable for LiquidCrystal
 .rodata._ZZN13LiquidCrystal9setCursorEhhE3C.3
                0x00800469        0x8 bin/core/core.a(LiquidCrystal.o)
 *(.gnu.linkonce.d*)
                0x00800472                . = ALIGN (0x2)
 *fill*         0x00800471        0x1 00
                0x00800472                _edata = .
                0x00800472                PROVIDE (__data_end, .)

.bss            0x00800472      0x514
                0x00800472                PROVIDE (__bss_start, .)
 *(.bss)
 *(.bss*)
 .bss._tmpVarAsmToC_u16
                0x00800472        0x2 bin/bTool/DEBUG/obj/rtos.o
                0x00800472                _tmpVarAsmToC_u16
 .bss._tmpVarCToAsm_u16
                0x00800474        0x2 bin/bTool/DEBUG/obj/rtos.o
                0x00800474                _tmpVarCToAsm_u16
 .bss._ZL18_pSuspendedTaskAry
                0x00800476        0x4 bin/bTool/DEBUG/obj/rtos.o
 .bss._ZL17_noSuspendedTasks
                0x0080047a        0x1 bin/bTool/DEBUG/obj/rtos.o
 .bss._ZL14_noDueTasksAry
                0x0080047b        0x3 bin/bTool/DEBUG/obj/rtos.o
 .bss._ZL15_pDueTaskAryAry
                0x0080047e       0x1e bin/bTool/DEBUG/obj/rtos.o
 .bss._ZL15_pSuspendedTask
                0x0080049c        0x2 bin/bTool/DEBUG/obj/rtos.o
 .bss._ZL8_taskAry
                0x0080049e       0x33 bin/bTool/DEBUG/obj/rtos.o
 .bss.DHT11     0x008004d1        0x4 bin/bTool/DEBUG/obj/bTool.o
                0x008004d1                DHT11
 .bss._ZL23_taskStack_Temp_sensors
                0x008004d5      0x100 bin/bTool/DEBUG/obj/bTool.o
 .bss._ZL25_taskStack_LCD_management
                0x008005d5      0x100 bin/bTool/DEBUG/obj/bTool.o
 .bss.timer0_overflow_count
                0x008006d5        0x4 bin/core/core.a(wiring.o)
                0x008006d5                timer0_overflow_count
 .bss.timer0_millis
                0x008006d9        0x4 bin/core/core.a(wiring.o)
                0x008006d9                timer0_millis
 .bss._ZL12timer0_fract
                0x008006dd        0x1 bin/core/core.a(wiring.o)
 .bss.rx_buffer
                0x008006de       0x44 bin/core/core.a(HardwareSerial.o)
                0x008006de                rx_buffer
 .bss.tx_buffer
                0x00800722       0x44 bin/core/core.a(HardwareSerial.o)
                0x00800722                tx_buffer
 .bss.rx_buffer1
                0x00800766       0x44 bin/core/core.a(HardwareSerial.o)
                0x00800766                rx_buffer1
 .bss.tx_buffer1
                0x008007aa       0x44 bin/core/core.a(HardwareSerial.o)
                0x008007aa                tx_buffer1
 .bss.rx_buffer2
                0x008007ee       0x44 bin/core/core.a(HardwareSerial.o)
                0x008007ee                rx_buffer2
 .bss.tx_buffer2
                0x00800832       0x44 bin/core/core.a(HardwareSerial.o)
                0x00800832                tx_buffer2
 .bss.rx_buffer3
                0x00800876       0x44 bin/core/core.a(HardwareSerial.o)
                0x00800876                rx_buffer3
 .bss.tx_buffer3
                0x008008ba       0x44 bin/core/core.a(HardwareSerial.o)
                0x008008ba                tx_buffer3
 .bss.Serial    0x008008fe       0x22 bin/core/core.a(HardwareSerial.o)
                0x008008fe                Serial
 .bss.Serial1   0x00800920       0x22 bin/core/core.a(HardwareSerial.o)
                0x00800920                Serial1
 .bss.Serial2   0x00800942       0x22 bin/core/core.a(HardwareSerial.o)
                0x00800942                Serial2
 .bss.Serial3   0x00800964       0x22 bin/core/core.a(HardwareSerial.o)
                0x00800964                Serial3
 *(COMMON)
                0x00800986                PROVIDE (__bss_end, .)
                0x00003250                __data_load_start = LOADADDR (.data)
                0x000034c2                __data_load_end = (__data_load_start + SIZEOF (.data))

.noinit         0x00800986        0x0
                0x00800986                PROVIDE (__noinit_start, .)
 *(.noinit*)
                0x00800986                PROVIDE (__noinit_end, .)
                0x00800986                _end = .
                0x00800986                PROVIDE (__heap_start, .)

.eeprom         0x00810000        0x0
 *(.eeprom*)
                0x00810000                __eeprom_end = .

.fuse
 *(.fuse)
 *(.lfuse)
 *(.hfuse)
 *(.efuse)

.lock
 *(.lock*)

.signature
 *(.signature*)

.stab
 *(.stab)

.stabstr
 *(.stabstr)

.stab.excl
 *(.stab.excl)

.stab.exclstr
 *(.stab.exclstr)

.stab.index
 *(.stab.index)

.stab.indexstr
 *(.stab.indexstr)

.comment
 *(.comment)

.debug
 *(.debug)

.line
 *(.line)

.debug_srcinfo
 *(.debug_srcinfo)

.debug_sfnames
 *(.debug_sfnames)

.debug_aranges  0x00000000      0x778
 *(.debug_aranges)
 .debug_aranges
                0x00000000       0x20 bin/bTool/DEBUG/obj/gsl_systemLoad.o
 .debug_aranges
                0x00000020       0x20 bin/bTool/DEBUG/obj/main.o
 .debug_aranges
                0x00000040       0x70 bin/bTool/DEBUG/obj/rtos.o
 .debug_aranges
                0x000000b0       0x48 bin/bTool/DEBUG/obj/bTool.o
 .debug_aranges
                0x000000f8       0x20 bin/bTool/DEBUG/obj/dht11.o
 .debug_aranges
                0x00000118       0x48 bin/core/core.a(wiring.o)
 .debug_aranges
                0x00000160       0x38 bin/core/core.a(wiring_digital.o)
 .debug_aranges
                0x00000198       0xe0 bin/core/core.a(HardwareSerial.o)
 .debug_aranges
                0x00000278       0x58 bin/core/core.a(new.o)
 .debug_aranges
                0x000002d0       0xf0 bin/core/core.a(Print.o)
 .debug_aranges
                0x000003c0      0x260 bin/core/core.a(WString.o)
 .debug_aranges
                0x00000620      0x118 bin/core/core.a(LiquidCrystal.o)
 .debug_aranges
                0x00000738       0x20 /Applications/Arduino.app/Contents/Resources/Java/hardware/tools/avr/bin/../lib/gcc/avr/4.3.2/../../../../avr/lib/avr6/libc.a(malloc.o)
 .debug_aranges
                0x00000758       0x20 /Applications/Arduino.app/Contents/Resources/Java/hardware/tools/avr/bin/../lib/gcc/avr/4.3.2/../../../../avr/lib/avr6/libc.a(realloc.o)

.debug_pubnames
                0x00000000     0x12de
 *(.debug_pubnames)
 .debug_pubnames
                0x00000000       0x28 bin/bTool/DEBUG/obj/gsl_systemLoad.o
 .debug_pubnames
                0x00000028       0x1b bin/bTool/DEBUG/obj/main.o
 .debug_pubnames
                0x00000043      0x10f bin/bTool/DEBUG/obj/rtos.o
 .debug_pubnames
                0x00000152       0x5c bin/bTool/DEBUG/obj/bTool.o
 .debug_pubnames
                0x000001ae       0x22 bin/bTool/DEBUG/obj/dht11.o
 .debug_pubnames
                0x000001d0       0x8d bin/core/core.a(wiring.o)
 .debug_pubnames
                0x0000025d       0xda bin/core/core.a(wiring_digital.o)
 .debug_pubnames
                0x00000337      0x2c5 bin/core/core.a(HardwareSerial.o)
 .debug_pubnames
                0x000005fc       0xbf bin/core/core.a(new.o)
 .debug_pubnames
                0x000006bb      0x200 bin/core/core.a(Print.o)
 .debug_pubnames
                0x000008bb      0x5bf bin/core/core.a(WString.o)
 .debug_pubnames
                0x00000e7a      0x3c7 bin/core/core.a(LiquidCrystal.o)
 .debug_pubnames
                0x00001241       0x7f /Applications/Arduino.app/Contents/Resources/Java/hardware/tools/avr/bin/../lib/gcc/avr/4.3.2/../../../../avr/lib/avr6/libc.a(malloc.o)
 .debug_pubnames
                0x000012c0       0x1e /Applications/Arduino.app/Contents/Resources/Java/hardware/tools/avr/bin/../lib/gcc/avr/4.3.2/../../../../avr/lib/avr6/libc.a(realloc.o)

.debug_info     0x00000000     0x91a9
 *(.debug_info)
 .debug_info    0x00000000      0x230 bin/bTool/DEBUG/obj/gsl_systemLoad.o
 .debug_info    0x00000230      0x1b1 bin/bTool/DEBUG/obj/main.o
 .debug_info    0x000003e1      0xa82 bin/bTool/DEBUG/obj/rtos.o
 .debug_info    0x00000e63      0x48b bin/bTool/DEBUG/obj/bTool.o
 .debug_info    0x000012ee      0x2ad bin/bTool/DEBUG/obj/dht11.o
 .debug_info    0x0000159b      0x36e bin/core/core.a(wiring.o)
 .debug_info    0x00001909      0x5dd bin/core/core.a(wiring_digital.o)
 .debug_info    0x00001ee6     0x1f05 bin/core/core.a(HardwareSerial.o)
 .debug_info    0x00003deb      0x195 bin/core/core.a(new.o)
 .debug_info    0x00003f80     0x1b2f bin/core/core.a(Print.o)
 .debug_info    0x00005aaf     0x21c5 bin/core/core.a(WString.o)
 .debug_info    0x00007c74     0x1198 bin/core/core.a(LiquidCrystal.o)
 .debug_info    0x00008e0c      0x204 /Applications/Arduino.app/Contents/Resources/Java/hardware/tools/avr/bin/../lib/gcc/avr/4.3.2/../../../../avr/lib/avr6/libc.a(malloc.o)
 .debug_info    0x00009010      0x199 /Applications/Arduino.app/Contents/Resources/Java/hardware/tools/avr/bin/../lib/gcc/avr/4.3.2/../../../../avr/lib/avr6/libc.a(realloc.o)
 *(.gnu.linkonce.wi.*)

.debug_abbrev   0x00000000     0x1a90
 *(.debug_abbrev)
 .debug_abbrev  0x00000000       0xcb bin/bTool/DEBUG/obj/gsl_systemLoad.o
 .debug_abbrev  0x000000cb       0x7e bin/bTool/DEBUG/obj/main.o
 .debug_abbrev  0x00000149      0x2af bin/bTool/DEBUG/obj/rtos.o
 .debug_abbrev  0x000003f8      0x218 bin/bTool/DEBUG/obj/bTool.o
 .debug_abbrev  0x00000610      0x146 bin/bTool/DEBUG/obj/dht11.o
 .debug_abbrev  0x00000756      0x16c bin/core/core.a(wiring.o)
 .debug_abbrev  0x000008c2      0x161 bin/core/core.a(wiring_digital.o)
 .debug_abbrev  0x00000a23      0x48e bin/core/core.a(HardwareSerial.o)
 .debug_abbrev  0x00000eb1       0xf7 bin/core/core.a(new.o)
 .debug_abbrev  0x00000fa8      0x336 bin/core/core.a(Print.o)
 .debug_abbrev  0x000012de      0x343 bin/core/core.a(WString.o)
 .debug_abbrev  0x00001621      0x27b bin/core/core.a(LiquidCrystal.o)
 .debug_abbrev  0x0000189c      0x10d /Applications/Arduino.app/Contents/Resources/Java/hardware/tools/avr/bin/../lib/gcc/avr/4.3.2/../../../../avr/lib/avr6/libc.a(malloc.o)
 .debug_abbrev  0x000019a9       0xe7 /Applications/Arduino.app/Contents/Resources/Java/hardware/tools/avr/bin/../lib/gcc/avr/4.3.2/../../../../avr/lib/avr6/libc.a(realloc.o)

.debug_line     0x00000000     0x5dee
 *(.debug_line)
 .debug_line    0x00000000      0x4c4 bin/bTool/DEBUG/obj/gsl_systemLoad.o
 .debug_line    0x000004c4      0x45c bin/bTool/DEBUG/obj/main.o
 .debug_line    0x00000920      0xb42 bin/bTool/DEBUG/obj/rtos.o
 .debug_line    0x00001462      0x6ce bin/bTool/DEBUG/obj/bTool.o
 .debug_line    0x00001b30      0x543 bin/bTool/DEBUG/obj/dht11.o
 .debug_line    0x00002073      0x453 bin/core/core.a(wiring.o)
 .debug_line    0x000024c6      0x3a3 bin/core/core.a(wiring_digital.o)
 .debug_line    0x00002869      0xbc2 bin/core/core.a(HardwareSerial.o)
 .debug_line    0x0000342b      0x20c bin/core/core.a(new.o)
 .debug_line    0x00003637      0x7b5 bin/core/core.a(Print.o)
 .debug_line    0x00003dec     0x1129 bin/core/core.a(WString.o)
 .debug_line    0x00004f15      0xa26 bin/core/core.a(LiquidCrystal.o)
 .debug_line    0x0000593b      0x297 /Applications/Arduino.app/Contents/Resources/Java/hardware/tools/avr/bin/../lib/gcc/avr/4.3.2/../../../../avr/lib/avr6/libc.a(malloc.o)
 .debug_line    0x00005bd2      0x21c /Applications/Arduino.app/Contents/Resources/Java/hardware/tools/avr/bin/../lib/gcc/avr/4.3.2/../../../../avr/lib/avr6/libc.a(realloc.o)

.debug_frame    0x00000000      0xd40
 *(.debug_frame)
 .debug_frame   0x00000000       0x20 bin/bTool/DEBUG/obj/gsl_systemLoad.o
 .debug_frame   0x00000020       0x20 bin/bTool/DEBUG/obj/main.o
 .debug_frame   0x00000040       0xc0 bin/bTool/DEBUG/obj/rtos.o
 .debug_frame   0x00000100       0x70 bin/bTool/DEBUG/obj/bTool.o
 .debug_frame   0x00000170       0x20 bin/bTool/DEBUG/obj/dht11.o
 .debug_frame   0x00000190       0x70 bin/core/core.a(wiring.o)
 .debug_frame   0x00000200       0x50 bin/core/core.a(wiring_digital.o)
 .debug_frame   0x00000250      0x1a0 bin/core/core.a(HardwareSerial.o)
 .debug_frame   0x000003f0       0x90 bin/core/core.a(new.o)
 .debug_frame   0x00000480      0x1c0 bin/core/core.a(Print.o)
 .debug_frame   0x00000640      0x4a0 bin/core/core.a(WString.o)
 .debug_frame   0x00000ae0      0x210 bin/core/core.a(LiquidCrystal.o)
 .debug_frame   0x00000cf0       0x30 /Applications/Arduino.app/Contents/Resources/Java/hardware/tools/avr/bin/../lib/gcc/avr/4.3.2/../../../../avr/lib/avr6/libc.a(malloc.o)
 .debug_frame   0x00000d20       0x20 /Applications/Arduino.app/Contents/Resources/Java/hardware/tools/avr/bin/../lib/gcc/avr/4.3.2/../../../../avr/lib/avr6/libc.a(realloc.o)

.debug_str      0x00000000     0x2392
 *(.debug_str)
 .debug_str     0x00000000       0xf8 bin/bTool/DEBUG/obj/gsl_systemLoad.o
                                0x13d (size before relaxing)
 .debug_str     0x000000f8       0x16 bin/bTool/DEBUG/obj/main.o
                                 0xd4 (size before relaxing)
 .debug_str     0x0000010e      0x412 bin/bTool/DEBUG/obj/rtos.o
                                0x515 (size before relaxing)
 .debug_str     0x00000520      0x152 bin/bTool/DEBUG/obj/bTool.o
                                0x22a (size before relaxing)
 .debug_str     0x00000672       0x2f bin/bTool/DEBUG/obj/dht11.o
                                0x123 (size before relaxing)
 .debug_str     0x000006a1       0xc7 bin/core/core.a(wiring.o)
                                0x180 (size before relaxing)
 .debug_str     0x00000768      0x132 bin/core/core.a(wiring_digital.o)
                                0x1eb (size before relaxing)
 .debug_str     0x0000089a      0xe05 bin/core/core.a(HardwareSerial.o)
                                0xf49 (size before relaxing)
 .debug_str     0x0000169f      0x10c bin/core/core.a(new.o)
                                0x14a (size before relaxing)
 .debug_str     0x000017ab      0x3d8 bin/core/core.a(Print.o)
                                0xc10 (size before relaxing)
 .debug_str     0x00001b83      0x1f0 bin/core/core.a(WString.o)
                                0x9ac (size before relaxing)
 .debug_str     0x00001d73      0x4db bin/core/core.a(LiquidCrystal.o)
                                0x5d5 (size before relaxing)
 .debug_str     0x0000224e      0x10e /Applications/Arduino.app/Contents/Resources/Java/hardware/tools/avr/bin/../lib/gcc/avr/4.3.2/../../../../avr/lib/avr6/libc.a(malloc.o)
                                0x181 (size before relaxing)
 .debug_str     0x0000235c       0x36 /Applications/Arduino.app/Contents/Resources/Java/hardware/tools/avr/bin/../lib/gcc/avr/4.3.2/../../../../avr/lib/avr6/libc.a(realloc.o)
                                0x14f (size before relaxing)

.debug_loc      0x00000000     0x55ce
 *(.debug_loc)
 .debug_loc     0x00000000      0x1d0 bin/bTool/DEBUG/obj/gsl_systemLoad.o
 .debug_loc     0x000001d0      0x7a7 bin/bTool/DEBUG/obj/rtos.o
 .debug_loc     0x00000977      0x102 bin/bTool/DEBUG/obj/bTool.o
 .debug_loc     0x00000a79       0xc0 bin/bTool/DEBUG/obj/dht11.o
 .debug_loc     0x00000b39      0x16d bin/core/core.a(wiring.o)
 .debug_loc     0x00000ca6      0x27a bin/core/core.a(wiring_digital.o)
 .debug_loc     0x00000f20      0x53f bin/core/core.a(HardwareSerial.o)
 .debug_loc     0x0000145f       0xb0 bin/core/core.a(new.o)
 .debug_loc     0x0000150f      0xdb8 bin/core/core.a(Print.o)
 .debug_loc     0x000022c7     0x1f05 bin/core/core.a(WString.o)
 .debug_loc     0x000041cc      0xf8a bin/core/core.a(LiquidCrystal.o)
 .debug_loc     0x00005156      0x288 /Applications/Arduino.app/Contents/Resources/Java/hardware/tools/avr/bin/../lib/gcc/avr/4.3.2/../../../../avr/lib/avr6/libc.a(malloc.o)
 .debug_loc     0x000053de      0x1f0 /Applications/Arduino.app/Contents/Resources/Java/hardware/tools/avr/bin/../lib/gcc/avr/4.3.2/../../../../avr/lib/avr6/libc.a(realloc.o)

.debug_macinfo  0x00000000    0x3d15b
 *(.debug_macinfo)
 .debug_macinfo
                0x00000000     0xbc1e bin/bTool/DEBUG/obj/gsl_systemLoad.o
 .debug_macinfo
                0x0000bc1e     0xc3e7 bin/bTool/DEBUG/obj/main.o
 .debug_macinfo
                0x00018005     0xce40 bin/bTool/DEBUG/obj/rtos.o
 .debug_macinfo
                0x00024e45     0xc834 bin/bTool/DEBUG/obj/bTool.o
 .debug_macinfo
                0x00031679     0xbae2 bin/bTool/DEBUG/obj/dht11.o
OUTPUT(bin/bTool/DEBUG/RTuinOS_bTool.elf elf32-avr)
LOAD linker stubs

.debug_ranges   0x00000000      0x888
 .debug_ranges  0x00000000       0x18 bin/bTool/DEBUG/obj/gsl_systemLoad.o
 .debug_ranges  0x00000018       0x18 bin/bTool/DEBUG/obj/main.o
 .debug_ranges  0x00000030      0x198 bin/bTool/DEBUG/obj/rtos.o
 .debug_ranges  0x000001c8       0x58 bin/bTool/DEBUG/obj/bTool.o
 .debug_ranges  0x00000220       0x68 bin/bTool/DEBUG/obj/dht11.o
 .debug_ranges  0x00000288       0x40 bin/core/core.a(wiring.o)
 .debug_ranges  0x000002c8       0x30 bin/core/core.a(wiring_digital.o)
 .debug_ranges  0x000002f8       0xd8 bin/core/core.a(HardwareSerial.o)
 .debug_ranges  0x000003d0       0x50 bin/core/core.a(new.o)
 .debug_ranges  0x00000420       0xe8 bin/core/core.a(Print.o)
 .debug_ranges  0x00000508      0x270 bin/core/core.a(WString.o)
 .debug_ranges  0x00000778      0x110 bin/core/core.a(LiquidCrystal.o)

Cross Reference Table

Symbol                                            File
DHT11                                             bin/bTool/DEBUG/obj/bTool.o
HardwareSerial::HardwareSerial(ring_buffer*, ring_buffer*, unsigned char volatile*, unsigned char volatile*, unsigned char volatile*, unsigned char volatile*, unsigned char volatile*, unsigned char volatile*, unsigned char, unsigned char, unsigned char, unsigned char, unsigned char) bin/core/core.a(HardwareSerial.o)
HardwareSerial::HardwareSerial(ring_buffer*, ring_buffer*, unsigned char volatile*, unsigned char volatile*, unsigned char volatile*, unsigned char volatile*, unsigned char volatile*, unsigned char volatile*, unsigned char, unsigned char, unsigned char, unsigned char, unsigned char) bin/core/core.a(HardwareSerial.o)
HardwareSerial::available()                       bin/core/core.a(HardwareSerial.o)
HardwareSerial::begin(unsigned long)              bin/core/core.a(HardwareSerial.o)
                                                  bin/bTool/DEBUG/obj/bTool.o
HardwareSerial::begin(unsigned long, unsigned char) bin/core/core.a(HardwareSerial.o)
HardwareSerial::end()                             bin/core/core.a(HardwareSerial.o)
HardwareSerial::flush()                           bin/core/core.a(HardwareSerial.o)
HardwareSerial::operator bool()                   bin/core/core.a(HardwareSerial.o)
HardwareSerial::peek()                            bin/core/core.a(HardwareSerial.o)
HardwareSerial::read()                            bin/core/core.a(HardwareSerial.o)
HardwareSerial::write(unsigned char)              bin/core/core.a(HardwareSerial.o)
LiquidCrystal::LiquidCrystal(unsigned char, unsigned char, unsigned char, unsigned char, unsigned char, unsigned char) bin/core/core.a(LiquidCrystal.o)
LiquidCrystal::LiquidCrystal(unsigned char, unsigned char, unsigned char, unsigned char, unsigned char, unsigned char) bin/core/core.a(LiquidCrystal.o)
                                                  bin/bTool/DEBUG/obj/bTool.o
LiquidCrystal::LiquidCrystal(unsigned char, unsigned char, unsigned char, unsigned char, unsigned char, unsigned char, unsigned char) bin/core/core.a(LiquidCrystal.o)
LiquidCrystal::LiquidCrystal(unsigned char, unsigned char, unsigned char, unsigned char, unsigned char, unsigned char, unsigned char) bin/core/core.a(LiquidCrystal.o)
LiquidCrystal::LiquidCrystal(unsigned char, unsigned char, unsigned char, unsigned char, unsigned char, unsigned char, unsigned char, unsigned char, unsigned char, unsigned char) bin/core/core.a(LiquidCrystal.o)
LiquidCrystal::LiquidCrystal(unsigned char, unsigned char, unsigned char, unsigned char, unsigned char, unsigned char, unsigned char, unsigned char, unsigned char, unsigned char) bin/core/core.a(LiquidCrystal.o)
LiquidCrystal::LiquidCrystal(unsigned char, unsigned char, unsigned char, unsigned char, unsigned char, unsigned char, unsigned char, unsigned char, unsigned char, unsigned char, unsigned char) bin/core/core.a(LiquidCrystal.o)
LiquidCrystal::LiquidCrystal(unsigned char, unsigned char, unsigned char, unsigned char, unsigned char, unsigned char, unsigned char, unsigned char, unsigned char, unsigned char, unsigned char) bin/core/core.a(LiquidCrystal.o)
LiquidCrystal::autoscroll()                       bin/core/core.a(LiquidCrystal.o)
LiquidCrystal::begin(unsigned char, unsigned char, unsigned char) bin/core/core.a(LiquidCrystal.o)
                                                  bin/bTool/DEBUG/obj/bTool.o
LiquidCrystal::blink()                            bin/core/core.a(LiquidCrystal.o)
LiquidCrystal::clear()                            bin/core/core.a(LiquidCrystal.o)
                                                  bin/bTool/DEBUG/obj/bTool.o
LiquidCrystal::command(unsigned char)             bin/core/core.a(LiquidCrystal.o)
LiquidCrystal::createChar(unsigned char, unsigned char*) bin/core/core.a(LiquidCrystal.o)
LiquidCrystal::cursor()                           bin/core/core.a(LiquidCrystal.o)
LiquidCrystal::display()                          bin/core/core.a(LiquidCrystal.o)
                                                  bin/bTool/DEBUG/obj/bTool.o
LiquidCrystal::home()                             bin/core/core.a(LiquidCrystal.o)
LiquidCrystal::init(unsigned char, unsigned char, unsigned char, unsigned char, unsigned char, unsigned char, unsigned char, unsigned char, unsigned char, unsigned char, unsigned char, unsigned char) bin/core/core.a(LiquidCrystal.o)
LiquidCrystal::leftToRight()                      bin/core/core.a(LiquidCrystal.o)
LiquidCrystal::noAutoscroll()                     bin/core/core.a(LiquidCrystal.o)
LiquidCrystal::noBlink()                          bin/core/core.a(LiquidCrystal.o)
LiquidCrystal::noCursor()                         bin/core/core.a(LiquidCrystal.o)
LiquidCrystal::noDisplay()                        bin/core/core.a(LiquidCrystal.o)
LiquidCrystal::pulseEnable()                      bin/core/core.a(LiquidCrystal.o)
LiquidCrystal::rightToLeft()                      bin/core/core.a(LiquidCrystal.o)
LiquidCrystal::scrollDisplayLeft()                bin/core/core.a(LiquidCrystal.o)
LiquidCrystal::scrollDisplayRight()               bin/core/core.a(LiquidCrystal.o)
LiquidCrystal::send(unsigned char, unsigned char) bin/core/core.a(LiquidCrystal.o)
LiquidCrystal::setCursor(unsigned char, unsigned char) bin/core/core.a(LiquidCrystal.o)
                                                  bin/bTool/DEBUG/obj/bTool.o
LiquidCrystal::write(unsigned char)               bin/core/core.a(LiquidCrystal.o)
LiquidCrystal::write4bits(unsigned char)          bin/core/core.a(LiquidCrystal.o)
LiquidCrystal::write8bits(unsigned char)          bin/core/core.a(LiquidCrystal.o)
Print::print(Printable const&)                    bin/core/core.a(Print.o)
Print::print(String const&)                       bin/core/core.a(Print.o)
Print::print(__FlashStringHelper const*)          bin/core/core.a(Print.o)
Print::print(char const*)                         bin/core/core.a(Print.o)
                                                  bin/bTool/DEBUG/obj/bTool.o
                                                  bin/bTool/DEBUG/obj/rtos.o
                                                  bin/bTool/DEBUG/obj/gsl_systemLoad.o
Print::print(char)                                bin/core/core.a(Print.o)
Print::print(double, int)                         bin/core/core.a(Print.o)
Print::print(int, int)                            bin/core/core.a(Print.o)
Print::print(long, int)                           bin/core/core.a(Print.o)
Print::print(unsigned char, int)                  bin/core/core.a(Print.o)
Print::print(unsigned int, int)                   bin/core/core.a(Print.o)
Print::print(unsigned long, int)                  bin/core/core.a(Print.o)
Print::printFloat(double, unsigned char)          bin/core/core.a(Print.o)
Print::printNumber(unsigned long, unsigned char)  bin/core/core.a(Print.o)
Print::println()                                  bin/core/core.a(Print.o)
Print::println(Printable const&)                  bin/core/core.a(Print.o)
Print::println(String const&)                     bin/core/core.a(Print.o)
Print::println(__FlashStringHelper const*)        bin/core/core.a(Print.o)
Print::println(char const*)                       bin/core/core.a(Print.o)
                                                  bin/bTool/DEBUG/obj/bTool.o
Print::println(char)                              bin/core/core.a(Print.o)
Print::println(double, int)                       bin/core/core.a(Print.o)
                                                  bin/bTool/DEBUG/obj/bTool.o
Print::println(int, int)                          bin/core/core.a(Print.o)
                                                  bin/bTool/DEBUG/obj/rtos.o
                                                  bin/bTool/DEBUG/obj/gsl_systemLoad.o
Print::println(long, int)                         bin/core/core.a(Print.o)
Print::println(unsigned char, int)                bin/core/core.a(Print.o)
Print::println(unsigned int, int)                 bin/core/core.a(Print.o)
                                                  bin/bTool/DEBUG/obj/bTool.o
Print::println(unsigned long, int)                bin/core/core.a(Print.o)
Print::write(char const*)                         bin/core/core.a(Print.o)
Print::write(unsigned char const*, unsigned int)  bin/core/core.a(Print.o)
                                                  bin/core/core.a(LiquidCrystal.o)
                                                  bin/core/core.a(HardwareSerial.o)
Serial                                            bin/core/core.a(HardwareSerial.o)
                                                  bin/bTool/DEBUG/obj/bTool.o
                                                  bin/bTool/DEBUG/obj/rtos.o
                                                  bin/bTool/DEBUG/obj/gsl_systemLoad.o
Serial1                                           bin/core/core.a(HardwareSerial.o)
Serial2                                           bin/core/core.a(HardwareSerial.o)
Serial3                                           bin/core/core.a(HardwareSerial.o)
String::String(String const&)                     bin/core/core.a(WString.o)
String::String(String const&)                     bin/core/core.a(WString.o)
String::String(char const*)                       bin/core/core.a(WString.o)
String::String(char const*)                       bin/core/core.a(WString.o)
String::String(char)                              bin/core/core.a(WString.o)
String::String(char)                              bin/core/core.a(WString.o)
String::String(int, unsigned char)                bin/core/core.a(WString.o)
String::String(int, unsigned char)                bin/core/core.a(WString.o)
String::String(long, unsigned char)               bin/core/core.a(WString.o)
String::String(long, unsigned char)               bin/core/core.a(WString.o)
String::String(unsigned char, unsigned char)      bin/core/core.a(WString.o)
String::String(unsigned char, unsigned char)      bin/core/core.a(WString.o)
String::String(unsigned int, unsigned char)       bin/core/core.a(WString.o)
String::String(unsigned int, unsigned char)       bin/core/core.a(WString.o)
String::String(unsigned long, unsigned char)      bin/core/core.a(WString.o)
String::String(unsigned long, unsigned char)      bin/core/core.a(WString.o)
String::changeBuffer(unsigned int)                bin/core/core.a(WString.o)
String::charAt(unsigned int) const                bin/core/core.a(WString.o)
String::compareTo(String const&) const            bin/core/core.a(WString.o)
String::concat(String const&)                     bin/core/core.a(WString.o)
String::concat(char const*)                       bin/core/core.a(WString.o)
String::concat(char const*, unsigned int)         bin/core/core.a(WString.o)
String::concat(char)                              bin/core/core.a(WString.o)
String::concat(int)                               bin/core/core.a(WString.o)
String::concat(long)                              bin/core/core.a(WString.o)
String::concat(unsigned char)                     bin/core/core.a(WString.o)
String::concat(unsigned int)                      bin/core/core.a(WString.o)
String::concat(unsigned long)                     bin/core/core.a(WString.o)
String::copy(char const*, unsigned int)           bin/core/core.a(WString.o)
String::endsWith(String const&) const             bin/core/core.a(WString.o)
String::equals(String const&) const               bin/core/core.a(WString.o)
String::equals(char const*) const                 bin/core/core.a(WString.o)
String::equalsIgnoreCase(String const&) const     bin/core/core.a(WString.o)
String::getBytes(unsigned char*, unsigned int, unsigned int) const bin/core/core.a(WString.o)
String::indexOf(String const&) const              bin/core/core.a(WString.o)
String::indexOf(String const&, unsigned int) const bin/core/core.a(WString.o)
String::indexOf(char) const                       bin/core/core.a(WString.o)
String::indexOf(char, unsigned int) const         bin/core/core.a(WString.o)
String::invalidate()                              bin/core/core.a(WString.o)
String::lastIndexOf(String const&) const          bin/core/core.a(WString.o)
String::lastIndexOf(String const&, unsigned int) const bin/core/core.a(WString.o)
String::lastIndexOf(char) const                   bin/core/core.a(WString.o)
String::lastIndexOf(char, unsigned int) const     bin/core/core.a(WString.o)
String::operator<(String const&) const            bin/core/core.a(WString.o)
String::operator<=(String const&) const           bin/core/core.a(WString.o)
String::operator=(String const&)                  bin/core/core.a(WString.o)
String::operator=(char const*)                    bin/core/core.a(WString.o)
String::operator>(String const&) const            bin/core/core.a(WString.o)
String::operator>=(String const&) const           bin/core/core.a(WString.o)
String::operator[](unsigned int)                  bin/core/core.a(WString.o)
String::operator[](unsigned int) const            bin/core/core.a(WString.o)
                                                  bin/core/core.a(Print.o)
String::replace(String const&, String const&)     bin/core/core.a(WString.o)
String::replace(char, char)                       bin/core/core.a(WString.o)
String::reserve(unsigned int)                     bin/core/core.a(WString.o)
String::setCharAt(unsigned int, char)             bin/core/core.a(WString.o)
String::startsWith(String const&) const           bin/core/core.a(WString.o)
String::startsWith(String const&, unsigned int) const bin/core/core.a(WString.o)
String::substring(unsigned int) const             bin/core/core.a(WString.o)
String::substring(unsigned int, unsigned int) const bin/core/core.a(WString.o)
String::toInt() const                             bin/core/core.a(WString.o)
String::toLowerCase()                             bin/core/core.a(WString.o)
String::toUpperCase()                             bin/core/core.a(WString.o)
String::trim()                                    bin/core/core.a(WString.o)
String::~String()                                 bin/core/core.a(WString.o)
String::~String()                                 bin/core/core.a(WString.o)
__addsf3                                          /Applications/Arduino.app/Contents/Resources/Java/hardware/tools/avr/bin/../lib/gcc/avr/4.3.2/../../../../avr/lib/avr6/libm.a(addsf3.o)
                                                  /Applications/Arduino.app/Contents/Resources/Java/hardware/tools/avr/bin/../lib/gcc/avr/4.3.2/../../../../avr/lib/avr6/libm.a(log.o)
                                                  bin/core/core.a(Print.o)
                                                  bin/bTool/DEBUG/obj/bTool.o
__addsf3x                                         /Applications/Arduino.app/Contents/Resources/Java/hardware/tools/avr/bin/../lib/gcc/avr/4.3.2/../../../../avr/lib/avr6/libm.a(addsf3x.o)
                                                  /Applications/Arduino.app/Contents/Resources/Java/hardware/tools/avr/bin/../lib/gcc/avr/4.3.2/../../../../avr/lib/avr6/libm.a(fp_powser.o)
                                                  /Applications/Arduino.app/Contents/Resources/Java/hardware/tools/avr/bin/../lib/gcc/avr/4.3.2/../../../../avr/lib/avr6/libm.a(log.o)
                                                  /Applications/Arduino.app/Contents/Resources/Java/hardware/tools/avr/bin/../lib/gcc/avr/4.3.2/../../../../avr/lib/avr6/libm.a(addsf3.o)
__bad_interrupt                                   /Applications/Arduino.app/Contents/Resources/Java/hardware/tools/avr/bin/../lib/gcc/avr/4.3.2/../../../../avr/lib/avr6/crtm2560.o
__brkval                                          /Applications/Arduino.app/Contents/Resources/Java/hardware/tools/avr/bin/../lib/gcc/avr/4.3.2/../../../../avr/lib/avr6/libc.a(realloc.o)
                                                  /Applications/Arduino.app/Contents/Resources/Java/hardware/tools/avr/bin/../lib/gcc/avr/4.3.2/../../../../avr/lib/avr6/libc.a(malloc.o)
__bss_end                                         /Applications/Arduino.app/Contents/Resources/Java/hardware/tools/avr/bin/../lib/gcc/avr/4.3.2/avr6/libgcc.a(_clear_bss.o)
__bss_start                                       /Applications/Arduino.app/Contents/Resources/Java/hardware/tools/avr/bin/../lib/gcc/avr/4.3.2/avr6/libgcc.a(_clear_bss.o)
__cmpsf2                                          /Applications/Arduino.app/Contents/Resources/Java/hardware/tools/avr/bin/../lib/gcc/avr/4.3.2/../../../../avr/lib/avr6/libm.a(cmpsf2.o)
__ctors_end                                       /Applications/Arduino.app/Contents/Resources/Java/hardware/tools/avr/bin/../lib/gcc/avr/4.3.2/avr6/libgcc.a(_ctors.o)
__ctors_start                                     /Applications/Arduino.app/Contents/Resources/Java/hardware/tools/avr/bin/../lib/gcc/avr/4.3.2/avr6/libgcc.a(_ctors.o)
__ctype_isfalse                                   /Applications/Arduino.app/Contents/Resources/Java/hardware/tools/avr/bin/../lib/gcc/avr/4.3.2/../../../../avr/lib/avr6/libc.a(cty_isfalse.o)
                                                  /Applications/Arduino.app/Contents/Resources/Java/hardware/tools/avr/bin/../lib/gcc/avr/4.3.2/../../../../avr/lib/avr6/libc.a(isspace.o)
__ctype_istrue                                    /Applications/Arduino.app/Contents/Resources/Java/hardware/tools/avr/bin/../lib/gcc/avr/4.3.2/../../../../avr/lib/avr6/libc.a(cty_isfalse.o)
__cxa_guard_abort                                 bin/core/core.a(new.o)
__cxa_guard_acquire                               bin/core/core.a(new.o)
__cxa_guard_release                               bin/core/core.a(new.o)
__cxa_pure_virtual                                bin/core/core.a(new.o)
                                                  bin/core/core.a(Print.o)
                                                  bin/core/core.a(HardwareSerial.o)
__data_end                                        /Applications/Arduino.app/Contents/Resources/Java/hardware/tools/avr/bin/../lib/gcc/avr/4.3.2/../../../../avr/lib/avr6/crtm2560.o
__data_load_start                                 /Applications/Arduino.app/Contents/Resources/Java/hardware/tools/avr/bin/../lib/gcc/avr/4.3.2/../../../../avr/lib/avr6/crtm2560.o
__data_start                                      /Applications/Arduino.app/Contents/Resources/Java/hardware/tools/avr/bin/../lib/gcc/avr/4.3.2/../../../../avr/lib/avr6/crtm2560.o
__divsf3                                          /Applications/Arduino.app/Contents/Resources/Java/hardware/tools/avr/bin/../lib/gcc/avr/4.3.2/../../../../avr/lib/avr6/libm.a(divsf3.o)
                                                  /Applications/Arduino.app/Contents/Resources/Java/hardware/tools/avr/bin/../lib/gcc/avr/4.3.2/../../../../avr/lib/avr6/libm.a(inverse.o)
                                                  bin/core/core.a(Print.o)
                                                  bin/bTool/DEBUG/obj/bTool.o
__divsf3_pse                                      /Applications/Arduino.app/Contents/Resources/Java/hardware/tools/avr/bin/../lib/gcc/avr/4.3.2/../../../../avr/lib/avr6/libm.a(divsf3x.o)
__divsf3x                                         /Applications/Arduino.app/Contents/Resources/Java/hardware/tools/avr/bin/../lib/gcc/avr/4.3.2/../../../../avr/lib/avr6/libm.a(divsf3x.o)
                                                  /Applications/Arduino.app/Contents/Resources/Java/hardware/tools/avr/bin/../lib/gcc/avr/4.3.2/../../../../avr/lib/avr6/libm.a(divsf3.o)
__do_clear_bss                                    /Applications/Arduino.app/Contents/Resources/Java/hardware/tools/avr/bin/../lib/gcc/avr/4.3.2/avr6/libgcc.a(_clear_bss.o)
                                                  /Applications/Arduino.app/Contents/Resources/Java/hardware/tools/avr/bin/../lib/gcc/avr/4.3.2/../../../../avr/lib/avr6/libc.a(realloc.o)
                                                  /Applications/Arduino.app/Contents/Resources/Java/hardware/tools/avr/bin/../lib/gcc/avr/4.3.2/../../../../avr/lib/avr6/libc.a(malloc.o)
                                                  bin/core/core.a(LiquidCrystal.o)
                                                  bin/core/core.a(WString.o)
                                                  bin/core/core.a(Print.o)
                                                  bin/core/core.a(new.o)
                                                  bin/core/core.a(HardwareSerial.o)
                                                  bin/core/core.a(wiring_digital.o)
                                                  bin/core/core.a(wiring.o)
                                                  bin/bTool/DEBUG/obj/dht11.o
                                                  bin/bTool/DEBUG/obj/bTool.o
                                                  bin/bTool/DEBUG/obj/rtos.o
                                                  bin/bTool/DEBUG/obj/main.o
                                                  bin/bTool/DEBUG/obj/gsl_systemLoad.o
__do_copy_data                                    /Applications/Arduino.app/Contents/Resources/Java/hardware/tools/avr/bin/../lib/gcc/avr/4.3.2/../../../../avr/lib/avr6/crtm2560.o
                                                  /Applications/Arduino.app/Contents/Resources/Java/hardware/tools/avr/bin/../lib/gcc/avr/4.3.2/../../../../avr/lib/avr6/libc.a(realloc.o)
                                                  /Applications/Arduino.app/Contents/Resources/Java/hardware/tools/avr/bin/../lib/gcc/avr/4.3.2/../../../../avr/lib/avr6/libc.a(malloc.o)
                                                  bin/core/core.a(LiquidCrystal.o)
                                                  bin/core/core.a(WString.o)
                                                  bin/core/core.a(Print.o)
                                                  bin/core/core.a(new.o)
                                                  bin/core/core.a(HardwareSerial.o)
                                                  bin/core/core.a(wiring_digital.o)
                                                  bin/core/core.a(wiring.o)
                                                  bin/bTool/DEBUG/obj/dht11.o
                                                  bin/bTool/DEBUG/obj/bTool.o
                                                  bin/bTool/DEBUG/obj/rtos.o
                                                  bin/bTool/DEBUG/obj/main.o
                                                  bin/bTool/DEBUG/obj/gsl_systemLoad.o
__do_global_ctors                                 /Applications/Arduino.app/Contents/Resources/Java/hardware/tools/avr/bin/../lib/gcc/avr/4.3.2/avr6/libgcc.a(_ctors.o)
                                                  bin/core/core.a(HardwareSerial.o)
__epilogue_restores__                             /Applications/Arduino.app/Contents/Resources/Java/hardware/tools/avr/bin/../lib/gcc/avr/4.3.2/avr6/libgcc.a(_epilogue.o)
                                                  /Applications/Arduino.app/Contents/Resources/Java/hardware/tools/avr/bin/../lib/gcc/avr/4.3.2/../../../../avr/lib/avr6/libc.a(realloc.o)
__eqsf2                                           /Applications/Arduino.app/Contents/Resources/Java/hardware/tools/avr/bin/../lib/gcc/avr/4.3.2/../../../../avr/lib/avr6/libm.a(cmpsf2.o)
__fixsfsi                                         /Applications/Arduino.app/Contents/Resources/Java/hardware/tools/avr/bin/../lib/gcc/avr/4.3.2/../../../../avr/lib/avr6/libm.a(fixsfsi.o)
                                                  bin/core/core.a(Print.o)
__fixunssfsi                                      /Applications/Arduino.app/Contents/Resources/Java/hardware/tools/avr/bin/../lib/gcc/avr/4.3.2/../../../../avr/lib/avr6/libm.a(fixunssfsi.o)
                                                  /Applications/Arduino.app/Contents/Resources/Java/hardware/tools/avr/bin/../lib/gcc/avr/4.3.2/../../../../avr/lib/avr6/libm.a(fixsfsi.o)
                                                  bin/core/core.a(Print.o)
__floatsisf                                       /Applications/Arduino.app/Contents/Resources/Java/hardware/tools/avr/bin/../lib/gcc/avr/4.3.2/../../../../avr/lib/avr6/libm.a(floatsisf.o)
                                                  /Applications/Arduino.app/Contents/Resources/Java/hardware/tools/avr/bin/../lib/gcc/avr/4.3.2/../../../../avr/lib/avr6/libm.a(log.o)
                                                  bin/core/core.a(Print.o)
                                                  bin/bTool/DEBUG/obj/bTool.o
__floatunsisf                                     /Applications/Arduino.app/Contents/Resources/Java/hardware/tools/avr/bin/../lib/gcc/avr/4.3.2/../../../../avr/lib/avr6/libm.a(floatsisf.o)
                                                  bin/core/core.a(Print.o)
__flp                                             /Applications/Arduino.app/Contents/Resources/Java/hardware/tools/avr/bin/../lib/gcc/avr/4.3.2/../../../../avr/lib/avr6/libc.a(realloc.o)
                                                  /Applications/Arduino.app/Contents/Resources/Java/hardware/tools/avr/bin/../lib/gcc/avr/4.3.2/../../../../avr/lib/avr6/libc.a(malloc.o)
__fp_cmp                                          /Applications/Arduino.app/Contents/Resources/Java/hardware/tools/avr/bin/../lib/gcc/avr/4.3.2/../../../../avr/lib/avr6/libm.a(fp_cmp.o)
                                                  /Applications/Arduino.app/Contents/Resources/Java/hardware/tools/avr/bin/../lib/gcc/avr/4.3.2/../../../../avr/lib/avr6/libm.a(unordsf2.o)
                                                  /Applications/Arduino.app/Contents/Resources/Java/hardware/tools/avr/bin/../lib/gcc/avr/4.3.2/../../../../avr/lib/avr6/libm.a(gesf2.o)
                                                  /Applications/Arduino.app/Contents/Resources/Java/hardware/tools/avr/bin/../lib/gcc/avr/4.3.2/../../../../avr/lib/avr6/libm.a(cmpsf2.o)
__fp_inf                                          /Applications/Arduino.app/Contents/Resources/Java/hardware/tools/avr/bin/../lib/gcc/avr/4.3.2/../../../../avr/lib/avr6/libm.a(fp_inf.o)
                                                  /Applications/Arduino.app/Contents/Resources/Java/hardware/tools/avr/bin/../lib/gcc/avr/4.3.2/../../../../avr/lib/avr6/libm.a(ldexp.o)
                                                  /Applications/Arduino.app/Contents/Resources/Java/hardware/tools/avr/bin/../lib/gcc/avr/4.3.2/../../../../avr/lib/avr6/libm.a(exp.o)
                                                  /Applications/Arduino.app/Contents/Resources/Java/hardware/tools/avr/bin/../lib/gcc/avr/4.3.2/../../../../avr/lib/avr6/libm.a(mulsf3x.o)
                                                  /Applications/Arduino.app/Contents/Resources/Java/hardware/tools/avr/bin/../lib/gcc/avr/4.3.2/../../../../avr/lib/avr6/libm.a(log.o)
                                                  /Applications/Arduino.app/Contents/Resources/Java/hardware/tools/avr/bin/../lib/gcc/avr/4.3.2/../../../../avr/lib/avr6/libm.a(divsf3x.o)
                                                  /Applications/Arduino.app/Contents/Resources/Java/hardware/tools/avr/bin/../lib/gcc/avr/4.3.2/../../../../avr/lib/avr6/libm.a(addsf3x.o)
__fp_mpack                                        /Applications/Arduino.app/Contents/Resources/Java/hardware/tools/avr/bin/../lib/gcc/avr/4.3.2/../../../../avr/lib/avr6/libm.a(fp_mpack.o)
                                                  /Applications/Arduino.app/Contents/Resources/Java/hardware/tools/avr/bin/../lib/gcc/avr/4.3.2/../../../../avr/lib/avr6/libm.a(ldexp.o)
                                                  /Applications/Arduino.app/Contents/Resources/Java/hardware/tools/avr/bin/../lib/gcc/avr/4.3.2/../../../../avr/lib/avr6/libm.a(log.o)
__fp_nan                                          /Applications/Arduino.app/Contents/Resources/Java/hardware/tools/avr/bin/../lib/gcc/avr/4.3.2/../../../../avr/lib/avr6/libm.a(fp_nan.o)
                                                  /Applications/Arduino.app/Contents/Resources/Java/hardware/tools/avr/bin/../lib/gcc/avr/4.3.2/../../../../avr/lib/avr6/libm.a(exp.o)
                                                  /Applications/Arduino.app/Contents/Resources/Java/hardware/tools/avr/bin/../lib/gcc/avr/4.3.2/../../../../avr/lib/avr6/libm.a(pow.o)
                                                  /Applications/Arduino.app/Contents/Resources/Java/hardware/tools/avr/bin/../lib/gcc/avr/4.3.2/../../../../avr/lib/avr6/libm.a(mulsf3x.o)
                                                  /Applications/Arduino.app/Contents/Resources/Java/hardware/tools/avr/bin/../lib/gcc/avr/4.3.2/../../../../avr/lib/avr6/libm.a(log.o)
                                                  /Applications/Arduino.app/Contents/Resources/Java/hardware/tools/avr/bin/../lib/gcc/avr/4.3.2/../../../../avr/lib/avr6/libm.a(divsf3x.o)
                                                  /Applications/Arduino.app/Contents/Resources/Java/hardware/tools/avr/bin/../lib/gcc/avr/4.3.2/../../../../avr/lib/avr6/libm.a(addsf3x.o)
__fp_powser                                       /Applications/Arduino.app/Contents/Resources/Java/hardware/tools/avr/bin/../lib/gcc/avr/4.3.2/../../../../avr/lib/avr6/libm.a(fp_powser.o)
                                                  /Applications/Arduino.app/Contents/Resources/Java/hardware/tools/avr/bin/../lib/gcc/avr/4.3.2/../../../../avr/lib/avr6/libm.a(exp.o)
                                                  /Applications/Arduino.app/Contents/Resources/Java/hardware/tools/avr/bin/../lib/gcc/avr/4.3.2/../../../../avr/lib/avr6/libm.a(log.o)
__fp_pscA                                         /Applications/Arduino.app/Contents/Resources/Java/hardware/tools/avr/bin/../lib/gcc/avr/4.3.2/../../../../avr/lib/avr6/libm.a(fp_pscA.o)
                                                  /Applications/Arduino.app/Contents/Resources/Java/hardware/tools/avr/bin/../lib/gcc/avr/4.3.2/../../../../avr/lib/avr6/libm.a(mulsf3x.o)
                                                  /Applications/Arduino.app/Contents/Resources/Java/hardware/tools/avr/bin/../lib/gcc/avr/4.3.2/../../../../avr/lib/avr6/libm.a(divsf3x.o)
                                                  /Applications/Arduino.app/Contents/Resources/Java/hardware/tools/avr/bin/../lib/gcc/avr/4.3.2/../../../../avr/lib/avr6/libm.a(addsf3x.o)
__fp_pscB                                         /Applications/Arduino.app/Contents/Resources/Java/hardware/tools/avr/bin/../lib/gcc/avr/4.3.2/../../../../avr/lib/avr6/libm.a(fp_pscB.o)
                                                  /Applications/Arduino.app/Contents/Resources/Java/hardware/tools/avr/bin/../lib/gcc/avr/4.3.2/../../../../avr/lib/avr6/libm.a(mulsf3x.o)
                                                  /Applications/Arduino.app/Contents/Resources/Java/hardware/tools/avr/bin/../lib/gcc/avr/4.3.2/../../../../avr/lib/avr6/libm.a(divsf3x.o)
                                                  /Applications/Arduino.app/Contents/Resources/Java/hardware/tools/avr/bin/../lib/gcc/avr/4.3.2/../../../../avr/lib/avr6/libm.a(addsf3x.o)
__fp_round                                        /Applications/Arduino.app/Contents/Resources/Java/hardware/tools/avr/bin/../lib/gcc/avr/4.3.2/../../../../avr/lib/avr6/libm.a(fp_round.o)
                                                  /Applications/Arduino.app/Contents/Resources/Java/hardware/tools/avr/bin/../lib/gcc/avr/4.3.2/../../../../avr/lib/avr6/libm.a(mulsf3.o)
                                                  /Applications/Arduino.app/Contents/Resources/Java/hardware/tools/avr/bin/../lib/gcc/avr/4.3.2/../../../../avr/lib/avr6/libm.a(log.o)
                                                  /Applications/Arduino.app/Contents/Resources/Java/hardware/tools/avr/bin/../lib/gcc/avr/4.3.2/../../../../avr/lib/avr6/libm.a(divsf3.o)
                                                  /Applications/Arduino.app/Contents/Resources/Java/hardware/tools/avr/bin/../lib/gcc/avr/4.3.2/../../../../avr/lib/avr6/libm.a(addsf3.o)
__fp_split3                                       /Applications/Arduino.app/Contents/Resources/Java/hardware/tools/avr/bin/../lib/gcc/avr/4.3.2/../../../../avr/lib/avr6/libm.a(fp_split3.o)
                                                  /Applications/Arduino.app/Contents/Resources/Java/hardware/tools/avr/bin/../lib/gcc/avr/4.3.2/../../../../avr/lib/avr6/libm.a(mulsf3x.o)
                                                  /Applications/Arduino.app/Contents/Resources/Java/hardware/tools/avr/bin/../lib/gcc/avr/4.3.2/../../../../avr/lib/avr6/libm.a(divsf3x.o)
                                                  /Applications/Arduino.app/Contents/Resources/Java/hardware/tools/avr/bin/../lib/gcc/avr/4.3.2/../../../../avr/lib/avr6/libm.a(addsf3x.o)
__fp_splitA                                       /Applications/Arduino.app/Contents/Resources/Java/hardware/tools/avr/bin/../lib/gcc/avr/4.3.2/../../../../avr/lib/avr6/libm.a(fp_split3.o)
                                                  /Applications/Arduino.app/Contents/Resources/Java/hardware/tools/avr/bin/../lib/gcc/avr/4.3.2/../../../../avr/lib/avr6/libm.a(ldexp.o)
                                                  /Applications/Arduino.app/Contents/Resources/Java/hardware/tools/avr/bin/../lib/gcc/avr/4.3.2/../../../../avr/lib/avr6/libm.a(exp.o)
                                                  /Applications/Arduino.app/Contents/Resources/Java/hardware/tools/avr/bin/../lib/gcc/avr/4.3.2/../../../../avr/lib/avr6/libm.a(log.o)
                                                  /Applications/Arduino.app/Contents/Resources/Java/hardware/tools/avr/bin/../lib/gcc/avr/4.3.2/../../../../avr/lib/avr6/libm.a(fixunssfsi.o)
__fp_szero                                        /Applications/Arduino.app/Contents/Resources/Java/hardware/tools/avr/bin/../lib/gcc/avr/4.3.2/../../../../avr/lib/avr6/libm.a(fp_zero.o)
                                                  /Applications/Arduino.app/Contents/Resources/Java/hardware/tools/avr/bin/../lib/gcc/avr/4.3.2/../../../../avr/lib/avr6/libm.a(ldexp.o)
                                                  /Applications/Arduino.app/Contents/Resources/Java/hardware/tools/avr/bin/../lib/gcc/avr/4.3.2/../../../../avr/lib/avr6/libm.a(mulsf3x.o)
                                                  /Applications/Arduino.app/Contents/Resources/Java/hardware/tools/avr/bin/../lib/gcc/avr/4.3.2/../../../../avr/lib/avr6/libm.a(fixsfsi.o)
                                                  /Applications/Arduino.app/Contents/Resources/Java/hardware/tools/avr/bin/../lib/gcc/avr/4.3.2/../../../../avr/lib/avr6/libm.a(divsf3x.o)
__fp_zero                                         /Applications/Arduino.app/Contents/Resources/Java/hardware/tools/avr/bin/../lib/gcc/avr/4.3.2/../../../../avr/lib/avr6/libm.a(fp_zero.o)
                                                  /Applications/Arduino.app/Contents/Resources/Java/hardware/tools/avr/bin/../lib/gcc/avr/4.3.2/../../../../avr/lib/avr6/libm.a(exp.o)
                                                  /Applications/Arduino.app/Contents/Resources/Java/hardware/tools/avr/bin/../lib/gcc/avr/4.3.2/../../../../avr/lib/avr6/libm.a(fixunssfsi.o)
                                                  /Applications/Arduino.app/Contents/Resources/Java/hardware/tools/avr/bin/../lib/gcc/avr/4.3.2/../../../../avr/lib/avr6/libm.a(addsf3x.o)
__gesf2                                           /Applications/Arduino.app/Contents/Resources/Java/hardware/tools/avr/bin/../lib/gcc/avr/4.3.2/../../../../avr/lib/avr6/libm.a(gesf2.o)
__gtsf2                                           /Applications/Arduino.app/Contents/Resources/Java/hardware/tools/avr/bin/../lib/gcc/avr/4.3.2/../../../../avr/lib/avr6/libm.a(gesf2.o)
                                                  bin/core/core.a(Print.o)
__heap_end                                        /Applications/Arduino.app/Contents/Resources/Java/hardware/tools/avr/bin/../lib/gcc/avr/4.3.2/../../../../avr/lib/avr6/crtm2560.o
                                                  /Applications/Arduino.app/Contents/Resources/Java/hardware/tools/avr/bin/../lib/gcc/avr/4.3.2/../../../../avr/lib/avr6/libc.a(malloc.o)
__heap_start                                      /Applications/Arduino.app/Contents/Resources/Java/hardware/tools/avr/bin/../lib/gcc/avr/4.3.2/../../../../avr/lib/avr6/libc.a(malloc.o)
__init                                            /Applications/Arduino.app/Contents/Resources/Java/hardware/tools/avr/bin/../lib/gcc/avr/4.3.2/../../../../avr/lib/avr6/crtm2560.o
__lesf2                                           /Applications/Arduino.app/Contents/Resources/Java/hardware/tools/avr/bin/../lib/gcc/avr/4.3.2/../../../../avr/lib/avr6/libm.a(cmpsf2.o)
                                                  bin/core/core.a(Print.o)
__ltsf2                                           /Applications/Arduino.app/Contents/Resources/Java/hardware/tools/avr/bin/../lib/gcc/avr/4.3.2/../../../../avr/lib/avr6/libm.a(cmpsf2.o)
                                                  bin/core/core.a(Print.o)
__malloc_heap_end                                 /Applications/Arduino.app/Contents/Resources/Java/hardware/tools/avr/bin/../lib/gcc/avr/4.3.2/../../../../avr/lib/avr6/libc.a(malloc.o)
                                                  /Applications/Arduino.app/Contents/Resources/Java/hardware/tools/avr/bin/../lib/gcc/avr/4.3.2/../../../../avr/lib/avr6/libc.a(realloc.o)
__malloc_heap_start                               /Applications/Arduino.app/Contents/Resources/Java/hardware/tools/avr/bin/../lib/gcc/avr/4.3.2/../../../../avr/lib/avr6/libc.a(malloc.o)
__malloc_margin                                   /Applications/Arduino.app/Contents/Resources/Java/hardware/tools/avr/bin/../lib/gcc/avr/4.3.2/../../../../avr/lib/avr6/libc.a(malloc.o)
                                                  /Applications/Arduino.app/Contents/Resources/Java/hardware/tools/avr/bin/../lib/gcc/avr/4.3.2/../../../../avr/lib/avr6/libc.a(realloc.o)
__mulsf3                                          /Applications/Arduino.app/Contents/Resources/Java/hardware/tools/avr/bin/../lib/gcc/avr/4.3.2/../../../../avr/lib/avr6/libm.a(mulsf3.o)
                                                  /Applications/Arduino.app/Contents/Resources/Java/hardware/tools/avr/bin/../lib/gcc/avr/4.3.2/../../../../avr/lib/avr6/libm.a(pow.o)
                                                  /Applications/Arduino.app/Contents/Resources/Java/hardware/tools/avr/bin/../lib/gcc/avr/4.3.2/../../../../avr/lib/avr6/libm.a(log10.o)
                                                  bin/core/core.a(Print.o)
                                                  bin/bTool/DEBUG/obj/bTool.o
__mulsf3_pse                                      /Applications/Arduino.app/Contents/Resources/Java/hardware/tools/avr/bin/../lib/gcc/avr/4.3.2/../../../../avr/lib/avr6/libm.a(mulsf3x.o)
                                                  /Applications/Arduino.app/Contents/Resources/Java/hardware/tools/avr/bin/../lib/gcc/avr/4.3.2/../../../../avr/lib/avr6/libm.a(exp.o)
__mulsf3x                                         /Applications/Arduino.app/Contents/Resources/Java/hardware/tools/avr/bin/../lib/gcc/avr/4.3.2/../../../../avr/lib/avr6/libm.a(mulsf3x.o)
                                                  /Applications/Arduino.app/Contents/Resources/Java/hardware/tools/avr/bin/../lib/gcc/avr/4.3.2/../../../../avr/lib/avr6/libm.a(fp_powser.o)
                                                  /Applications/Arduino.app/Contents/Resources/Java/hardware/tools/avr/bin/../lib/gcc/avr/4.3.2/../../../../avr/lib/avr6/libm.a(mulsf3.o)
                                                  /Applications/Arduino.app/Contents/Resources/Java/hardware/tools/avr/bin/../lib/gcc/avr/4.3.2/../../../../avr/lib/avr6/libm.a(log.o)
__mulsi3                                          /Applications/Arduino.app/Contents/Resources/Java/hardware/tools/avr/bin/../lib/gcc/avr/4.3.2/avr6/libgcc.a(_mulsi3.o)
                                                  bin/core/core.a(Print.o)
                                                  bin/bTool/DEBUG/obj/gsl_systemLoad.o
__mulsi_const_10                                  /Applications/Arduino.app/Contents/Resources/Java/hardware/tools/avr/bin/../lib/gcc/avr/4.3.2/../../../../avr/lib/avr6/libc.a(mulsi10.o)
                                                  /Applications/Arduino.app/Contents/Resources/Java/hardware/tools/avr/bin/../lib/gcc/avr/4.3.2/../../../../avr/lib/avr6/libc.a(atol.o)
__nesf2                                           /Applications/Arduino.app/Contents/Resources/Java/hardware/tools/avr/bin/../lib/gcc/avr/4.3.2/../../../../avr/lib/avr6/libm.a(cmpsf2.o)
__prologue_saves__                                /Applications/Arduino.app/Contents/Resources/Java/hardware/tools/avr/bin/../lib/gcc/avr/4.3.2/avr6/libgcc.a(_prologue.o)
                                                  /Applications/Arduino.app/Contents/Resources/Java/hardware/tools/avr/bin/../lib/gcc/avr/4.3.2/../../../../avr/lib/avr6/libc.a(realloc.o)
__stack                                           /Applications/Arduino.app/Contents/Resources/Java/hardware/tools/avr/bin/../lib/gcc/avr/4.3.2/../../../../avr/lib/avr6/crtm2560.o
__subsf3                                          /Applications/Arduino.app/Contents/Resources/Java/hardware/tools/avr/bin/../lib/gcc/avr/4.3.2/../../../../avr/lib/avr6/libm.a(addsf3.o)
                                                  /Applications/Arduino.app/Contents/Resources/Java/hardware/tools/avr/bin/../lib/gcc/avr/4.3.2/../../../../avr/lib/avr6/libm.a(modf.o)
                                                  bin/core/core.a(Print.o)
                                                  bin/bTool/DEBUG/obj/bTool.o
__tablejump2__                                    /Applications/Arduino.app/Contents/Resources/Java/hardware/tools/avr/bin/../lib/gcc/avr/4.3.2/avr6/libgcc.a(_tablejump.o)
__tablejump__                                     /Applications/Arduino.app/Contents/Resources/Java/hardware/tools/avr/bin/../lib/gcc/avr/4.3.2/avr6/libgcc.a(_tablejump.o)
                                                  /Applications/Arduino.app/Contents/Resources/Java/hardware/tools/avr/bin/../lib/gcc/avr/4.3.2/avr6/libgcc.a(_ctors.o)
__udivmodhi4                                      /Applications/Arduino.app/Contents/Resources/Java/hardware/tools/avr/bin/../lib/gcc/avr/4.3.2/avr6/libgcc.a(_udivmodhi4.o)
                                                  /Applications/Arduino.app/Contents/Resources/Java/hardware/tools/avr/bin/../lib/gcc/avr/4.3.2/../../../../avr/lib/avr6/libc.a(utoa.o)
                                                  /Applications/Arduino.app/Contents/Resources/Java/hardware/tools/avr/bin/../lib/gcc/avr/4.3.2/../../../../avr/lib/avr6/libc.a(itoa.o)
__udivmodsi4                                      /Applications/Arduino.app/Contents/Resources/Java/hardware/tools/avr/bin/../lib/gcc/avr/4.3.2/avr6/libgcc.a(_udivmodsi4.o)
                                                  /Applications/Arduino.app/Contents/Resources/Java/hardware/tools/avr/bin/../lib/gcc/avr/4.3.2/../../../../avr/lib/avr6/libc.a(ultoa.o)
                                                  /Applications/Arduino.app/Contents/Resources/Java/hardware/tools/avr/bin/../lib/gcc/avr/4.3.2/../../../../avr/lib/avr6/libc.a(ltoa.o)
                                                  bin/core/core.a(Print.o)
                                                  bin/core/core.a(HardwareSerial.o)
                                                  bin/bTool/DEBUG/obj/gsl_systemLoad.o
__unordsf2                                        /Applications/Arduino.app/Contents/Resources/Java/hardware/tools/avr/bin/../lib/gcc/avr/4.3.2/../../../../avr/lib/avr6/libm.a(unordsf2.o)
                                                  bin/core/core.a(Print.o)
__vector_1                                        /Applications/Arduino.app/Contents/Resources/Java/hardware/tools/avr/bin/../lib/gcc/avr/4.3.2/../../../../avr/lib/avr6/crtm2560.o
__vector_10                                       /Applications/Arduino.app/Contents/Resources/Java/hardware/tools/avr/bin/../lib/gcc/avr/4.3.2/../../../../avr/lib/avr6/crtm2560.o
__vector_11                                       /Applications/Arduino.app/Contents/Resources/Java/hardware/tools/avr/bin/../lib/gcc/avr/4.3.2/../../../../avr/lib/avr6/crtm2560.o
__vector_12                                       /Applications/Arduino.app/Contents/Resources/Java/hardware/tools/avr/bin/../lib/gcc/avr/4.3.2/../../../../avr/lib/avr6/crtm2560.o
__vector_13                                       /Applications/Arduino.app/Contents/Resources/Java/hardware/tools/avr/bin/../lib/gcc/avr/4.3.2/../../../../avr/lib/avr6/crtm2560.o
__vector_14                                       /Applications/Arduino.app/Contents/Resources/Java/hardware/tools/avr/bin/../lib/gcc/avr/4.3.2/../../../../avr/lib/avr6/crtm2560.o
__vector_15                                       bin/bTool/DEBUG/obj/rtos.o
                                                  /Applications/Arduino.app/Contents/Resources/Java/hardware/tools/avr/bin/../lib/gcc/avr/4.3.2/../../../../avr/lib/avr6/crtm2560.o
__vector_16                                       /Applications/Arduino.app/Contents/Resources/Java/hardware/tools/avr/bin/../lib/gcc/avr/4.3.2/../../../../avr/lib/avr6/crtm2560.o
__vector_17                                       /Applications/Arduino.app/Contents/Resources/Java/hardware/tools/avr/bin/../lib/gcc/avr/4.3.2/../../../../avr/lib/avr6/crtm2560.o
__vector_18                                       /Applications/Arduino.app/Contents/Resources/Java/hardware/tools/avr/bin/../lib/gcc/avr/4.3.2/../../../../avr/lib/avr6/crtm2560.o
__vector_19                                       /Applications/Arduino.app/Contents/Resources/Java/hardware/tools/avr/bin/../lib/gcc/avr/4.3.2/../../../../avr/lib/avr6/crtm2560.o
__vector_2                                        /Applications/Arduino.app/Contents/Resources/Java/hardware/tools/avr/bin/../lib/gcc/avr/4.3.2/../../../../avr/lib/avr6/crtm2560.o
__vector_20                                       /Applications/Arduino.app/Contents/Resources/Java/hardware/tools/avr/bin/../lib/gcc/avr/4.3.2/../../../../avr/lib/avr6/crtm2560.o
__vector_21                                       /Applications/Arduino.app/Contents/Resources/Java/hardware/tools/avr/bin/../lib/gcc/avr/4.3.2/../../../../avr/lib/avr6/crtm2560.o
__vector_22                                       /Applications/Arduino.app/Contents/Resources/Java/hardware/tools/avr/bin/../lib/gcc/avr/4.3.2/../../../../avr/lib/avr6/crtm2560.o
__vector_23                                       bin/core/core.a(wiring.o)
                                                  /Applications/Arduino.app/Contents/Resources/Java/hardware/tools/avr/bin/../lib/gcc/avr/4.3.2/../../../../avr/lib/avr6/crtm2560.o
__vector_24                                       /Applications/Arduino.app/Contents/Resources/Java/hardware/tools/avr/bin/../lib/gcc/avr/4.3.2/../../../../avr/lib/avr6/crtm2560.o
__vector_25                                       bin/core/core.a(HardwareSerial.o)
                                                  /Applications/Arduino.app/Contents/Resources/Java/hardware/tools/avr/bin/../lib/gcc/avr/4.3.2/../../../../avr/lib/avr6/crtm2560.o
__vector_26                                       bin/core/core.a(HardwareSerial.o)
                                                  /Applications/Arduino.app/Contents/Resources/Java/hardware/tools/avr/bin/../lib/gcc/avr/4.3.2/../../../../avr/lib/avr6/crtm2560.o
__vector_27                                       /Applications/Arduino.app/Contents/Resources/Java/hardware/tools/avr/bin/../lib/gcc/avr/4.3.2/../../../../avr/lib/avr6/crtm2560.o
__vector_28                                       /Applications/Arduino.app/Contents/Resources/Java/hardware/tools/avr/bin/../lib/gcc/avr/4.3.2/../../../../avr/lib/avr6/crtm2560.o
__vector_29                                       /Applications/Arduino.app/Contents/Resources/Java/hardware/tools/avr/bin/../lib/gcc/avr/4.3.2/../../../../avr/lib/avr6/crtm2560.o
__vector_3                                        /Applications/Arduino.app/Contents/Resources/Java/hardware/tools/avr/bin/../lib/gcc/avr/4.3.2/../../../../avr/lib/avr6/crtm2560.o
__vector_30                                       /Applications/Arduino.app/Contents/Resources/Java/hardware/tools/avr/bin/../lib/gcc/avr/4.3.2/../../../../avr/lib/avr6/crtm2560.o
__vector_31                                       /Applications/Arduino.app/Contents/Resources/Java/hardware/tools/avr/bin/../lib/gcc/avr/4.3.2/../../../../avr/lib/avr6/crtm2560.o
__vector_32                                       /Applications/Arduino.app/Contents/Resources/Java/hardware/tools/avr/bin/../lib/gcc/avr/4.3.2/../../../../avr/lib/avr6/crtm2560.o
__vector_33                                       /Applications/Arduino.app/Contents/Resources/Java/hardware/tools/avr/bin/../lib/gcc/avr/4.3.2/../../../../avr/lib/avr6/crtm2560.o
__vector_34                                       /Applications/Arduino.app/Contents/Resources/Java/hardware/tools/avr/bin/../lib/gcc/avr/4.3.2/../../../../avr/lib/avr6/crtm2560.o
__vector_35                                       /Applications/Arduino.app/Contents/Resources/Java/hardware/tools/avr/bin/../lib/gcc/avr/4.3.2/../../../../avr/lib/avr6/crtm2560.o
__vector_36                                       bin/core/core.a(HardwareSerial.o)